((success true) (name kb) (context_id 4.06.1+multicore+bench) (weight 1)
 (data
  (((Time Real)
    ((success true) (mean 467618159.55555558) (stddev 3588170.2029772126)
     (mini 463764489) (maxi 473884325) (runs 9)))
   (Size
    ((success true) (mean 861493) (stddev 0) (mini 861493) (maxi 861493)
     (runs 1)))
   ((Size Code)
    ((success true) (mean 665585) (stddev 0) (mini 665585) (maxi 665585)
     (runs 1)))
   ((Size Data)
    ((success true) (mean 195908) (stddev 0) (mini 195908) (maxi 195908)
     (runs 1)))
   ((Gc Minor_words)
    ((success true) (mean 91530734) (stddev 0) (mini 91530734)
     (maxi 91530734) (runs 9)))
   ((Gc Major_words)
    ((success true) (mean 4878446) (stddev 0) (mini 4878446) (maxi 4878446)
     (runs 9)))
   ((Gc Promoted_words)
    ((success true) (mean 0.05329759510067951)
     (stddev 7.3598084000801949E-18) (mini 0.053297595100679516)
     (maxi 0.053297595100679516) (runs 9)))
   ((Gc Minor_collections)
    ((success true) (mean 345) (stddev 0) (mini 345) (maxi 345) (runs 9)))
   ((Gc Major_collections)
    ((success true) (mean 95) (stddev 0) (mini 95) (maxi 95) (runs 9)))))
 (error ()))
