((success true) (name bdd) (context_id 4.06.1+multicore+scheduling+bench)
 (weight 1)
 (data
  (((Time Real)
    ((success true) (mean 206094449.5) (stddev 849823.31165158888)
     (mini 204904575) (maxi 207611924) (runs 20)))
   (Size
    ((success true) (mean 824677) (stddev 0) (mini 824677) (maxi 824677)
     (runs 1)))
   ((Size Code)
    ((success true) (mean 638145) (stddev 0) (mini 638145) (maxi 638145)
     (runs 1)))
   ((Size Data)
    ((success true) (mean 186532) (stddev 0) (mini 186532) (maxi 186532)
     (runs 1)))
   ((Gc Minor_words)
    ((success true) (mean 78092090) (stddev 0) (mini 78092090)
     (maxi 78092090) (runs 20)))
   ((Gc Major_words)
    ((success true) (mean 583196) (stddev 0) (mini 583196) (maxi 583196)
     (runs 20)))
   ((Gc Promoted_words)
    ((success true) (mean 0.0056885915077954773)
     (stddev 1.7797887332061147E-18) (mini 0.0056885915077954756)
     (maxi 0.0056885915077954756) (runs 20)))
   ((Gc Top_heap_words)
    ((success true) (mean 573081) (stddev 0) (mini 573081) (maxi 573081)
     (runs 20)))
   ((Gc Minor_collections)
    ((success true) (mean 291) (stddev 0) (mini 291) (maxi 291) (runs 20)))
   ((Gc Major_collections)
    ((success true) (mean 5) (stddev 0) (mini 5) (maxi 5) (runs 20)))
   ((Gc Heap_words)
    ((success true) (mean 573081) (stddev 0) (mini 573081) (maxi 573081)
     (runs 20)))
   ((Gc Mean_space_overhead)
    ((success true) (mean 29.485305999999998) (stddev 3.645007325606123E-15)
     (mini 29.485306) (maxi 29.485306) (runs 20)))))
 (error ()))
