((success true) (name menhir-standard)
 (context_id 4.06.1+multicore+scheduling+bench) (weight 1)
 (data
  (((Time Real)
    ((success true) (mean 11406515.370370371) (stddev 64944.600211033765)
     (mini 11254340) (maxi 11787863) (runs 351)))
   (Size
    ((success true) (mean 3971331) (stddev 0) (mini 3971331) (maxi 3971331)
     (runs 1)))
   ((Size Code)
    ((success true) (mean 2937619) (stddev 0) (mini 2937619) (maxi 2937619)
     (runs 1)))
   ((Size Data)
    ((success true) (mean 1033712) (stddev 0) (mini 1033712) (maxi 1033712)
     (runs 1)))
   ((Gc Minor_words)
    ((success true) (mean 2585276) (stddev 0) (mini 2585276) (maxi 2585276)
     (runs 351)))
   ((Gc Major_words)
    ((success true) (mean 242338) (stddev 0) (mini 242338) (maxi 242338)
     (runs 351)))
   ((Gc Promoted_words)
    ((success true) (mean 0.041008774304948661)
     (stddev 1.7371998847693086E-16) (mini 0.041008774304948488)
     (maxi 0.041008774304948488) (runs 351)))
   ((Gc Top_heap_words)
    ((success true) (mean 323978) (stddev 0) (mini 323978) (maxi 323978)
     (runs 351)))
   ((Gc Minor_collections)
    ((success true) (mean 4) (stddev 0) (mini 4) (maxi 4) (runs 351)))
   ((Gc Major_collections)
    ((success true) (mean 1) (stddev 0) (mini 1) (maxi 1) (runs 351)))
   ((Gc Heap_words)
    ((success true) (mean 323978) (stddev 0) (mini 323978) (maxi 323978)
     (runs 351)))
   ((Gc Mean_space_overhead)
    ((success true) (mean 0) (stddev 0) (mini 0) (maxi 0) (runs 351)))))
 (error ()))
