((success true) (name menhir-standard)
 (context_id 4.06.1+multicore+cas-promotion+bench) (weight 1)
 (data
  (((Time Real)
    ((success true) (mean 14877923.583643124) (stddev 213303.97652465123)
     (mini 14546946) (maxi 17305071) (runs 269)))
   (Size
    ((success true) (mean 4222339) (stddev 0) (mini 4222339) (maxi 4222339)
     (runs 1)))
   ((Size Code)
    ((success true) (mean 3083467) (stddev 0) (mini 3083467) (maxi 3083467)
     (runs 1)))
   ((Size Data)
    ((success true) (mean 1138872) (stddev 0) (mini 1138872) (maxi 1138872)
     (runs 1)))
   ((Gc Minor_words)
    ((success true) (mean 3109559) (stddev 0) (mini 3109559) (maxi 3109559)
     (runs 269)))
   ((Gc Major_words)
    ((success true) (mean 270154) (stddev 0) (mini 270154) (maxi 270154)
     (runs 269)))
   ((Gc Promoted_words)
    ((success true) (mean 0.042710236403297) (stddev 6.2566447929808964E-17)
     (mini 0.042710236403297061) (maxi 0.042710236403297061) (runs 269)))
   ((Gc Minor_collections)
    ((success true) (mean 6) (stddev 0) (mini 6) (maxi 6) (runs 269)))
   ((Gc Major_collections)
    ((success true) (mean 1) (stddev 0) (mini 1) (maxi 1) (runs 269)))))
 (error ()))
