((success true) (name menhir-standard)
 (context_id 4.06.1+multicore+xchg-writes+bench) (weight 1)
 (data
  (((Time Real)
    ((success true) (mean 14992200.621722847) (stddev 82477.900063852474)
     (mini 14757688) (maxi 15401432) (runs 267)))
   (Size
    ((success true) (mean 4141082) (stddev 0) (mini 4141082) (maxi 4141082)
     (runs 1)))
   ((Size Code)
    ((success true) (mean 3042882) (stddev 0) (mini 3042882) (maxi 3042882)
     (runs 1)))
   ((Size Data)
    ((success true) (mean 1098200) (stddev 0) (mini 1098200) (maxi 1098200)
     (runs 1)))
   ((Gc Minor_words)
    ((success true) (mean 3109557) (stddev 0) (mini 3109557) (maxi 3109557)
     (runs 267)))
   ((Gc Major_words)
    ((success true) (mean 270152) (stddev 0) (mini 270152) (maxi 270152)
     (runs 267)))
   ((Gc Promoted_words)
    ((success true) (mean 0.042709620695166671)
     (stddev 1.2513464463706541E-16) (mini 0.042709620695166546)
     (maxi 0.042709620695166546) (runs 267)))
   ((Gc Minor_collections)
    ((success true) (mean 6) (stddev 0) (mini 6) (maxi 6) (runs 267)))
   ((Gc Major_collections)
    ((success true) (mean 1) (stddev 0) (mini 1) (maxi 1) (runs 267)))))
 (error ()))
