((success true) (name lexifi-g2pp) (context_id 4.08.0+trunk+bench) (weight 1)
 (data
  (((Time Real)
    ((success true) (mean 9723897773.5) (stddev 96902573.923068121)
     (mini 9648307657) (maxi 9856573614) (runs 4)))
   (Size
    ((success true) (mean 958465) (stddev 0) (mini 958465) (maxi 958465)
     (runs 1)))
   ((Size Code)
    ((success true) (mean 714101) (stddev 0) (mini 714101) (maxi 714101)
     (runs 1)))
   ((Size Data)
    ((success true) (mean 244364) (stddev 0) (mini 244364) (maxi 244364)
     (runs 1)))
   ((Gc Minor_words)
    ((success true) (mean 1678612885) (stddev 0) (mini 1678612885)
     (maxi 1678612885) (runs 4)))
   ((Gc Major_words)
    ((success true) (mean 278138) (stddev 0) (mini 278138) (maxi 278138)
     (runs 4)))
   ((Gc Promoted_words)
    ((success true) (mean 278138) (stddev 0) (mini 278138) (maxi 278138)
     (runs 4)))
   ((Gc Top_heap_words)
    ((success true) (mean 593408) (stddev 0) (mini 593408) (maxi 593408)
     (runs 4)))
   ((Gc Minor_collections)
    ((success true) (mean 6409) (stddev 0) (mini 6409) (maxi 6409) (runs 4)))
   ((Gc Major_collections)
    ((success true) (mean 10) (stddev 0) (mini 10) (maxi 10) (runs 4)))
   ((Gc Compactions)
    ((success true) (mean 2) (stddev 0) (mini 2) (maxi 2) (runs 4)))
   ((Gc Heap_words)
    ((success true) (mean 163328) (stddev 0) (mini 163328) (maxi 163328)
     (runs 4)))
   ((Gc Heap_chunks)
    ((success true) (mean 2) (stddev 0) (mini 2) (maxi 2) (runs 4)))))
 (error ()))
