((success true) (name setrip-smallbuf) (context_id 4.06.1+multicore+bench)
 (weight 1)
 (data
  (((Time Real)
    ((success true) (mean 973045582.8) (stddev 11448163.398547372)
     (mini 956425907) (maxi 981907376) (runs 5)))
   (Size
    ((success true) (mean 1368581) (stddev 0) (mini 1368581) (maxi 1368581)
     (runs 1)))
   ((Size Code)
    ((success true) (mean 1068285) (stddev 0) (mini 1068285) (maxi 1068285)
     (runs 1)))
   ((Size Data)
    ((success true) (mean 300296) (stddev 0) (mini 300296) (maxi 300296)
     (runs 1)))
   ((Gc Minor_words)
    ((success true) (mean 170562989) (stddev 0) (mini 170562989)
     (maxi 170562989) (runs 5)))
   ((Gc Major_words)
    ((success true) (mean 13259) (stddev 0) (mini 13259) (maxi 13259)
     (runs 5)))
   ((Gc Promoted_words)
    ((success true) (mean 2.9197424536222215E-05) (stddev 0)
     (mini 2.9197424536222215E-05) (maxi 2.9197424536222215E-05) (runs 5)))
   ((Gc Top_heap_words)
    ((success true) (mean 65539) (stddev 0) (mini 65539) (maxi 65539)
     (runs 5)))
   ((Gc Minor_collections)
    ((success true) (mean 643) (stddev 0) (mini 643) (maxi 643) (runs 5)))
   ((Gc Major_collections)
    ((success true) (mean 13) (stddev 0) (mini 13) (maxi 13) (runs 5)))
   ((Gc Heap_words)
    ((success true) (mean 65539) (stddev 0) (mini 65539) (maxi 65539)
     (runs 5)))
   ((Gc Mean_space_overhead)
    ((success true) (mean 623.817286) (stddev 0) (mini 623.817286)
     (maxi 623.817286) (runs 5)))))
 (error ()))
