((success true) (name lexifi-g2pp) (context_id 4.06.1+trunk+bench) (weight 1)
 (data
  (((Time Real)
    ((success true) (mean 9655480846.5) (stddev 1021487.1632088678)
     (mini 9654758546) (maxi 9656203147) (runs 2)))
   (Size
    ((success true) (mean 902335) (stddev 0) (mini 902335) (maxi 902335)
     (runs 1)))
   ((Size Code)
    ((success true) (mean 664427) (stddev 0) (mini 664427) (maxi 664427)
     (runs 1)))
   ((Size Data)
    ((success true) (mean 237908) (stddev 0) (mini 237908) (maxi 237908)
     (runs 1)))
   ((Gc Minor_words)
    ((success true) (mean 1678613459) (stddev 0) (mini 1678613459)
     (maxi 1678613459) (runs 2)))
   ((Gc Major_words)
    ((success true) (mean 278186) (stddev 0) (mini 278186) (maxi 278186)
     (runs 2)))
   ((Gc Promoted_words)
    ((success true) (mean 0.00016572368016501171) (stddev 0)
     (mini 0.00016572368016501171) (maxi 0.00016572368016501171) (runs 2)))
   ((Gc Top_heap_words)
    ((success true) (mean 593408) (stddev 0) (mini 593408) (maxi 593408)
     (runs 2)))
   ((Gc Minor_collections)
    ((success true) (mean 6409) (stddev 0) (mini 6409) (maxi 6409) (runs 2)))
   ((Gc Major_collections)
    ((success true) (mean 11) (stddev 0) (mini 11) (maxi 11) (runs 2)))
   ((Gc Compactions)
    ((success true) (mean 2) (stddev 0) (mini 2) (maxi 2) (runs 2)))
   ((Gc Heap_words)
    ((success true) (mean 163328) (stddev 0) (mini 163328) (maxi 163328)
     (runs 2)))
   ((Gc Heap_chunks)
    ((success true) (mean 2) (stddev 0) (mini 2) (maxi 2) (runs 2)))))
 (error ()))
