((success true) (name lexifi-g2pp)
 (context_id 4.06.1+multicore+scheduling+bench) (weight 1)
 (data
  (((Time Real)
    ((success true) (mean 9837294780.666666) (stddev 23171552.45530032)
     (mini 9813629050) (maxi 9859938323) (runs 3)))
   (Size
    ((success true) (mean 1001216) (stddev 0) (mini 1001216) (maxi 1001216)
     (runs 1)))
   ((Size Code)
    ((success true) (mean 767868) (stddev 0) (mini 767868) (maxi 767868)
     (runs 1)))
   ((Size Data)
    ((success true) (mean 233348) (stddev 0) (mini 233348) (maxi 233348)
     (runs 1)))
   ((Gc Minor_words)
    ((success true) (mean 1586223959) (stddev 0) (mini 1586223959)
     (maxi 1586223959) (runs 3)))
   ((Gc Major_words)
    ((success true) (mean 266822) (stddev 0) (mini 266822) (maxi 266822)
     (runs 3)))
   ((Gc Promoted_words)
    ((success true) (mean 0.00016816288676421386) (stddev 0)
     (mini 0.00016816288676421386) (maxi 0.00016816288676421386) (runs 3)))
   ((Gc Top_heap_words)
    ((success true) (mean 148451) (stddev 0) (mini 148451) (maxi 148451)
     (runs 3)))
   ((Gc Minor_collections)
    ((success true) (mean 6049) (stddev 0) (mini 6049) (maxi 6049) (runs 3)))
   ((Gc Major_collections)
    ((success true) (mean 17) (stddev 0) (mini 17) (maxi 17) (runs 3)))
   ((Gc Heap_words)
    ((success true) (mean 140259) (stddev 0) (mini 140259) (maxi 140259)
     (runs 3)))
   ((Gc Mean_space_overhead)
    ((success true) (mean 100.418256) (stddev 0) (mini 100.418256)
     (maxi 100.418256) (runs 3)))))
 (error ()))
