((success true) (name cpdf-squeeze)
 (context_id 4.08.0+optim_local_tailcalls+bench) (weight 1)
 (data
  (((Time Real)
    ((success true) (mean 9346196747.666666) (stddev 22483927.787281882)
     (mini 9328054222) (maxi 9371351032) (runs 3)))
   (Size
    ((success true) (mean 4970687) (stddev 0) (mini 4970687) (maxi 4970687)
     (runs 1)))
   ((Size Code)
    ((success true) (mean 3169975) (stddev 0) (mini 3169975) (maxi 3169975)
     (runs 1)))
   ((Size Data)
    ((success true) (mean 1800712) (stddev 0) (mini 1800712) (maxi 1800712)
     (runs 1)))
   ((Gc Minor_words)
    ((success true) (mean 403616605) (stddev 0) (mini 403616605)
     (maxi 403616605) (runs 3)))
   ((Gc Major_words)
    ((success true) (mean 138608340) (stddev 0) (mini 138608340)
     (maxi 138608340) (runs 3)))
   ((Gc Promoted_words)
    ((success true) (mean 122937711) (stddev 0) (mini 122937711)
     (maxi 122937711) (runs 3)))
   ((Gc Top_heap_words)
    ((success true) (mean 45316096) (stddev 0) (mini 45316096)
     (maxi 45316096) (runs 3)))
   ((Gc Minor_collections)
    ((success true) (mean 1563) (stddev 0) (mini 1563) (maxi 1563) (runs 3)))
   ((Gc Major_collections)
    ((success true) (mean 35) (stddev 0) (mini 35) (maxi 35) (runs 3)))
   ((Gc Compactions)
    ((success true) (mean 1) (stddev 0) (mini 1) (maxi 1) (runs 3)))
   ((Gc Heap_words)
    ((success true) (mean 45316096) (stddev 0) (mini 45316096)
     (maxi 45316096) (runs 3)))
   ((Gc Heap_chunks)
    ((success true) (mean 32) (stddev 0) (mini 32) (maxi 32) (runs 3)))))
 (error ()))
