((success true) (name numal-naive-multilayer)
 (context_id 4.06.1+scheduling+bench) (weight 1)
 (data
  (((Time Real)
    ((success true) (mean 2298667784.5) (stddev 2148581.4312947276)
     (mini 2297148508) (maxi 2300187061) (runs 2)))
   (Size
    ((success true) (mean 1074920) (stddev 0) (mini 1074920) (maxi 1074920)
     (runs 1)))
   ((Size Code)
    ((success true) (mean 733420) (stddev 0) (mini 733420) (maxi 733420)
     (runs 1)))
   ((Size Data)
    ((success true) (mean 341500) (stddev 0) (mini 341500) (maxi 341500)
     (runs 1)))
   ((Gc Minor_words)
    ((success true) (mean 2170639393) (stddev 0) (mini 2170639393)
     (maxi 2170639393) (runs 2)))
   ((Gc Major_words)
    ((success true) (mean 1284119) (stddev 0) (mini 1284119) (maxi 1284119)
     (runs 2)))
   ((Gc Promoted_words)
    ((success true) (mean 1283767) (stddev 0) (mini 1283767) (maxi 1283767)
     (runs 2)))
   ((Gc Top_heap_words)
    ((success true) (mean 565248) (stddev 0) (mini 565248) (maxi 565248)
     (runs 2)))
   ((Gc Minor_collections)
    ((success true) (mean 8352) (stddev 0) (mini 8352) (maxi 8352) (runs 2)))
   ((Gc Major_collections)
    ((success true) (mean 143) (stddev 0) (mini 143) (maxi 143) (runs 2)))
   ((Gc Compactions)
    ((success true) (mean 2) (stddev 0) (mini 2) (maxi 2) (runs 2)))
   ((Gc Heap_words)
    ((success true) (mean 73728) (stddev 0) (mini 73728) (maxi 73728)
     (runs 2)))
   ((Gc Heap_chunks)
    ((success true) (mean 1) (stddev 0) (mini 1) (maxi 1) (runs 2)))))
 (error ()))
