((success true) (name menhir-list-errors) (context_id 4.06.1+trunk+bench)
 (weight 1)
 (data
  (((Time Real)
    ((success true) (mean 118669162132.33333) (stddev 212937184.98503733)
     (mini 118431201570) (maxi 118841745798) (runs 3)))
   (Size
    ((success true) (mean 3274517) (stddev 0) (mini 3274517) (maxi 3274517)
     (runs 1)))
   ((Size Code)
    ((success true) (mean 2371205) (stddev 0) (mini 2371205) (maxi 2371205)
     (runs 1)))
   ((Size Data)
    ((success true) (mean 903312) (stddev 0) (mini 903312) (maxi 903312)
     (runs 1)))
   ((Gc Minor_words)
    ((success true) (mean 2535402363) (stddev 0) (mini 2535402363)
     (maxi 2535402363) (runs 3)))
   ((Gc Major_words)
    ((success true) (mean 1151389119) (stddev 0) (mini 1151389119)
     (maxi 1151389119) (runs 3)))
   ((Gc Promoted_words)
    ((success true) (mean 431254687) (stddev 0) (mini 431254687)
     (maxi 431254687) (runs 3)))
   ((Gc Top_heap_words)
    ((success true) (mean 616220160) (stddev 0) (mini 616220160)
     (maxi 616220160) (runs 3)))
   ((Gc Minor_collections)
    ((success true) (mean 9739) (stddev 0) (mini 9739) (maxi 9739) (runs 3)))
   ((Gc Major_collections)
    ((success true) (mean 31) (stddev 0) (mini 31) (maxi 31) (runs 3)))
   ((Gc Compactions)
    ((success true) (mean 0) (stddev 0) (mini 0) (maxi 0) (runs 3)))
   ((Gc Heap_words)
    ((success true) (mean 616220160) (stddev 0) (mini 616220160)
     (maxi 616220160) (runs 3)))
   ((Gc Heap_chunks)
    ((success true) (mean 43) (stddev 0) (mini 43) (maxi 43) (runs 3)))))
 (error ()))
