((success false) (name frama-c-idct) (context_id 4.06.1+trunk+bench)
 (weight 1)
 (data
  (((Time Real)
    ((success false) (mean 180794229) (stddev -NAN) (mini 180794229)
     (maxi 180794229) (runs 1)))
   (Size
    ((success true) (mean 14161081) (stddev 0) (mini 14161081)
     (maxi 14161081) (runs 1)))
   ((Size Code)
    ((success true) (mean 10199177) (stddev 0) (mini 10199177)
     (maxi 10199177) (runs 1)))
   ((Size Data)
    ((success true) (mean 3961904) (stddev 0) (mini 3961904) (maxi 3961904)
     (runs 1)))
   ((Gc Minor_words)
    ((success false) (mean 23799679) (stddev -NAN) (mini 23799679)
     (maxi 23799679) (runs 1)))
   ((Gc Major_words)
    ((success false) (mean 2650537) (stddev -NAN) (mini 2650537)
     (maxi 2650537) (runs 1)))
   ((Gc Promoted_words)
    ((success false) (mean 0.094673125633333119) (stddev -NAN)
     (mini 0.094673125633333119) (maxi 0.094673125633333119) (runs 1)))
   ((Gc Top_heap_words)
    ((success false) (mean 4685824) (stddev -NAN) (mini 4685824)
     (maxi 4685824) (runs 1)))
   ((Gc Minor_collections)
    ((success false) (mean 93) (stddev -NAN) (mini 93) (maxi 93) (runs 1)))
   ((Gc Major_collections)
    ((success false) (mean 5) (stddev -NAN) (mini 5) (maxi 5) (runs 1)))
   ((Gc Compactions)
    ((success false) (mean 0) (stddev -NAN) (mini 0) (maxi 0) (runs 1)))
   ((Gc Heap_words)
    ((success false) (mean 4685824) (stddev -NAN) (mini 4685824)
     (maxi 4685824) (runs 1)))
   ((Gc Heap_chunks)
    ((success false) (mean 2) (stddev -NAN) (mini 2) (maxi 2) (runs 1)))))
 (error
  (( "[kernel] Parsing FRAMAC_SHARE/libc/__fc_builtin_for_normalization.i (no preprocessing)\
    \n[kernel] Parsing /root/.opam/4.06.1+trunk+bench/share/frama-c-bench/idct/idct.c (with preprocessing)\
    \n/root/.opam/4.06.1+trunk+bench/share/frama-c-bench/idct/idct.c:91:[kernel] warning: Floating-point constant 3.14159265358979323846 is not represented exactly. Will use 0x1.921fb54442d18p1. See documentation for option -warn-decimal-float\
    \n[kernel] Parsing /root/.opam/4.06.1+trunk+bench/share/frama-c-bench/idct/ieee_1180_1990.c (with preprocessing)\
    \n[kernel] Parsing /root/.opam/4.06.1+trunk+bench/share/frama-c-bench/idct/idct.c (with preprocessing)\
    \n[kernel] Parsing /root/.opam/4.06.1+trunk+bench/share/frama-c-bench/math.c (with preprocessing)\
    \n/root/.opam/4.06.1+trunk+bench/share/frama-c-bench/idct/idct.c:66:[kernel] warning: dropping duplicate def'n of func idct at /root/.opam/4.06.1+trunk+bench/share/frama-c-bench/idct/idct.c:66 in favor of that at /root/.opam/4.06.1+trunk+bench/share/frama-c-bench/idct/idct.c:66\
    \n[value] user error: option '-val-builtin cos:Frama_C_cos_precise': undeclared builtin 'Frama_C_cos_precise'\
    \n                    declared builtins: Frama_C_assert, Frama_C_atan2, Frama_C_calloc_by_stack,\
    \n                                       Frama_C_calloc_fresh, Frama_C_calloc_fresh_weak,\
    \n                                       Frama_C_ceil, Frama_C_ceilf, Frama_C_check_leak,\
    \n                                       Frama_C_cos, Frama_C_exp, Frama_C_expf, Frama_C_floor,\
    \n                                       Frama_C_floorf, Frama_C_fmod, Frama_C_free,\
    \n                                       Frama_C_load_state, Frama_C_log, Frama_C_log10,\
    \n                                       Frama_C_log10f, Frama_C_logf, Frama_C_malloc_by_stack,\
    \n                                       Frama_C_malloc_fresh, Frama_C_malloc_fresh_weak,\
    \n                                       Frama_C_memchr, Frama_C_pow, Frama_C_powf,\
    \n                                       Frama_C_rawmemchr, Frama_C_realloc,\
    \n                                       Frama_C_realloc_multiple, Frama_C_round, Frama_C_roundf,\
    \n                                       Frama_C_sin, Frama_C_sqrt, Frama_C_sqrtf, Frama_C_strchr,\
    \n                                       Frama_C_strlen, Frama_C_strnlen, Frama_C_trunc,\
    \n                                       Frama_C_truncf, Frama_C_vla_alloc_by_stack,\
    \n                                       Frama_C_vla_free\
    \n[kernel] Plug-in value aborted: invalid user input.\
    \n"
     "allocated_words: 24197026\
    \nminor_words: 23799679\
    \npromoted_words: 2253190\
    \nmajor_words: 2650537\
    \nminor_collections: 93\
    \nmajor_collections: 5\
    \nheap_words: 4685824\
    \nheap_chunks: 2\
    \ntop_heap_words: 4685824\
    \ncompactions: 0\
    \n"))))
