((success true) (name cpdf-reformat) (context_id 4.06.1+scheduling+bench)
 (weight 1)
 (data
  (((Time Real)
    ((success true) (mean 6520455400) (stddev 2694322.9094805988)
     (mini 6518550226) (maxi 6522360574) (runs 2)))
   (Size
    ((success true) (mean 4915026) (stddev 0) (mini 4915026) (maxi 4915026)
     (runs 1)))
   ((Size Code)
    ((success true) (mean 3124170) (stddev 0) (mini 3124170) (maxi 3124170)
     (runs 1)))
   ((Size Data)
    ((success true) (mean 1790856) (stddev 0) (mini 1790856) (maxi 1790856)
     (runs 1)))
   ((Gc Minor_words)
    ((success true) (mean 448744298) (stddev 0) (mini 448744298)
     (maxi 448744298) (runs 2)))
   ((Gc Major_words)
    ((success true) (mean 76049963) (stddev 0) (mini 76049963)
     (maxi 76049963) (runs 2)))
   ((Gc Promoted_words)
    ((success true) (mean 65460559) (stddev 0) (mini 65460559)
     (maxi 65460559) (runs 2)))
   ((Gc Top_heap_words)
    ((success true) (mean 32645632) (stddev 0) (mini 32645632)
     (maxi 32645632) (runs 2)))
   ((Gc Minor_collections)
    ((success true) (mean 1726) (stddev 0) (mini 1726) (maxi 1726) (runs 2)))
   ((Gc Major_collections)
    ((success true) (mean 25) (stddev 0) (mini 25) (maxi 25) (runs 2)))
   ((Gc Compactions)
    ((success true) (mean 0) (stddev 0) (mini 0) (maxi 0) (runs 2)))
   ((Gc Heap_words)
    ((success true) (mean 32645632) (stddev 0) (mini 32645632)
     (maxi 32645632) (runs 2)))
   ((Gc Heap_chunks)
    ((success true) (mean 31) (stddev 0) (mini 31) (maxi 31) (runs 2)))))
 (error ()))
