((success true) (name sequence) (context_id 4.06.1+multicore+bench)
 (weight 1)
 (data
  (((Time Real)
    ((success true) (mean 1417083292.5714285) (stddev 47208441.148901559)
     (mini 1362790721) (maxi 1489338215) (runs 7)))
   (Size
    ((success true) (mean 1053013) (stddev 0) (mini 1053013) (maxi 1053013)
     (runs 1)))
   ((Size Code)
    ((success true) (mean 769385) (stddev 0) (mini 769385) (maxi 769385)
     (runs 1)))
   ((Size Data)
    ((success true) (mean 283628) (stddev 0) (mini 283628) (maxi 283628)
     (runs 1)))
   ((Gc Minor_words)
    ((success true) (mean 752030055) (stddev 0) (mini 752030055)
     (maxi 752030055) (runs 7)))
   ((Gc Major_words)
    ((success true) (mean 37421) (stddev 0) (mini 37421) (maxi 37421)
     (runs 7)))
   ((Gc Promoted_words)
    ((success true) (mean 4.9656260081254317E-05)
     (stddev 1.4638402384435475E-20) (mini 4.9656260081254331E-05)
     (maxi 4.9656260081254331E-05) (runs 7)))
   ((Gc Minor_collections)
    ((success true) (mean 2862) (stddev 0) (mini 2862) (maxi 2862) (runs 7)))
   ((Gc Major_collections)
    ((success true) (mean 306) (stddev 0) (mini 306) (maxi 306) (runs 7)))))
 (error ()))
