((success true) (name sequence-cps) (context_id 4.08.0+trunk+flambda+bench)
 (weight 1)
 (data
  (((Time Real)
    ((success true) (mean 892315310.4) (stddev 6403422.52562958)
     (mini 886392575) (maxi 903286770) (runs 5)))
   (Size
    ((success true) (mean 952500) (stddev 0) (mini 952500) (maxi 952500)
     (runs 1)))
   ((Size Code)
    ((success true) (mean 742584) (stddev 0) (mini 742584) (maxi 742584)
     (runs 1)))
   ((Size Data)
    ((success true) (mean 209916) (stddev 0) (mini 209916) (maxi 209916)
     (runs 1)))
   ((Gc Minor_words)
    ((success true) (mean 1501095793) (stddev 0) (mini 1501095793)
     (maxi 1501095793) (runs 5)))
   ((Gc Major_words)
    ((success true) (mean 262082) (stddev 0) (mini 262082) (maxi 262082)
     (runs 5)))
   ((Gc Promoted_words)
    ((success true) (mean 262082) (stddev 0) (mini 262082) (maxi 262082)
     (runs 5)))
   ((Gc Top_heap_words)
    ((success true) (mean 565248) (stddev 0) (mini 565248) (maxi 565248)
     (runs 5)))
   ((Gc Minor_collections)
    ((success true) (mean 6305) (stddev 0) (mini 6305) (maxi 6305) (runs 5)))
   ((Gc Major_collections)
    ((success true) (mean 1158) (stddev 0) (mini 1158) (maxi 1158) (runs 5)))
   ((Gc Compactions)
    ((success true) (mean 2) (stddev 0) (mini 2) (maxi 2) (runs 5)))
   ((Gc Heap_words)
    ((success true) (mean 73728) (stddev 0) (mini 73728) (maxi 73728)
     (runs 5)))
   ((Gc Heap_chunks)
    ((success true) (mean 1) (stddev 0) (mini 1) (maxi 1) (runs 5)))))
 (error ()))
