((success true) (name sequence-cps)
 (context_id 4.06.1+multicore+cas-promotion+bench) (weight 1)
 (data
  (((Time Real)
    ((success true) (mean 1239646449.75) (stddev 1269765.1984476959)
     (mini 1238040612) (maxi 1240769109) (runs 4)))
   (Size
    ((success true) (mean 855825) (stddev 0) (mini 855825) (maxi 855825)
     (runs 1)))
   ((Size Code)
    ((success true) (mean 611045) (stddev 0) (mini 611045) (maxi 611045)
     (runs 1)))
   ((Size Data)
    ((success true) (mean 244780) (stddev 0) (mini 244780) (maxi 244780)
     (runs 1)))
   ((Gc Minor_words)
    ((success true) (mean 1502506087) (stddev 0) (mini 1502506087)
     (maxi 1502506087) (runs 4)))
   ((Gc Major_words)
    ((success true) (mean 201428) (stddev 0) (mini 201428) (maxi 201428)
     (runs 4)))
   ((Gc Promoted_words)
    ((success true) (mean 0.00013400944045559798) (stddev 0)
     (mini 0.00013400944045559798) (maxi 0.00013400944045559798) (runs 4)))
   ((Gc Minor_collections)
    ((success true) (mean 5726) (stddev 0) (mini 5726) (maxi 5726) (runs 4)))
   ((Gc Major_collections)
    ((success true) (mean 1343) (stddev 0) (mini 1343) (maxi 1343) (runs 4)))))
 (error ()))
