((success true) (name sequence-cps) (context_id 4.06.1+multicore+bench)
 (weight 1)
 (data
  (((Time Real)
    ((success true) (mean 1117806397.8571429) (stddev 32174471.275143612)
     (mini 1089506381) (maxi 1175755630) (runs 7)))
   (Size
    ((success true) (mean 766168) (stddev 0) (mini 766168) (maxi 766168)
     (runs 1)))
   ((Size Code)
    ((success true) (mean 591136) (stddev 0) (mini 591136) (maxi 591136)
     (runs 1)))
   ((Size Data)
    ((success true) (mean 175032) (stddev 0) (mini 175032) (maxi 175032)
     (runs 1)))
   ((Gc Minor_words)
    ((success true) (mean 1502243945) (stddev 0) (mini 1502243945)
     (maxi 1502243945) (runs 7)))
   ((Gc Major_words)
    ((success true) (mean 201397) (stddev 0) (mini 201397) (maxi 201397)
     (runs 7)))
   ((Gc Promoted_words)
    ((success true) (mean 201319) (stddev 0) (mini 201319) (maxi 201319)
     (runs 7)))
   ((Gc Top_heap_words)
    ((success true) (mean 32768) (stddev 0) (mini 32768) (maxi 32768)
     (runs 7)))
   ((Gc Minor_collections)
    ((success true) (mean 5725) (stddev 0) (mini 5725) (maxi 5725) (runs 7)))
   ((Gc Major_collections)
    ((success true) (mean 961) (stddev 0) (mini 961) (maxi 961) (runs 7)))
   ((Gc Heap_words)
    ((success true) (mean 32768) (stddev 0) (mini 32768) (maxi 32768)
     (runs 7)))
   ((Gc Mean_space_overhead)
    ((success true) (mean 7915.3200310000011) (stddev 9.82366554794356E-13)
     (mini 7915.320031) (maxi 7915.320031) (runs 7)))))
 (error ()))
