((success true) (name lexifi-g2pp)
 (context_id 4.08.0+optim_local_tailcalls+flambda+bench) (weight 1)
 (data
  (((Time Real)
    ((success true) (mean 9548761707) (stddev 13224940.147576131)
     (mini 9535483918) (maxi 9561933157) (runs 3)))
   (Size
    ((success true) (mean 1259527) (stddev 0) (mini 1259527) (maxi 1259527)
     (runs 1)))
   ((Size Code)
    ((success true) (mean 990923) (stddev 0) (mini 990923) (maxi 990923)
     (runs 1)))
   ((Size Data)
    ((success true) (mean 268604) (stddev 0) (mini 268604) (maxi 268604)
     (runs 1)))
   ((Gc Minor_words)
    ((success true) (mean 1618343020) (stddev 0) (mini 1618343020)
     (maxi 1618343020) (runs 3)))
   ((Gc Major_words)
    ((success true) (mean 150396) (stddev 0) (mini 150396) (maxi 150396)
     (runs 3)))
   ((Gc Promoted_words)
    ((success true) (mean 150396) (stddev 0) (mini 150396) (maxi 150396)
     (runs 3)))
   ((Gc Top_heap_words)
    ((success true) (mean 593408) (stddev 0) (mini 593408) (maxi 593408)
     (runs 3)))
   ((Gc Minor_collections)
    ((success true) (mean 6176) (stddev 0) (mini 6176) (maxi 6176) (runs 3)))
   ((Gc Major_collections)
    ((success true) (mean 5) (stddev 0) (mini 5) (maxi 5) (runs 3)))
   ((Gc Compactions)
    ((success true) (mean 2) (stddev 0) (mini 2) (maxi 2) (runs 3)))
   ((Gc Heap_words)
    ((success true) (mean 101888) (stddev 0) (mini 101888) (maxi 101888)
     (runs 3)))
   ((Gc Heap_chunks)
    ((success true) (mean 1) (stddev 0) (mini 1) (maxi 1) (runs 3)))))
 (error ()))
