((success true) (name kb) (context_id 4.06.1+multicore+bench) (weight 1)
 (data
  (((Time Real)
    ((success true) (mean 467154830.77777779) (stddev 4314528.0835558884)
     (mini 464948687) (maxi 478558338) (runs 9)))
   (Size
    ((success true) (mean 861805) (stddev 0) (mini 861805) (maxi 861805)
     (runs 1)))
   ((Size Code)
    ((success true) (mean 665897) (stddev 0) (mini 665897) (maxi 665897)
     (runs 1)))
   ((Size Data)
    ((success true) (mean 195908) (stddev 0) (mini 195908) (maxi 195908)
     (runs 1)))
   ((Gc Minor_words)
    ((success true) (mean 91530734) (stddev 0) (mini 91530734)
     (maxi 91530734) (runs 9)))
   ((Gc Major_words)
    ((success true) (mean 4878446) (stddev 0) (mini 4878446) (maxi 4878446)
     (runs 9)))
   ((Gc Promoted_words)
    ((success true) (mean 0.05329759510067951)
     (stddev 7.3598084000801949E-18) (mini 0.053297595100679516)
     (maxi 0.053297595100679516) (runs 9)))
   ((Gc Minor_collections)
    ((success true) (mean 345) (stddev 0) (mini 345) (maxi 345) (runs 9)))
   ((Gc Major_collections)
    ((success true) (mean 95) (stddev 0) (mini 95) (maxi 95) (runs 9)))))
 (error ()))
