((success true) (name kb-no-exc) (context_id 4.06.1+multicore+bench)
 (weight 1)
 (data
  (((Time Real)
    ((success true) (mean 348926745.33333331) (stddev 2559375.6090314947)
     (mini 347081121) (maxi 356135749) (runs 12)))
   (Size
    ((success true) (mean 890492) (stddev 0) (mini 890492) (maxi 890492)
     (runs 1)))
   ((Size Code)
    ((success true) (mean 685616) (stddev 0) (mini 685616) (maxi 685616)
     (runs 1)))
   ((Size Data)
    ((success true) (mean 204876) (stddev 0) (mini 204876) (maxi 204876)
     (runs 1)))
   ((Gc Minor_words)
    ((success true) (mean 37609470) (stddev 0) (mini 37609470)
     (maxi 37609470) (runs 12)))
   ((Gc Major_words)
    ((success true) (mean 4644408) (stddev 0) (mini 4644408) (maxi 4644408)
     (runs 12)))
   ((Gc Promoted_words)
    ((success true) (mean 0.12348831291693287)
     (stddev 2.8989753257218837E-17) (mini 0.12348831291693289)
     (maxi 0.12348831291693289) (runs 12)))
   ((Gc Minor_collections)
    ((success true) (mean 143) (stddev 0) (mini 143) (maxi 143) (runs 12)))
   ((Gc Major_collections)
    ((success true) (mean 123) (stddev 0) (mini 123) (maxi 123) (runs 12)))))
 (error ()))
