((success true) (name menhir-fancy) (context_id 4.06.1+multicore-lazy+bench)
 (weight 1)
 (data
  (((Time Real)
    ((success true) (mean 15239440.174904943) (stddev 1048497.2455317635)
     (mini 14982442) (maxi 30928967) (runs 263)))
   (Size
    ((success true) (mean 4100394) (stddev 0) (mini 4100394) (maxi 4100394)
     (runs 1)))
   ((Size Code)
    ((success true) (mean 3021058) (stddev 0) (mini 3021058) (maxi 3021058)
     (runs 1)))
   ((Size Data)
    ((success true) (mean 1079336) (stddev 0) (mini 1079336) (maxi 1079336)
     (runs 1)))
   ((Gc Minor_words)
    ((success true) (mean 1326374) (stddev 0) (mini 1326374) (maxi 1326374)
     (runs 263)))
   ((Gc Major_words)
    ((success true) (mean 274624) (stddev 0) (mini 274624) (maxi 274624)
     (runs 263)))
   ((Gc Promoted_words)
    ((success true) (mean 143172) (stddev 0) (mini 143172) (maxi 143172)
     (runs 263)))
   ((Gc Top_heap_words)
    ((success true) (mean 358034) (stddev 0) (mini 358034) (maxi 358034)
     (runs 263)))
   ((Gc Minor_collections)
    ((success true) (mean 5) (stddev 0) (mini 5) (maxi 5) (runs 263)))
   ((Gc Major_collections)
    ((success true) (mean 1) (stddev 0) (mini 1) (maxi 1) (runs 263)))
   ((Gc Heap_words)
    ((success true) (mean 358034) (stddev 0) (mini 358034) (maxi 358034)
     (runs 263)))
   ((Gc Mean_space_overhead)
    ((success true) (mean 0) (stddev 0) (mini 0) (maxi 0) (runs 263)))))
 (error ()))
