((success true) (name numal-simple_access)
 (context_id 4.06.1+multicore-lazy+bench) (weight 1)
 (data
  (((Time Real)
    ((success true) (mean 2170938348) (stddev 9730836.8344339747)
     (mini 2160360116) (maxi 2179508461) (runs 3)))
   (Size
    ((success true) (mean 424523) (stddev 0) (mini 424523) (maxi 424523)
     (runs 1)))
   ((Size Code)
    ((success true) (mean 331855) (stddev 0) (mini 331855) (maxi 331855)
     (runs 1)))
   ((Size Data)
    ((success true) (mean 92668) (stddev 0) (mini 92668) (maxi 92668)
     (runs 1)))
   ((Gc Minor_words)
    ((success true) (mean 227632419) (stddev 0) (mini 227632419)
     (maxi 227632419) (runs 3)))
   ((Gc Major_words)
    ((success true) (mean 208961135) (stddev 0) (mini 208961135)
     (maxi 208961135) (runs 3)))
   ((Gc Promoted_words)
    ((success true) (mean 188961056) (stddev 0) (mini 188961056)
     (maxi 188961056) (runs 3)))
   ((Gc Top_heap_words)
    ((success true) (mean 209263875) (stddev 0) (mini 209263875)
     (maxi 209263875) (runs 3)))
   ((Gc Minor_collections)
    ((success true) (mean 866) (stddev 0) (mini 866) (maxi 866) (runs 3)))
   ((Gc Major_collections)
    ((success true) (mean 5) (stddev 0) (mini 5) (maxi 5) (runs 3)))
   ((Gc Heap_words)
    ((success true) (mean 209263875) (stddev 0) (mini 209263875)
     (maxi 209263875) (runs 3)))
   ((Gc Mean_space_overhead)
    ((success true) (mean 4629.648832) (stddev 0) (mini 4629.648832)
     (maxi 4629.648832) (runs 3)))))
 (error ()))
