((success true) (name numal-rnd_access)
 (context_id 4.06.1+multicore+cas-promotion+bench) (weight 1)
 (data
  (((Time Real)
    ((success true) (mean 5522959430) (stddev 35984715.125101671)
     (mini 5501622691) (maxi 5564505905) (runs 3)))
   (Size
    ((success true) (mean 593108) (stddev 0) (mini 593108) (maxi 593108)
     (runs 1)))
   ((Size Code)
    ((success true) (mean 414760) (stddev 0) (mini 414760) (maxi 414760)
     (runs 1)))
   ((Size Data)
    ((success true) (mean 178348) (stddev 0) (mini 178348) (maxi 178348)
     (runs 1)))
   ((Gc Minor_words)
    ((success true) (mean 201589002) (stddev 93481.649621730568)
     (mini 201481066) (maxi 201644058) (runs 3)))
   ((Gc Major_words)
    ((success true) (mean 200000221) (stddev 0) (mini 200000221)
     (maxi 200000221) (runs 3)))
   ((Gc Promoted_words)
    ((success true) (mean 7.0440360810240315E-07)
     (stddev 3.2673625241376834E-10) (mini 7.04211179880143E-07)
     (maxi 7.0478086511612954E-07) (runs 3)))
   ((Gc Minor_collections)
    ((success true) (mean 763) (stddev 0) (mini 763) (maxi 763) (runs 3)))
   ((Gc Major_collections)
    ((success true) (mean 1) (stddev 0) (mini 1) (maxi 1) (runs 3)))))
 (error ()))
