((success true) (name numal-rnd_access) (context_id 4.06.1+multicore+bench)
 (weight 1)
 (data
  (((Time Real)
    ((success true) (mean 5479586771) (stddev 413714.03553662525)
     (mini 5479294231) (maxi 5479879311) (runs 2)))
   (Size
    ((success true) (mean 588875) (stddev 0) (mini 588875) (maxi 588875)
     (runs 1)))
   ((Size Code)
    ((success true) (mean 412415) (stddev 0) (mini 412415) (maxi 412415)
     (runs 1)))
   ((Size Data)
    ((success true) (mean 176460) (stddev 0) (mini 176460) (maxi 176460)
     (runs 1)))
   ((Gc Minor_words)
    ((success true) (mean 201702288) (stddev 40039.214377907068)
     (mini 201673976) (maxi 201730600) (runs 2)))
   ((Gc Major_words)
    ((success true) (mean 200000219) (stddev 0) (mini 200000219)
     (maxi 200000219) (runs 2)))
   ((Gc Promoted_words)
    ((success true) (mean 6.9409228892008438E-07)
     (stddev 1.3778182800845292E-10) (mini 6.9399486245517533E-07)
     (maxi 6.9418971538499344E-07) (runs 2)))
   ((Gc Minor_collections)
    ((success true) (mean 763) (stddev 0) (mini 763) (maxi 763) (runs 2)))
   ((Gc Major_collections)
    ((success true) (mean 1) (stddev 0) (mini 1) (maxi 1) (runs 2)))))
 (error ()))
