((success true) (name menhir-standard) (context_id 4.06.1+multicore+bench)
 (weight 1)
 (data
  (((Time Real)
    ((success true) (mean 32708503.756097563) (stddev 4059500.3125432823)
     (mini 21791732) (maxi 66279584) (runs 123)))
   (Size
    ((success true) (mean 4219312) (stddev 0) (mini 4219312) (maxi 4219312)
     (runs 1)))
   ((Size Code)
    ((success true) (mean 3081176) (stddev 0) (mini 3081176) (maxi 3081176)
     (runs 1)))
   ((Size Data)
    ((success true) (mean 1138136) (stddev 0) (mini 1138136) (maxi 1138136)
     (runs 1)))
   ((Gc Minor_words)
    ((success true) (mean 3109540) (stddev 0) (mini 3109540) (maxi 3109540)
     (runs 123)))
   ((Gc Major_words)
    ((success true) (mean 270138) (stddev 0) (mini 270138) (maxi 270138)
     (runs 123)))
   ((Gc Promoted_words)
    ((success true) (mean 0.04270535191700376)
     (stddev 4.1803643739106318E-17) (mini 0.0427053519170038)
     (maxi 0.0427053519170038) (runs 123)))
   ((Gc Minor_collections)
    ((success true) (mean 6) (stddev 0) (mini 6) (maxi 6) (runs 123)))
   ((Gc Major_collections)
    ((success true) (mean 1) (stddev 0) (mini 1) (maxi 1) (runs 123)))))
 (error ()))
