((success true) (name jsontrip-sample) (context_id 4.06.1+multicore+bench)
 (weight 1)
 (data
  (((Time Real)
    ((success true) (mean 18449551.682027649) (stddev 270099.95390665153)
     (mini 17989646) (maxi 19158138) (runs 217)))
   (Size
    ((success true) (mean 1663778) (stddev 0) (mini 1663778) (maxi 1663778)
     (runs 1)))
   ((Size Code)
    ((success true) (mean 1286610) (stddev 0) (mini 1286610) (maxi 1286610)
     (runs 1)))
   ((Size Data)
    ((success true) (mean 377168) (stddev 0) (mini 377168) (maxi 377168)
     (runs 1)))
   ((Gc Minor_words)
    ((success true) (mean 7738816) (stddev 0) (mini 7738816) (maxi 7738816)
     (runs 217)))
   ((Gc Major_words)
    ((success true) (mean 29456) (stddev 0) (mini 29456) (maxi 29456)
     (runs 217)))
   ((Gc Promoted_words)
    ((success true) (mean 0.0016775175944227104)
     (stddev 2.3907598036615582E-18) (mini 0.0016775175944227128)
     (maxi 0.0016775175944227128) (runs 217)))
   ((Gc Minor_collections)
    ((success true) (mean 27) (stddev 0) (mini 27) (maxi 27) (runs 217)))
   ((Gc Major_collections)
    ((success true) (mean 2) (stddev 0) (mini 2) (maxi 2) (runs 217)))))
 (error ()))
