((success true) (name cpdf-reformat)
 (context_id 4.08.0+optim_local_tailcalls+flambda+bench) (weight 1)
 (data
  (((Time Real)
    ((success true) (mean 6549913698.666667) (stddev 25884497.481121443)
     (mini 6521270057) (maxi 6571629000) (runs 3)))
   (Size
    ((success true) (mean 6019405) (stddev 0) (mini 6019405) (maxi 6019405)
     (runs 1)))
   ((Size Code)
    ((success true) (mean 4199293) (stddev 0) (mini 4199293) (maxi 4199293)
     (runs 1)))
   ((Size Data)
    ((success true) (mean 1820112) (stddev 0) (mini 1820112) (maxi 1820112)
     (runs 1)))
   ((Gc Minor_words)
    ((success true) (mean 445457914) (stddev 0) (mini 445457914)
     (maxi 445457914) (runs 3)))
   ((Gc Major_words)
    ((success true) (mean 74354824) (stddev 0) (mini 74354824)
     (maxi 74354824) (runs 3)))
   ((Gc Promoted_words)
    ((success true) (mean 63765420) (stddev 0) (mini 63765420)
     (maxi 63765420) (runs 3)))
   ((Gc Top_heap_words)
    ((success true) (mean 34265088) (stddev 0) (mini 34265088)
     (maxi 34265088) (runs 3)))
   ((Gc Minor_collections)
    ((success true) (mean 1715) (stddev 0) (mini 1715) (maxi 1715) (runs 3)))
   ((Gc Major_collections)
    ((success true) (mean 27) (stddev 0) (mini 27) (maxi 27) (runs 3)))
   ((Gc Compactions)
    ((success true) (mean 1) (stddev 0) (mini 1) (maxi 1) (runs 3)))
   ((Gc Heap_words)
    ((success true) (mean 34265088) (stddev 0) (mini 34265088)
     (maxi 34265088) (runs 3)))
   ((Gc Heap_chunks)
    ((success true) (mean 30) (stddev 0) (mini 30) (maxi 30) (runs 3)))))
 (error ()))
