((success true) (name numal-k-means)
 (context_id 4.06.1+multicore+xchg-writes+bench) (weight 1)
 (data
  (((Time Real)
    ((success true) (mean 232073599.44444445) (stddev 1920677.7482307774)
     (mini 227115869) (maxi 237570008) (runs 18)))
   (Size
    ((success true) (mean 14160797) (stddev 0) (mini 14160797)
     (maxi 14160797) (runs 1)))
   ((Size Code)
    ((success true) (mean 11451313) (stddev 0) (mini 11451313)
     (maxi 11451313) (runs 1)))
   ((Size Data)
    ((success true) (mean 2709484) (stddev 0) (mini 2709484) (maxi 2709484)
     (runs 1)))
   ((Gc Minor_words)
    ((success true) (mean 103253936) (stddev 0) (mini 103253936)
     (maxi 103253936) (runs 18)))
   ((Gc Major_words)
    ((success true) (mean 535654) (stddev 0) (mini 535654) (maxi 535654)
     (runs 18)))
   ((Gc Promoted_words)
    ((success true) (mean 0.0034902204599735554)
     (stddev 4.4625393261527605E-19) (mini 0.0034902204599735549)
     (maxi 0.0034902204599735549) (runs 18)))
   ((Gc Minor_collections)
    ((success true) (mean 397) (stddev 0) (mini 397) (maxi 397) (runs 18)))
   ((Gc Major_collections)
    ((success true) (mean 2) (stddev 0) (mini 2) (maxi 2) (runs 18)))))
 (error ()))
