((success true) (name cpdf-squeeze) (context_id 4.06.1+multicore+bench)
 (weight 1)
 (data
  (((Time Real)
    ((success true) (mean 12074778487.666666) (stddev 16628650.573323421)
     (mini 12057710195) (maxi 12090929527) (runs 3)))
   (Size
    ((success true) (mean 5424215) (stddev 0) (mini 5424215) (maxi 5424215)
     (runs 1)))
   ((Size Code)
    ((success true) (mean 3568415) (stddev 0) (mini 3568415) (maxi 3568415)
     (runs 1)))
   ((Size Data)
    ((success true) (mean 1855800) (stddev 0) (mini 1855800) (maxi 1855800)
     (runs 1)))
   ((Gc Minor_words)
    ((success true) (mean 396486390) (stddev 0) (mini 396486390)
     (maxi 396486390) (runs 3)))
   ((Gc Major_words)
    ((success true) (mean 135732461) (stddev 0) (mini 135732461)
     (maxi 135732461) (runs 3)))
   ((Gc Promoted_words)
    ((success true) (mean 0.30522125614450474) (stddev 0)
     (mini 0.30522125614450474) (maxi 0.30522125614450474) (runs 3)))
   ((Gc Top_heap_words)
    ((success true) (mean 37732858) (stddev 0) (mini 37732858)
     (maxi 37732858) (runs 3)))
   ((Gc Minor_collections)
    ((success true) (mean 1513) (stddev 0) (mini 1513) (maxi 1513) (runs 3)))
   ((Gc Major_collections)
    ((success true) (mean 50) (stddev 0) (mini 50) (maxi 50) (runs 3)))
   ((Gc Heap_words)
    ((success true) (mean 27202597) (stddev 0) (mini 27202597)
     (maxi 27202597) (runs 3)))))
 (error ()))
