((success true) (name numal-rnd_access) (context_id 4.06.1+trunk+bench)
 (weight 1)
 (data
  (((Time Real)
    ((success true) (mean 4038948093) (stddev 56150310.098208576)
     (mini 4008823849) (maxi 4123145019) (runs 4)))
   (Size
    ((success true) (mean 458023) (stddev 0) (mini 458023) (maxi 458023)
     (runs 1)))
   ((Size Code)
    ((success true) (mean 336339) (stddev 0) (mini 336339) (maxi 336339)
     (runs 1)))
   ((Size Data)
    ((success true) (mean 121684) (stddev 0) (mini 121684) (maxi 121684)
     (runs 1)))
   ((Gc Minor_words)
    ((success true) (mean 199995208) (stddev 15365.330932546382)
     (mini 199985200) (maxi 200017630) (runs 4)))
   ((Gc Major_words)
    ((success true) (mean 200000139) (stddev 0) (mini 200000139)
     (maxi 200000139) (runs 4)))
   ((Gc Promoted_words)
    ((success true) (mean 6.9001653585060394E-07)
     (stddev 5.3009465382320929E-11) (mini 6.89939181861119E-07)
     (maxi 6.9005106377871964E-07) (runs 4)))
   ((Gc Top_heap_words)
    ((success true) (mean 360491520) (stddev 0) (mini 360491520)
     (maxi 360491520) (runs 4)))
   ((Gc Minor_collections)
    ((success true) (mean 763) (stddev 0) (mini 763) (maxi 763) (runs 4)))
   ((Gc Major_collections)
    ((success true) (mean 0) (stddev 0) (mini 0) (maxi 0) (runs 4)))
   ((Gc Compactions)
    ((success true) (mean 0) (stddev 0) (mini 0) (maxi 0) (runs 4)))
   ((Gc Heap_words)
    ((success true) (mean 360491520) (stddev 0) (mini 360491520)
     (maxi 360491520) (runs 4)))
   ((Gc Heap_chunks)
    ((success true) (mean 2) (stddev 0) (mini 2) (maxi 2) (runs 4)))))
 (error ()))
