((success true) (name kb-no-exc) (context_id 4.06.1+trunk+bench) (weight 1)
 (data
  (((Time Real)
    ((success true) (mean 294558447.71428573) (stddev 4012635.7048754883)
     (mini 290569889) (maxi 304987691) (runs 14)))
   (Size
    ((success true) (mean 791390) (stddev 0) (mini 791390) (maxi 791390)
     (runs 1)))
   ((Size Code)
    ((success true) (mean 586538) (stddev 0) (mini 586538) (maxi 586538)
     (runs 1)))
   ((Size Data)
    ((success true) (mean 204852) (stddev 0) (mini 204852) (maxi 204852)
     (runs 1)))
   ((Gc Minor_words)
    ((success true) (mean 37503337) (stddev 0) (mini 37503337)
     (maxi 37503337) (runs 14)))
   ((Gc Major_words)
    ((success true) (mean 4699054) (stddev 0) (mini 4699054) (maxi 4699054)
     (runs 14)))
   ((Gc Promoted_words)
    ((success true) (mean 4699054) (stddev 0) (mini 4699054) (maxi 4699054)
     (runs 14)))
   ((Gc Top_heap_words)
    ((success true) (mean 646656) (stddev 0) (mini 646656) (maxi 646656)
     (runs 14)))
   ((Gc Minor_collections)
    ((success true) (mean 168) (stddev 0) (mini 168) (maxi 168) (runs 14)))
   ((Gc Major_collections)
    ((success true) (mean 40) (stddev 0) (mini 40) (maxi 40) (runs 14)))
   ((Gc Compactions)
    ((success true) (mean 3) (stddev 0) (mini 3) (maxi 3) (runs 14)))
   ((Gc Heap_words)
    ((success true) (mean 494592) (stddev 0) (mini 494592) (maxi 494592)
     (runs 14)))
   ((Gc Heap_chunks)
    ((success true) (mean 8) (stddev 0) (mini 8) (maxi 8) (runs 14)))))
 (error ()))
