((success true) (name menhir-list-errors) (context_id 4.06.1+multicore+bench)
 (weight 1)
 (data
  (((Time Real)
    ((success true) (mean 191900000107.66666) (stddev 247244917.42263222)
     (mini 191615421601) (maxi 192062072039) (runs 3)))
   (Size
    ((success true) (mean 4078245) (stddev 0) (mini 4078245) (maxi 4078245)
     (runs 1)))
   ((Size Code)
    ((success true) (mean 2998977) (stddev 0) (mini 2998977) (maxi 2998977)
     (runs 1)))
   ((Size Data)
    ((success true) (mean 1079268) (stddev 0) (mini 1079268) (maxi 1079268)
     (runs 1)))
   ((Gc Minor_words)
    ((success true) (mean 2358594597) (stddev 0) (mini 2358594597)
     (maxi 2358594597) (runs 3)))
   ((Gc Major_words)
    ((success true) (mean 1131343917) (stddev 0) (mini 1131343917)
     (maxi 1131343917) (runs 3)))
   ((Gc Promoted_words)
    ((success true) (mean 411869316) (stddev 0) (mini 411869316)
     (maxi 411869316) (runs 3)))
   ((Gc Top_heap_words)
    ((success true) (mean 399452644) (stddev 0) (mini 399452644)
     (maxi 399452644) (runs 3)))
   ((Gc Minor_collections)
    ((success true) (mean 9102) (stddev 0) (mini 9102) (maxi 9102) (runs 3)))
   ((Gc Major_collections)
    ((success true) (mean 36) (stddev 0) (mini 36) (maxi 36) (runs 3)))
   ((Gc Heap_words)
    ((success true) (mean 297380378) (stddev 0) (mini 297380378)
     (maxi 297380378) (runs 3)))
   ((Gc Mean_space_overhead)
    ((success true) (mean 20.634673) (stddev 0) (mini 20.634673)
     (maxi 20.634673) (runs 3)))))
 (error ()))
