((success true) (name jsontrip-sample) (context_id 4.06.1+multicore+bench)
 (weight 1)
 (data
  (((Time Real)
    ((success true) (mean 19430943.262135923) (stddev 230472.00658309512)
     (mini 19026156) (maxi 19933059) (runs 206)))
   (Size
    ((success true) (mean 1788579) (stddev 0) (mini 1788579) (maxi 1788579)
     (runs 1)))
   ((Size Code)
    ((success true) (mean 1341971) (stddev 0) (mini 1341971) (maxi 1341971)
     (runs 1)))
   ((Size Data)
    ((success true) (mean 446608) (stddev 0) (mini 446608) (maxi 446608)
     (runs 1)))
   ((Gc Minor_words)
    ((success true) (mean 7738816) (stddev 0) (mini 7738816) (maxi 7738816)
     (runs 206)))
   ((Gc Major_words)
    ((success true) (mean 29456) (stddev 0) (mini 29456) (maxi 29456)
     (runs 206)))
   ((Gc Promoted_words)
    ((success true) (mean 0.0016775175944227113)
     (stddev 1.5215806913960567E-18) (mini 0.0016775175944227128)
     (maxi 0.0016775175944227128) (runs 206)))
   ((Gc Minor_collections)
    ((success true) (mean 27) (stddev 0) (mini 27) (maxi 27) (runs 206)))
   ((Gc Major_collections)
    ((success true) (mean 2) (stddev 0) (mini 2) (maxi 2) (runs 206)))))
 (error ()))
