((success true) (name jsontrip-sample)
 (context_id 4.06.1+multicore+cas-promotion+bench) (weight 1)
 (data
  (((Time Real)
    ((success true) (mean 19276301.08653846) (stddev 255493.51073404949)
     (mini 18893838) (maxi 20110092) (runs 208)))
   (Size
    ((success true) (mean 1788627) (stddev 0) (mini 1788627) (maxi 1788627)
     (runs 1)))
   ((Size Code)
    ((success true) (mean 1342019) (stddev 0) (mini 1342019) (maxi 1342019)
     (runs 1)))
   ((Size Data)
    ((success true) (mean 446608) (stddev 0) (mini 446608) (maxi 446608)
     (runs 1)))
   ((Gc Minor_words)
    ((success true) (mean 7738822) (stddev 0) (mini 7738822) (maxi 7738822)
     (runs 208)))
   ((Gc Major_words)
    ((success true) (mean 29490) (stddev 0) (mini 29490) (maxi 29490)
     (runs 208)))
   ((Gc Promoted_words)
    ((success true) (mean 0.0016819097273461053)
     (stddev 5.4340893153612372E-18) (mini 0.0016819097273461)
     (maxi 0.0016819097273461) (runs 208)))
   ((Gc Minor_collections)
    ((success true) (mean 27) (stddev 0) (mini 27) (maxi 27) (runs 208)))
   ((Gc Major_collections)
    ((success true) (mean 2) (stddev 0) (mini 2) (maxi 2) (runs 208)))))
 (error ()))
