((success true) (name frama-c-deflate) (context_id 4.06.1+trunk+bench)
 (weight 1)
 (data
  (((Time Real)
    ((success true) (mean 26310664212) (stddev 87050922.741349339)
     (mini 26211351948) (maxi 26373761654) (runs 3)))
   (Size
    ((success true) (mean 14161081) (stddev 0) (mini 14161081)
     (maxi 14161081) (runs 1)))
   ((Size Code)
    ((success true) (mean 10199177) (stddev 0) (mini 10199177)
     (maxi 10199177) (runs 1)))
   ((Size Data)
    ((success true) (mean 3961904) (stddev 0) (mini 3961904) (maxi 3961904)
     (runs 1)))
   ((Gc Minor_words)
    ((success true) (mean 2473278679) (stddev 0) (mini 2473278679)
     (maxi 2473278679) (runs 3)))
   ((Gc Major_words)
    ((success true) (mean 186982547) (stddev 25.119713374160941)
     (mini 186982518) (maxi 186982562) (runs 3)))
   ((Gc Promoted_words)
    ((success true) (mean 0.0490770381156874) (stddev 1.0156442778802685E-08)
     (mini 0.04907702639036092) (maxi 0.049077044180511453) (runs 3)))
   ((Gc Top_heap_words)
    ((success true) (mean 88571904) (stddev 0) (mini 88571904)
     (maxi 88571904) (runs 3)))
   ((Gc Minor_collections)
    ((success true) (mean 9450) (stddev 0) (mini 9450) (maxi 9450) (runs 3)))
   ((Gc Major_collections)
    ((success true) (mean 24) (stddev 0) (mini 24) (maxi 24) (runs 3)))
   ((Gc Compactions)
    ((success true) (mean 0) (stddev 0) (mini 0) (maxi 0) (runs 3)))
   ((Gc Heap_words)
    ((success true) (mean 88571904) (stddev 0) (mini 88571904)
     (maxi 88571904) (runs 3)))
   ((Gc Heap_chunks)
    ((success true) (mean 22) (stddev 0) (mini 22) (maxi 22) (runs 3)))))
 (error ()))
