((success true) (name setrip) (context_id 4.06.1+multicore+bench) (weight 1)
 (data
  (((Time Real)
    ((success true) (mean 978401188.4) (stddev 12922976.724890778)
     (mini 965385185) (maxi 993412573) (runs 5)))
   (Size
    ((success true) (mean 1369258) (stddev 0) (mini 1369258) (maxi 1369258)
     (runs 1)))
   ((Size Code)
    ((success true) (mean 1068938) (stddev 0) (mini 1068938) (maxi 1068938)
     (runs 1)))
   ((Size Data)
    ((success true) (mean 300320) (stddev 0) (mini 300320) (maxi 300320)
     (runs 1)))
   ((Gc Minor_words)
    ((success true) (mean 168203678) (stddev 0) (mini 168203678)
     (maxi 168203678) (runs 5)))
   ((Gc Major_words)
    ((success true) (mean 13191) (stddev 0) (mini 13191) (maxi 13191)
     (runs 5)))
   ((Gc Promoted_words)
    ((success true) (mean 4912) (stddev 0) (mini 4912) (maxi 4912) (runs 5)))
   ((Gc Top_heap_words)
    ((success true) (mean 65539) (stddev 0) (mini 65539) (maxi 65539)
     (runs 5)))
   ((Gc Minor_collections)
    ((success true) (mean 634) (stddev 0) (mini 634) (maxi 634) (runs 5)))
   ((Gc Major_collections)
    ((success true) (mean 13) (stddev 0) (mini 13) (maxi 13) (runs 5)))
   ((Gc Heap_words)
    ((success true) (mean 65539) (stddev 0) (mini 65539) (maxi 65539)
     (runs 5)))
   ((Gc Mean_space_overhead)
    ((success true) (mean 624.748966) (stddev 0) (mini 624.748966)
     (maxi 624.748966) (runs 5)))))
 (error ()))
