((success true) (name numal-simple_access)
 (context_id 4.06.1+multicore+bench) (weight 1)
 (data
  (((Time Real)
    ((success true) (mean 7943477859) (stddev 21821765.346561309)
     (mini 7924797627) (maxi 7967462979) (runs 3)))
   (Size
    ((success true) (mean 494319) (stddev 0) (mini 494319) (maxi 494319)
     (runs 1)))
   ((Size Code)
    ((success true) (mean 336227) (stddev 0) (mini 336227) (maxi 336227)
     (runs 1)))
   ((Size Data)
    ((success true) (mean 158092) (stddev 0) (mini 158092) (maxi 158092)
     (runs 1)))
   ((Gc Minor_words)
    ((success true) (mean 640771161) (stddev 0) (mini 640771161)
     (maxi 640771161) (runs 3)))
   ((Gc Major_words)
    ((success true) (mean 220001973) (stddev 0) (mini 220001973)
     (maxi 220001973) (runs 3)))
   ((Gc Promoted_words)
    ((success true) (mean 0.31212686552227653) (stddev 0)
     (mini 0.31212686552227653) (maxi 0.31212686552227653) (runs 3)))
   ((Gc Minor_collections)
    ((success true) (mean 2442) (stddev 0) (mini 2442) (maxi 2442) (runs 3)))
   ((Gc Major_collections)
    ((success true) (mean 51) (stddev 0) (mini 51) (maxi 51) (runs 3)))))
 (error ()))
