((success true) (name almabench)
 (context_id 4.06.1+multicore+scheduling+bench) (weight 1)
 (data
  (((Time Real)
    ((success true) (mean 1679158619.25) (stddev 13330080.9553284)
     (mini 1668892890) (maxi 1698689998) (runs 4)))
   (Size
    ((success true) (mean 791536) (stddev 0) (mini 791536) (maxi 791536)
     (runs 1)))
   ((Size Code)
    ((success true) (mean 605548) (stddev 0) (mini 605548) (maxi 605548)
     (runs 1)))
   ((Size Data)
    ((success true) (mean 185988) (stddev 0) (mini 185988) (maxi 185988)
     (runs 1)))
   ((Gc Minor_words)
    ((success true) (mean 1499312) (stddev 0) (mini 1499312) (maxi 1499312)
     (runs 4)))
   ((Gc Major_words)
    ((success true) (mean 979) (stddev 0) (mini 979) (maxi 979) (runs 4)))
   ((Gc Promoted_words)
    ((success true) (mean 0.00060094229886774732) (stddev 0)
     (mini 0.00060094229886774732) (maxi 0.00060094229886774732) (runs 4)))
   ((Gc Top_heap_words)
    ((success true) (mean 32768) (stddev 0) (mini 32768) (maxi 32768)
     (runs 4)))
   ((Gc Minor_collections)
    ((success true) (mean 1) (stddev 0) (mini 1) (maxi 1) (runs 4)))
   ((Gc Major_collections)
    ((success true) (mean 1) (stddev 0) (mini 1) (maxi 1) (runs 4)))
   ((Gc Heap_words)
    ((success true) (mean 32768) (stddev 0) (mini 32768) (maxi 32768)
     (runs 4)))
   ((Gc Mean_space_overhead)
    ((success true) (mean 0) (stddev 0) (mini 0) (maxi 0) (runs 4)))))
 (error ()))
