((success true) (name numal-rnd_access) (context_id 4.06.1+trunk+bench)
 (weight 1)
 (data
  (((Time Real)
    ((success true) (mean 4013260550.5) (stddev 2620641.6757741794)
     (mini 4011407477) (maxi 4015113624) (runs 2)))
   (Size
    ((success true) (mean 458023) (stddev 0) (mini 458023) (maxi 458023)
     (runs 1)))
   ((Size Code)
    ((success true) (mean 336339) (stddev 0) (mini 336339) (maxi 336339)
     (runs 1)))
   ((Size Data)
    ((success true) (mean 121684) (stddev 0) (mini 121684) (maxi 121684)
     (runs 1)))
   ((Gc Minor_words)
    ((success true) (mean 200008237) (stddev 20018.192975391161)
     (mini 199994082) (maxi 200022392) (runs 2)))
   ((Gc Major_words)
    ((success true) (mean 200000139) (stddev 0) (mini 200000139)
     (maxi 200000139) (runs 2)))
   ((Gc Promoted_words)
    ((success true) (mean 6.8997158697618516E-07)
     (stddev 6.9057077762417428E-11) (mini 6.8992275624821042E-07)
     (maxi 6.9002041770415989E-07) (runs 2)))
   ((Gc Top_heap_words)
    ((success true) (mean 360491520) (stddev 0) (mini 360491520)
     (maxi 360491520) (runs 2)))
   ((Gc Minor_collections)
    ((success true) (mean 763.5) (stddev 0.70710678118654757) (mini 763)
     (maxi 764) (runs 2)))
   ((Gc Major_collections)
    ((success true) (mean 0) (stddev 0) (mini 0) (maxi 0) (runs 2)))
   ((Gc Compactions)
    ((success true) (mean 0) (stddev 0) (mini 0) (maxi 0) (runs 2)))
   ((Gc Heap_words)
    ((success true) (mean 360491520) (stddev 0) (mini 360491520)
     (maxi 360491520) (runs 2)))
   ((Gc Heap_chunks)
    ((success true) (mean 2) (stddev 0) (mini 2) (maxi 2) (runs 2)))))
 (error ()))
