((success true) (name numal-rnd_access) (context_id 4.06.1+multicore+bench)
 (weight 1)
 (data
  (((Time Real)
    ((success true) (mean 5400609622.75) (stddev 90658606.477280855)
     (mini 5353616565) (maxi 5536571760) (runs 4)))
   (Size
    ((success true) (mean 524187) (stddev 0) (mini 524187) (maxi 524187)
     (runs 1)))
   ((Size Code)
    ((success true) (mean 404047) (stddev 0) (mini 404047) (maxi 404047)
     (runs 1)))
   ((Size Data)
    ((success true) (mean 120140) (stddev 0) (mini 120140) (maxi 120140)
     (runs 1)))
   ((Gc Minor_words)
    ((success true) (mean 201281816) (stddev 827596.50515131268)
     (mini 200056280) (maxi 201820616) (runs 4)))
   ((Gc Major_words)
    ((success true) (mean 200000219) (stddev 0) (mini 200000219)
     (maxi 200000219) (runs 4)))
   ((Gc Promoted_words)
    ((success true) (mean 6.95551067030747E-07)
     (stddev 2.8707935001702384E-09) (mini 6.93685326973732E-07)
     (maxi 6.9980307541457836E-07) (runs 4)))
   ((Gc Minor_collections)
    ((success true) (mean 763.25) (stddev 0.5) (mini 763) (maxi 764)
     (runs 4)))
   ((Gc Major_collections)
    ((success true) (mean 1) (stddev 0) (mini 1) (maxi 1) (runs 4)))))
 (error ()))
