((success true) (name lexifi-g2pp) (context_id 4.06.1+multicore+bench)
 (weight 1)
 (data
  (((Time Real)
    ((success true) (mean 9939204973.666666) (stddev 20700941.569864552)
     (mini 9920094143) (maxi 9961194660) (runs 3)))
   (Size
    ((success true) (mean 1085327) (stddev 0) (mini 1085327) (maxi 1085327)
     (runs 1)))
   ((Size Code)
    ((success true) (mean 787491) (stddev 0) (mini 787491) (maxi 787491)
     (runs 1)))
   ((Size Data)
    ((success true) (mean 297836) (stddev 0) (mini 297836) (maxi 297836)
     (runs 1)))
   ((Gc Minor_words)
    ((success true) (mean 1679022383) (stddev 0) (mini 1679022383)
     (maxi 1679022383) (runs 3)))
   ((Gc Major_words)
    ((success true) (mean 280756) (stddev 0) (mini 280756) (maxi 280756)
     (runs 3)))
   ((Gc Promoted_words)
    ((success true) (mean 0.00016716751536003795) (stddev 0)
     (mini 0.00016716751536003795) (maxi 0.00016716751536003795) (runs 3)))
   ((Gc Minor_collections)
    ((success true) (mean 6403) (stddev 0) (mini 6403) (maxi 6403) (runs 3)))
   ((Gc Major_collections)
    ((success true) (mean 59) (stddev 0) (mini 59) (maxi 59) (runs 3)))))
 (error ()))
