((success true) (name numal-fft) (context_id 4.06.1+multicore+bench)
 (weight 1)
 (data
  (((Time Real)
    ((success true) (mean 2328877670.6666665) (stddev 9298516.0154666267)
     (mini 2321691054) (maxi 2339379438) (runs 3)))
   (Size
    ((success true) (mean 819304) (stddev 0) (mini 819304) (maxi 819304)
     (runs 1)))
   ((Size Code)
    ((success true) (mean 634404) (stddev 0) (mini 634404) (maxi 634404)
     (runs 1)))
   ((Size Data)
    ((success true) (mean 184900) (stddev 0) (mini 184900) (maxi 184900)
     (runs 1)))
   ((Gc Minor_words)
    ((success true) (mean 274390355) (stddev 0) (mini 274390355)
     (maxi 274390355) (runs 3)))
   ((Gc Major_words)
    ((success true) (mean 139784459) (stddev 0) (mini 139784459)
     (maxi 139784459) (runs 3)))
   ((Gc Promoted_words)
    ((success true) (mean 0.49032880547131469)
     (stddev 6.7986997775525911E-17) (mini 0.49032880547131474)
     (maxi 0.49032880547131474) (runs 3)))
   ((Gc Minor_collections)
    ((success true) (mean 183) (stddev 0) (mini 183) (maxi 183) (runs 3)))
   ((Gc Major_collections)
    ((success true) (mean 7) (stddev 0) (mini 7) (maxi 7) (runs 3)))))
 (error ()))
