((success true) (name lexifi-g2pp)
 (context_id 4.06.1+multicore+scheduling+bench) (weight 1)
 (data
  (((Time Real)
    ((success true) (mean 9816243164.5) (stddev 6956487.5219352255)
     (mini 9811324185) (maxi 9821162144) (runs 2)))
   (Size
    ((success true) (mean 1001221) (stddev 0) (mini 1001221) (maxi 1001221)
     (runs 1)))
   ((Size Code)
    ((success true) (mean 767905) (stddev 0) (mini 767905) (maxi 767905)
     (runs 1)))
   ((Size Data)
    ((success true) (mean 233316) (stddev 0) (mini 233316) (maxi 233316)
     (runs 1)))
   ((Gc Minor_words)
    ((success true) (mean 1579408257) (stddev 0) (mini 1579408257)
     (maxi 1579408257) (runs 2)))
   ((Gc Major_words)
    ((success true) (mean 265899) (stddev 0) (mini 265899) (maxi 265899)
     (runs 2)))
   ((Gc Promoted_words)
    ((success true) (mean 0.00016830417266838437) (stddev 0)
     (mini 0.00016830417266838437) (maxi 0.00016830417266838437) (runs 2)))
   ((Gc Top_heap_words)
    ((success true) (mean 152547) (stddev 0) (mini 152547) (maxi 152547)
     (runs 2)))
   ((Gc Minor_collections)
    ((success true) (mean 6023) (stddev 0) (mini 6023) (maxi 6023) (runs 2)))
   ((Gc Major_collections)
    ((success true) (mean 11) (stddev 0) (mini 11) (maxi 11) (runs 2)))
   ((Gc Heap_words)
    ((success true) (mean 152547) (stddev 0) (mini 152547) (maxi 152547)
     (runs 2)))
   ((Gc Mean_space_overhead)
    ((success true) (mean 91.8504) (stddev 0) (mini 91.8504) (maxi 91.8504)
     (runs 2)))))
 (error ()))
