((success true) (name sequence) (context_id 4.08.0+trunk+flambda+bench)
 (weight 1)
 (data
  (((Time Real)
    ((success true) (mean 637186146.85714281) (stddev 1481692.935666882)
     (mini 635571307) (maxi 639579808) (runs 7)))
   (Size
    ((success true) (mean 1191405) (stddev 0) (mini 1191405) (maxi 1191405)
     (runs 1)))
   ((Size Code)
    ((success true) (mean 943857) (stddev 0) (mini 943857) (maxi 943857)
     (runs 1)))
   ((Size Data)
    ((success true) (mean 247548) (stddev 0) (mini 247548) (maxi 247548)
     (runs 1)))
   ((Gc Minor_words)
    ((success true) (mean 750373023) (stddev 0) (mini 750373023)
     (maxi 750373023) (runs 7)))
   ((Gc Major_words)
    ((success true) (mean 35908) (stddev 0) (mini 35908) (maxi 35908)
     (runs 7)))
   ((Gc Promoted_words)
    ((success true) (mean 35908) (stddev 0) (mini 35908) (maxi 35908)
     (runs 7)))
   ((Gc Top_heap_words)
    ((success true) (mean 565248) (stddev 0) (mini 565248) (maxi 565248)
     (runs 7)))
   ((Gc Minor_collections)
    ((success true) (mean 2984) (stddev 0) (mini 2984) (maxi 2984) (runs 7)))
   ((Gc Major_collections)
    ((success true) (mean 243) (stddev 0) (mini 243) (maxi 243) (runs 7)))
   ((Gc Compactions)
    ((success true) (mean 2) (stddev 0) (mini 2) (maxi 2) (runs 7)))
   ((Gc Heap_words)
    ((success true) (mean 73728) (stddev 0) (mini 73728) (maxi 73728)
     (runs 7)))
   ((Gc Heap_chunks)
    ((success true) (mean 1) (stddev 0) (mini 1) (maxi 1) (runs 7)))))
 (error ()))
