((success true) (name numal-k-means)
 (context_id 4.06.1+multicore+cas-promotion+bench) (weight 1)
 (data
  (((Time Real)
    ((success true) (mean 229819308.72222221) (stddev 3118073.5763216289)
     (mini 228064706) (maxi 242071585) (runs 18)))
   (Size
    ((success true) (mean 14152447) (stddev 0) (mini 14152447)
     (maxi 14152447) (runs 1)))
   ((Size Code)
    ((success true) (mean 11441139) (stddev 0) (mini 11441139)
     (maxi 11441139) (runs 1)))
   ((Size Data)
    ((success true) (mean 2711308) (stddev 0) (mini 2711308) (maxi 2711308)
     (runs 1)))
   ((Gc Minor_words)
    ((success true) (mean 104274928) (stddev 0) (mini 104274928)
     (maxi 104274928) (runs 18)))
   ((Gc Major_words)
    ((success true) (mean 535719) (stddev 0) (mini 535719) (maxi 535719)
     (runs 18)))
   ((Gc Promoted_words)
    ((success true) (mean 0.0034566698526034955)
     (stddev 8.925078652305521E-19) (mini 0.0034566698526034946)
     (maxi 0.0034566698526034946) (runs 18)))
   ((Gc Minor_collections)
    ((success true) (mean 390) (stddev 0) (mini 390) (maxi 390) (runs 18)))
   ((Gc Major_collections)
    ((success true) (mean 2) (stddev 0) (mini 2) (maxi 2) (runs 18)))))
 (error ()))
