((success true) (name numal-rnd_access)
 (context_id 4.06.1+multicore-lazy+bench) (weight 1)
 (data
  (((Time Real)
    ((success true) (mean 5382784704.5) (stddev 79459288.636808649)
     (mini 5340674298) (maxi 5501924085) (runs 4)))
   (Size
    ((success true) (mean 518440) (stddev 0) (mini 518440) (maxi 518440)
     (runs 1)))
   ((Size Code)
    ((success true) (mean 406476) (stddev 0) (mini 406476) (maxi 406476)
     (runs 1)))
   ((Size Data)
    ((success true) (mean 111964) (stddev 0) (mini 111964) (maxi 111964)
     (runs 1)))
   ((Gc Minor_words)
    ((success true) (mean 1519428) (stddev 911992.563747461) (mini 153368)
     (maxi 2037144) (runs 4)))
   ((Gc Major_words)
    ((success true) (mean 200000215) (stddev 0) (mini 200000215)
     (maxi 200000215) (runs 4)))
   ((Gc Promoted_words)
    ((success true) (mean 136) (stddev 0) (mini 136) (maxi 136) (runs 4)))
   ((Gc Top_heap_words)
    ((success true) (mean 200032771) (stddev 0) (mini 200032771)
     (maxi 200032771) (runs 4)))
   ((Gc Minor_collections)
    ((success true) (mean 1) (stddev 0) (mini 1) (maxi 1) (runs 4)))
   ((Gc Major_collections)
    ((success true) (mean 1) (stddev 0) (mini 1) (maxi 1) (runs 4)))
   ((Gc Heap_words)
    ((success true) (mean 200032771) (stddev 0) (mini 200032771)
     (maxi 200032771) (runs 4)))
   ((Gc Mean_space_overhead)
    ((success true) (mean 0) (stddev 0) (mini 0) (maxi 0) (runs 4)))))
 (error ()))
