((success true) (name sequence-cps) (context_id 4.06.1+multicore-lazy+bench)
 (weight 1)
 (data
  (((Time Real)
    ((success true) (mean 1132477445.25) (stddev 4700561.2787534483)
     (mini 1125714533) (maxi 1136551637) (runs 4)))
   (Size
    ((success true) (mean 769877) (stddev 0) (mini 769877) (maxi 769877)
     (runs 1)))
   ((Size Code)
    ((success true) (mean 594809) (stddev 0) (mini 594809) (maxi 594809)
     (runs 1)))
   ((Size Data)
    ((success true) (mean 175068) (stddev 0) (mini 175068) (maxi 175068)
     (runs 1)))
   ((Gc Minor_words)
    ((success true) (mean 1502243947) (stddev 0) (mini 1502243947)
     (maxi 1502243947) (runs 4)))
   ((Gc Major_words)
    ((success true) (mean 201399) (stddev 0) (mini 201399) (maxi 201399)
     (runs 4)))
   ((Gc Promoted_words)
    ((success true) (mean 201321) (stddev 0) (mini 201321) (maxi 201321)
     (runs 4)))
   ((Gc Top_heap_words)
    ((success true) (mean 32768) (stddev 0) (mini 32768) (maxi 32768)
     (runs 4)))
   ((Gc Minor_collections)
    ((success true) (mean 5725) (stddev 0) (mini 5725) (maxi 5725) (runs 4)))
   ((Gc Major_collections)
    ((success true) (mean 961) (stddev 0) (mini 961) (maxi 961) (runs 4)))
   ((Gc Heap_words)
    ((success true) (mean 32768) (stddev 0) (mini 32768) (maxi 32768)
     (runs 4)))
   ((Gc Mean_space_overhead)
    ((success true) (mean 7876.289145) (stddev 0) (mini 7876.289145)
     (maxi 7876.289145) (runs 4)))))
 (error ()))
