((success true) (name bdd) (context_id 4.06.1+multicore+bench) (weight 1)
 (data
  (((Time Real)
    ((success true) (mean 349721383.64285713) (stddev 20909482.694517687)
     (mini 316369507) (maxi 384212108) (runs 14)))
   (Size
    ((success true) (mean 914976) (stddev 0) (mini 914976) (maxi 914976)
     (runs 1)))
   ((Size Code)
    ((success true) (mean 658132) (stddev 0) (mini 658132) (maxi 658132)
     (runs 1)))
   ((Size Data)
    ((success true) (mean 256844) (stddev 0) (mini 256844) (maxi 256844)
     (runs 1)))
   ((Gc Minor_words)
    ((success true) (mean 78354226) (stddev 0) (mini 78354226)
     (maxi 78354226) (runs 14)))
   ((Gc Major_words)
    ((success true) (mean 617962) (stddev 0) (mini 617962) (maxi 617962)
     (runs 14)))
   ((Gc Promoted_words)
    ((success true) (mean 0.00611326311869892) (stddev 0)
     (mini 0.00611326311869892) (maxi 0.00611326311869892) (runs 14)))
   ((Gc Minor_collections)
    ((success true) (mean 292) (stddev 0) (mini 292) (maxi 292) (runs 14)))
   ((Gc Major_collections)
    ((success true) (mean 10) (stddev 0) (mini 10) (maxi 10) (runs 14)))))
 (error ()))
