((success true) (name menhir-fancy)
 (context_id 4.06.1+multicore+atomic-mark+bench) (weight 1)
 (data
  (((Time Real)
    ((success true) (mean 18948012.0754717) (stddev 1726160.7044591126)
     (mini 18504626) (maxi 41924276) (runs 212)))
   (Size
    ((success true) (mean 4138156) (stddev 0) (mini 4138156) (maxi 4138156)
     (runs 1)))
   ((Size Code)
    ((success true) (mean 3040724) (stddev 0) (mini 3040724) (maxi 3040724)
     (runs 1)))
   ((Size Data)
    ((success true) (mean 1097432) (stddev 0) (mini 1097432) (maxi 1097432)
     (runs 1)))
   ((Gc Minor_words)
    ((success true) (mean 2670368) (stddev 0) (mini 2670368) (maxi 2670368)
     (runs 212)))
   ((Gc Major_words)
    ((success true) (mean 327890) (stddev 0) (mini 327890) (maxi 327890)
     (runs 212)))
   ((Gc Promoted_words)
    ((success true) (mean 0.0732464589150261) (stddev 1.5301698157691717E-16)
     (mini 0.073246458915025944) (maxi 0.073246458915025944) (runs 212)))
   ((Gc Minor_collections)
    ((success true) (mean 10) (stddev 0) (mini 10) (maxi 10) (runs 212)))
   ((Gc Major_collections)
    ((success true) (mean 1) (stddev 0) (mini 1) (maxi 1) (runs 212)))))
 (error ()))
