((success true) (name bdd) (context_id 4.06.1+multicore+cas-promotion+bench)
 (weight 1)
 (data
  (((Time Real)
    ((success true) (mean 212978462.52631578) (stddev 2299682.0394831486)
     (mini 211179138) (maxi 221368851) (runs 19)))
   (Size
    ((success true) (mean 914997) (stddev 0) (mini 914997) (maxi 914997)
     (runs 1)))
   ((Size Code)
    ((success true) (mean 658153) (stddev 0) (mini 658153) (maxi 658153)
     (runs 1)))
   ((Size Data)
    ((success true) (mean 256844) (stddev 0) (mini 256844) (maxi 256844)
     (runs 1)))
   ((Gc Minor_words)
    ((success true) (mean 78354228) (stddev 0) (mini 78354228)
     (maxi 78354228) (runs 19)))
   ((Gc Major_words)
    ((success true) (mean 617964) (stddev 0) (mini 617964) (maxi 617964)
     (runs 19)))
   ((Gc Promoted_words)
    ((success true) (mean 0.0061132884877635454)
     (stddev 8.9112947388253727E-19) (mini 0.0061132884877635445)
     (maxi 0.0061132884877635445) (runs 19)))
   ((Gc Minor_collections)
    ((success true) (mean 292) (stddev 0) (mini 292) (maxi 292) (runs 19)))
   ((Gc Major_collections)
    ((success true) (mean 10) (stddev 0) (mini 10) (maxi 10) (runs 19)))))
 (error ()))
