((success true) (name setrip-smallbuf) (context_id 4.06.1+multicore+bench)
 (weight 1)
 (data
  (((Time Real)
    ((success true) (mean 1513235121.1428571) (stddev 48075888.020405315)
     (mini 1469078962) (maxi 1614153922) (runs 7)))
   (Size
    ((success true) (mean 1487880) (stddev 0) (mini 1487880) (maxi 1487880)
     (runs 1)))
   ((Size Code)
    ((success true) (mean 1112216) (stddev 0) (mini 1112216) (maxi 1112216)
     (runs 1)))
   ((Size Data)
    ((success true) (mean 375664) (stddev 0) (mini 375664) (maxi 375664)
     (runs 1)))
   ((Gc Minor_words)
    ((success true) (mean 172397979) (stddev 0) (mini 172397979)
     (maxi 172397979) (runs 7)))
   ((Gc Major_words)
    ((success true) (mean 13311) (stddev 0) (mini 13311) (maxi 13311)
     (runs 7)))
   ((Gc Promoted_words)
    ((success true) (mean 2.9188277201323804E-05) (stddev 0)
     (mini 2.9188277201323804E-05) (maxi 2.9188277201323804E-05) (runs 7)))
   ((Gc Minor_collections)
    ((success true) (mean 650) (stddev 0) (mini 650) (maxi 650) (runs 7)))
   ((Gc Major_collections)
    ((success true) (mean 32) (stddev 0) (mini 32) (maxi 32) (runs 7)))))
 (error ()))
