((success true) (name numal-k-means) (context_id 4.06.1+multicore-lazy+bench)
 (weight 1)
 (data
  (((Time Real)
    ((success true) (mean 89638704.4) (stddev 902268.26646879769)
     (mini 88642846) (maxi 91425931) (runs 45)))
   (Size
    ((success true) (mean 13646443) (stddev 0) (mini 13646443)
     (maxi 13646443) (runs 1)))
   ((Size Code)
    ((success true) (mean 11007023) (stddev 0) (mini 11007023)
     (maxi 11007023) (runs 1)))
   ((Size Data)
    ((success true) (mean 2639420) (stddev 0) (mini 2639420) (maxi 2639420)
     (runs 1)))
   ((Gc Minor_words)
    ((success true) (mean 2563548) (stddev 0) (mini 2563548) (maxi 2563548)
     (runs 45)))
   ((Gc Major_words)
    ((success true) (mean 526357) (stddev 0) (mini 526357) (maxi 526357)
     (runs 45)))
   ((Gc Promoted_words)
    ((success true) (mean 351082) (stddev 0) (mini 351082) (maxi 351082)
     (runs 45)))
   ((Gc Top_heap_words)
    ((success true) (mean 564323) (stddev 0) (mini 564323) (maxi 564323)
     (runs 45)))
   ((Gc Minor_collections)
    ((success true) (mean 2) (stddev 0) (mini 2) (maxi 2) (runs 45)))
   ((Gc Major_collections)
    ((success true) (mean 2) (stddev 0) (mini 2) (maxi 2) (runs 45)))
   ((Gc Heap_words)
    ((success true) (mean 564323) (stddev 0) (mini 564323) (maxi 564323)
     (runs 45)))
   ((Gc Mean_space_overhead)
    ((success true) (mean 11.476068999999997) (stddev 3.5928586104278648E-15)
     (mini 11.476069) (maxi 11.476069) (runs 45)))))
 (error ()))
