((success true) (name cpdf-squeeze) (context_id 4.06.1+multicore-lazy+bench)
 (weight 1)
 (data
  (((Time Real)
    ((success true) (mean 11556835257) (stddev 1839996.4964510123)
     (mini 11555534183) (maxi 11558136331) (runs 2)))
   (Size
    ((success true) (mean 5429569) (stddev 0) (mini 5429569) (maxi 5429569)
     (runs 1)))
   ((Size Code)
    ((success true) (mean 3573073) (stddev 0) (mini 3573073) (maxi 3573073)
     (runs 1)))
   ((Size Data)
    ((success true) (mean 1856496) (stddev 0) (mini 1856496) (maxi 1856496)
     (runs 1)))
   ((Gc Minor_words)
    ((success true) (mean 387311743) (stddev 0) (mini 387311743)
     (maxi 387311743) (runs 2)))
   ((Gc Major_words)
    ((success true) (mean 132687652) (stddev 0) (mini 132687652)
     (maxi 132687652) (runs 2)))
   ((Gc Promoted_words)
    ((success true) (mean 120879420) (stddev 0) (mini 120879420)
     (maxi 120879420) (runs 2)))
   ((Gc Top_heap_words)
    ((success true) (mean 39037649) (stddev 0) (mini 39037649)
     (maxi 39037649) (runs 2)))
   ((Gc Minor_collections)
    ((success true) (mean 1478) (stddev 0) (mini 1478) (maxi 1478) (runs 2)))
   ((Gc Major_collections)
    ((success true) (mean 36) (stddev 0) (mini 36) (maxi 36) (runs 2)))
   ((Gc Heap_words)
    ((success true) (mean 28232783) (stddev 0) (mini 28232783)
     (maxi 28232783) (runs 2)))
   ((Gc Mean_space_overhead)
    ((success true) (mean 29.189811) (stddev 0) (mini 29.189811)
     (maxi 29.189811) (runs 2)))))
 (error ()))
