((success true) (name sequence) (context_id 4.06.1+multicore+bench)
 (weight 1)
 (data
  (((Time Real)
    ((success true) (mean 819456846.6) (stddev 1154315.6742896633)
     (mini 818099126) (maxi 821238344) (runs 5)))
   (Size
    ((success true) (mean 953978) (stddev 0) (mini 953978) (maxi 953978)
     (runs 1)))
   ((Size Code)
    ((success true) (mean 742774) (stddev 0) (mini 742774) (maxi 742774)
     (runs 1)))
   ((Size Data)
    ((success true) (mean 211204) (stddev 0) (mini 211204) (maxi 211204)
     (runs 1)))
   ((Gc Minor_words)
    ((success true) (mean 749670768) (stddev 0) (mini 749670768)
     (maxi 749670768) (runs 5)))
   ((Gc Major_words)
    ((success true) (mean 37286) (stddev 0) (mini 37286) (maxi 37286)
     (runs 5)))
   ((Gc Promoted_words)
    ((success true) (mean 37208) (stddev 0) (mini 37208) (maxi 37208)
     (runs 5)))
   ((Gc Top_heap_words)
    ((success true) (mean 32768) (stddev 0) (mini 32768) (maxi 32768)
     (runs 5)))
   ((Gc Minor_collections)
    ((success true) (mean 2853) (stddev 0) (mini 2853) (maxi 2853) (runs 5)))
   ((Gc Major_collections)
    ((success true) (mean 165) (stddev 0) (mini 165) (maxi 165) (runs 5)))
   ((Gc Heap_words)
    ((success true) (mean 32768) (stddev 0) (mini 32768) (maxi 32768)
     (runs 5)))
   ((Gc Mean_space_overhead)
    ((success true) (mean 6798.526316) (stddev 0) (mini 6798.526316)
     (maxi 6798.526316) (runs 5)))))
 (error ()))
