((success true) (name sequence-cps) (context_id 4.06.1+multicore+bench)
 (weight 1)
 (data
  (((Time Real)
    ((success true) (mean 1154462883.25) (stddev 11126123.630620725)
     (mini 1144060807) (maxi 1164352606) (runs 4)))
   (Size
    ((success true) (mean 775624) (stddev 0) (mini 775624) (maxi 775624)
     (runs 1)))
   ((Size Code)
    ((success true) (mean 592380) (stddev 0) (mini 592380) (maxi 592380)
     (runs 1)))
   ((Size Data)
    ((success true) (mean 183244) (stddev 0) (mini 183244) (maxi 183244)
     (runs 1)))
   ((Gc Minor_words)
    ((success true) (mean 1502506083) (stddev 0) (mini 1502506083)
     (maxi 1502506083) (runs 4)))
   ((Gc Major_words)
    ((success true) (mean 201424) (stddev 0) (mini 201424) (maxi 201424)
     (runs 4)))
   ((Gc Promoted_words)
    ((success true) (mean 0.00013400677859352135) (stddev 0)
     (mini 0.00013400677859352135) (maxi 0.00013400677859352135) (runs 4)))
   ((Gc Minor_collections)
    ((success true) (mean 5726) (stddev 0) (mini 5726) (maxi 5726) (runs 4)))
   ((Gc Major_collections)
    ((success true) (mean 1343) (stddev 0) (mini 1343) (maxi 1343) (runs 4)))))
 (error ()))
