((success true) (name sequence-cps)
 (context_id 4.06.1+multicore+atomic-mark+bench) (weight 1)
 (data
  (((Time Real)
    ((success true) (mean 1222479731.6666667) (stddev 31847553.822312135)
     (mini 1208619942) (maxi 1287465852) (runs 6)))
   (Size
    ((success true) (mean 845648) (stddev 0) (mini 845648) (maxi 845648)
     (runs 1)))
   ((Size Code)
    ((success true) (mean 606084) (stddev 0) (mini 606084) (maxi 606084)
     (runs 1)))
   ((Size Data)
    ((success true) (mean 239564) (stddev 0) (mini 239564) (maxi 239564)
     (runs 1)))
   ((Gc Minor_words)
    ((success true) (mean 1502506087) (stddev 0) (mini 1502506087)
     (maxi 1502506087) (runs 6)))
   ((Gc Major_words)
    ((success true) (mean 201428) (stddev 0) (mini 201428) (maxi 201428)
     (runs 6)))
   ((Gc Promoted_words)
    ((success true) (mean 0.000134009440455598)
     (stddev 2.9692099338320884E-20) (mini 0.00013400944045559798)
     (maxi 0.00013400944045559798) (runs 6)))
   ((Gc Minor_collections)
    ((success true) (mean 5726) (stddev 0) (mini 5726) (maxi 5726) (runs 6)))
   ((Gc Major_collections)
    ((success true) (mean 1343) (stddev 0) (mini 1343) (maxi 1343) (runs 6)))))
 (error ()))
