((success true) (name bdd) (context_id 4.06.1+multicore+bench) (weight 1)
 (data
  (((Time Real)
    ((success true) (mean 205642496.65) (stddev 1295731.7683134752)
     (mini 203649268) (maxi 208808354) (runs 20)))
   (Size
    ((success true) (mean 822548) (stddev 0) (mini 822548) (maxi 822548)
     (runs 1)))
   ((Size Code)
    ((success true) (mean 636048) (stddev 0) (mini 636048) (maxi 636048)
     (runs 1)))
   ((Size Data)
    ((success true) (mean 186500) (stddev 0) (mini 186500) (maxi 186500)
     (runs 1)))
   ((Gc Minor_words)
    ((success true) (mean 78354226) (stddev 0) (mini 78354226)
     (maxi 78354226) (runs 20)))
   ((Gc Major_words)
    ((success true) (mean 617962) (stddev 0) (mini 617962) (maxi 617962)
     (runs 20)))
   ((Gc Promoted_words)
    ((success true) (mean 0.00611326311869892) (stddev 0)
     (mini 0.00611326311869892) (maxi 0.00611326311869892) (runs 20)))
   ((Gc Minor_collections)
    ((success true) (mean 292) (stddev 0) (mini 292) (maxi 292) (runs 20)))
   ((Gc Major_collections)
    ((success true) (mean 7) (stddev 0) (mini 7) (maxi 7) (runs 20)))))
 (error ()))
