((success true) (name kb)
 (context_id 4.06.1+multicore+no-effect-syntax+bench) (weight 1)
 (data
  (((Time Real)
    ((success true) (mean 460172302.77777779) (stddev 1169414.7148443295)
     (mini 458837612) (maxi 462194843) (runs 9)))
   (Size
    ((success true) (mean 863622) (stddev 0) (mini 863622) (maxi 863622)
     (runs 1)))
   ((Size Code)
    ((success true) (mean 667682) (stddev 0) (mini 667682) (maxi 667682)
     (runs 1)))
   ((Size Data)
    ((success true) (mean 195940) (stddev 0) (mini 195940) (maxi 195940)
     (runs 1)))
   ((Gc Minor_words)
    ((success true) (mean 91006978) (stddev 0) (mini 91006978)
     (maxi 91006978) (runs 9)))
   ((Gc Major_words)
    ((success true) (mean 4851134) (stddev 0) (mini 4851134) (maxi 4851134)
     (runs 9)))
   ((Gc Promoted_words)
    ((success true) (mean 4851056) (stddev 0) (mini 4851056) (maxi 4851056)
     (runs 9)))
   ((Gc Top_heap_words)
    ((success true) (mean 446464) (stddev 0) (mini 446464) (maxi 446464)
     (runs 9)))
   ((Gc Minor_collections)
    ((success true) (mean 343) (stddev 0) (mini 343) (maxi 343) (runs 9)))
   ((Gc Major_collections)
    ((success true) (mean 71) (stddev 0) (mini 71) (maxi 71) (runs 9)))
   ((Gc Heap_words)
    ((success true) (mean 245760) (stddev 0) (mini 245760) (maxi 245760)
     (runs 9)))
   ((Gc Mean_space_overhead)
    ((success true) (mean 91.123729000000012) (stddev 1.5072887603364239E-14)
     (mini 91.123729) (maxi 91.123729) (runs 9)))))
 (error ()))
