((success true) (name minilight) (context_id 4.06.1+multicore-lazy+bench)
 (weight 1)
 (data
  (((Time Real)
    ((success true) (mean 14491437859) (stddev 67351042.8680263)
     (mini 14439906445) (maxi 14567647079) (runs 3)))
   (Size
    ((success true) (mean 1618545) (stddev 0) (mini 1618545) (maxi 1618545)
     (runs 1)))
   ((Size Code)
    ((success true) (mean 1263569) (stddev 0) (mini 1263569) (maxi 1263569)
     (runs 1)))
   ((Size Data)
    ((success true) (mean 354976) (stddev 0) (mini 354976) (maxi 354976)
     (runs 1)))
   ((Gc Minor_words)
    ((success true) (mean 9661334695) (stddev 0) (mini 9661334695)
     (maxi 9661334695) (runs 3)))
   ((Gc Major_words)
    ((success true) (mean 10554001) (stddev 0) (mini 10554001)
     (maxi 10554001) (runs 3)))
   ((Gc Promoted_words)
    ((success true) (mean 10537197) (stddev 0) (mini 10537197)
     (maxi 10537197) (runs 3)))
   ((Gc Top_heap_words)
    ((success true) (mean 1106522) (stddev 0) (mini 1106522) (maxi 1106522)
     (runs 3)))
   ((Gc Minor_collections)
    ((success true) (mean 36852) (stddev 0) (mini 36852) (maxi 36852)
     (runs 3)))
   ((Gc Major_collections)
    ((success true) (mean 38) (stddev 0) (mini 38) (maxi 38) (runs 3)))
   ((Gc Heap_words)
    ((success true) (mean 1094234) (stddev 0) (mini 1094234) (maxi 1094234)
     (runs 3)))
   ((Gc Mean_space_overhead)
    ((success true) (mean 52.204603999999996) (stddev 8.7023357152673167E-15)
     (mini 52.204604) (maxi 52.204604) (runs 3)))))
 (error ()))
