((success true) (name almabench) (context_id 4.06.1+trunk+bench) (weight 1)
 (data
  (((Time Real)
    ((success true) (mean 1600526721.6666667) (stddev 4296884.2542312369)
     (mini 1597742036) (maxi 1605475377) (runs 3)))
   (Size
    ((success true) (mean 722441) (stddev 0) (mini 722441) (maxi 722441)
     (runs 1)))
   ((Size Code)
    ((success true) (mean 528085) (stddev 0) (mini 528085) (maxi 528085)
     (runs 1)))
   ((Size Data)
    ((success true) (mean 194356) (stddev 0) (mini 194356) (maxi 194356)
     (runs 1)))
   ((Gc Minor_words)
    ((success true) (mean 11689154) (stddev 0) (mini 11689154)
     (maxi 11689154) (runs 3)))
   ((Gc Major_words)
    ((success true) (mean 939) (stddev 0) (mini 939) (maxi 939) (runs 3)))
   ((Gc Promoted_words)
    ((success true) (mean 939) (stddev 0) (mini 939) (maxi 939) (runs 3)))
   ((Gc Top_heap_words)
    ((success true) (mean 491520) (stddev 0) (mini 491520) (maxi 491520)
     (runs 3)))
   ((Gc Minor_collections)
    ((success true) (mean 44) (stddev 0) (mini 44) (maxi 44) (runs 3)))
   ((Gc Major_collections)
    ((success true) (mean 0) (stddev 0) (mini 0) (maxi 0) (runs 3)))
   ((Gc Compactions)
    ((success true) (mean 0) (stddev 0) (mini 0) (maxi 0) (runs 3)))
   ((Gc Heap_words)
    ((success true) (mean 491520) (stddev 0) (mini 491520) (maxi 491520)
     (runs 3)))
   ((Gc Heap_chunks)
    ((success true) (mean 1) (stddev 0) (mini 1) (maxi 1) (runs 3)))))
 (error ()))
