((success true) (name numal-rnd_access)
 (context_id 4.06.1+multicore+xchg-writes+bench) (weight 1)
 (data
  (((Time Real)
    ((success true) (mean 6148858758.5) (stddev 5406980.3906905837)
     (mini 6145035446) (maxi 6152682071) (runs 2)))
   (Size
    ((success true) (mean 588779) (stddev 0) (mini 588779) (maxi 588779)
     (runs 1)))
   ((Size Code)
    ((success true) (mean 412319) (stddev 0) (mini 412319) (maxi 412319)
     (runs 1)))
   ((Size Data)
    ((success true) (mean 176460) (stddev 0) (mini 176460) (maxi 176460)
     (runs 1)))
   ((Gc Minor_words)
    ((success true) (mean 200783426) (stddev 1059562.7420554198)
     (mini 200034202) (maxi 201532650) (runs 2)))
   ((Gc Major_words)
    ((success true) (mean 200000221) (stddev 0) (mini 200000221)
     (maxi 200000221) (runs 2)))
   ((Gc Promoted_words)
    ((success true) (mean 7.0723953705242577E-07)
     (stddev 3.7322037884206472E-09) (mini 7.0460047044486341E-07)
     (maxi 7.0987860365998813E-07) (runs 2)))
   ((Gc Minor_collections)
    ((success true) (mean 763.5) (stddev 0.70710678118654757) (mini 763)
     (maxi 764) (runs 2)))
   ((Gc Major_collections)
    ((success true) (mean 1) (stddev 0) (mini 1) (maxi 1) (runs 2)))))
 (error ()))
