((success true) (name menhir-standard) (context_id 4.06.1+multicore+bench)
 (weight 1)
 (data
  (((Time Real)
    ((success true) (mean 11532761.265129684) (stddev 126485.20143373679)
     (mini 11361012) (maxi 12847582) (runs 347)))
   (Size
    ((success true) (mean 4078245) (stddev 0) (mini 4078245) (maxi 4078245)
     (runs 1)))
   ((Size Code)
    ((success true) (mean 2998977) (stddev 0) (mini 2998977) (maxi 2998977)
     (runs 1)))
   ((Size Data)
    ((success true) (mean 1079268) (stddev 0) (mini 1079268) (maxi 1079268)
     (runs 1)))
   ((Gc Minor_words)
    ((success true) (mean 2605961) (stddev 0) (mini 2605961) (maxi 2605961)
     (runs 347)))
   ((Gc Major_words)
    ((success true) (mean 245302) (stddev 0) (mini 245302) (maxi 245302)
     (runs 347)))
   ((Gc Promoted_words)
    ((success true) (mean 108801) (stddev 0) (mini 108801) (maxi 108801)
     (runs 347)))
   ((Gc Top_heap_words)
    ((success true) (mean 328444) (stddev 0) (mini 328444) (maxi 328444)
     (runs 347)))
   ((Gc Minor_collections)
    ((success true) (mean 4) (stddev 0) (mini 4) (maxi 4) (runs 347)))
   ((Gc Major_collections)
    ((success true) (mean 1) (stddev 0) (mini 1) (maxi 1) (runs 347)))
   ((Gc Heap_words)
    ((success true) (mean 328444) (stddev 0) (mini 328444) (maxi 328444)
     (runs 347)))
   ((Gc Mean_space_overhead)
    ((success true) (mean 0) (stddev 0) (mini 0) (maxi 0) (runs 347)))))
 (error ()))
