((success true) (name numal-rnd_access) (context_id 4.06.1+trunk+bench)
 (weight 1)
 (data
  (((Time Real)
    ((success true) (mean 4010800623) (stddev 719652.26969835931)
     (mini 4010291752) (maxi 4011309494) (runs 2)))
   (Size
    ((success true) (mean 458023) (stddev 0) (mini 458023) (maxi 458023)
     (runs 1)))
   ((Size Code)
    ((success true) (mean 336339) (stddev 0) (mini 336339) (maxi 336339)
     (runs 1)))
   ((Size Data)
    ((success true) (mean 121684) (stddev 0) (mini 121684) (maxi 121684)
     (runs 1)))
   ((Gc Minor_words)
    ((success true) (mean 200008880) (stddev 2262.7416997969522)
     (mini 200007280) (maxi 200010480) (runs 2)))
   ((Gc Major_words)
    ((success true) (mean 200000139) (stddev 0) (mini 200000139)
     (maxi 200000139) (runs 2)))
   ((Gc Promoted_words)
    ((success true) (mean 6.8996936540433213E-07)
     (stddev 7.8057656974017886E-12) (mini 6.8996384589447515E-07)
     (maxi 6.8997488491418912E-07) (runs 2)))
   ((Gc Top_heap_words)
    ((success true) (mean 360491520) (stddev 0) (mini 360491520)
     (maxi 360491520) (runs 2)))
   ((Gc Minor_collections)
    ((success true) (mean 763) (stddev 0) (mini 763) (maxi 763) (runs 2)))
   ((Gc Major_collections)
    ((success true) (mean 0) (stddev 0) (mini 0) (maxi 0) (runs 2)))
   ((Gc Compactions)
    ((success true) (mean 0) (stddev 0) (mini 0) (maxi 0) (runs 2)))
   ((Gc Heap_words)
    ((success true) (mean 360491520) (stddev 0) (mini 360491520)
     (maxi 360491520) (runs 2)))
   ((Gc Heap_chunks)
    ((success true) (mean 2) (stddev 0) (mini 2) (maxi 2) (runs 2)))))
 (error ()))
