((success true) (name numal-rnd_access)
 (context_id 4.06.1+multicore+cas-promotion+bench) (weight 1)
 (data
  (((Time Real)
    ((success true) (mean 5522462390.5) (stddev 2303480.2427814528)
     (mini 5520833584) (maxi 5524091197) (runs 2)))
   (Size
    ((success true) (mean 593108) (stddev 0) (mini 593108) (maxi 593108)
     (runs 1)))
   ((Size Code)
    ((success true) (mean 414760) (stddev 0) (mini 414760) (maxi 414760)
     (runs 1)))
   ((Size Data)
    ((success true) (mean 178348) (stddev 0) (mini 178348) (maxi 178348)
     (runs 1)))
   ((Gc Minor_words)
    ((success true) (mean 201631202) (stddev 24358.414398314188)
     (mini 201613978) (maxi 201648426) (runs 2)))
   ((Gc Major_words)
    ((success true) (mean 200000221) (stddev 0) (mini 200000221)
     (maxi 200000221) (runs 2)))
   ((Gc Promoted_words)
    ((success true) (mean 7.0425608550502817E-07)
     (stddev 8.5078903478822789E-11) (mini 7.0419592563544232E-07)
     (maxi 7.0431624537461391E-07) (runs 2)))
   ((Gc Minor_collections)
    ((success true) (mean 763) (stddev 0) (mini 763) (maxi 763) (runs 2)))
   ((Gc Major_collections)
    ((success true) (mean 1) (stddev 0) (mini 1) (maxi 1) (runs 2)))))
 (error ()))
