((success true) (name numal-naive-multilayer) (context_id 4.06.1+trunk+bench)
 (weight 1)
 (data
  (((Time Real)
    ((success true) (mean 2375880861.3333335) (stddev 16859885.305190731)
     (mini 2364109812) (maxi 2395195367) (runs 3)))
   (Size
    ((success true) (mean 1074833) (stddev 0) (mini 1074833) (maxi 1074833)
     (runs 1)))
   ((Size Code)
    ((success true) (mean 733333) (stddev 0) (mini 733333) (maxi 733333)
     (runs 1)))
   ((Size Data)
    ((success true) (mean 341500) (stddev 0) (mini 341500) (maxi 341500)
     (runs 1)))
   ((Gc Minor_words)
    ((success true) (mean 2170639423) (stddev 0) (mini 2170639423)
     (maxi 2170639423) (runs 3)))
   ((Gc Major_words)
    ((success true) (mean 1282790) (stddev 0) (mini 1282790) (maxi 1282790)
     (runs 3)))
   ((Gc Promoted_words)
    ((success true) (mean 1282438) (stddev 0) (mini 1282438) (maxi 1282438)
     (runs 3)))
   ((Gc Top_heap_words)
    ((success true) (mean 565248) (stddev 0) (mini 565248) (maxi 565248)
     (runs 3)))
   ((Gc Minor_collections)
    ((success true) (mean 8352) (stddev 0) (mini 8352) (maxi 8352) (runs 3)))
   ((Gc Major_collections)
    ((success true) (mean 143) (stddev 0) (mini 143) (maxi 143) (runs 3)))
   ((Gc Compactions)
    ((success true) (mean 2) (stddev 0) (mini 2) (maxi 2) (runs 3)))
   ((Gc Heap_words)
    ((success true) (mean 73728) (stddev 0) (mini 73728) (maxi 73728)
     (runs 3)))
   ((Gc Heap_chunks)
    ((success true) (mean 1) (stddev 0) (mini 1) (maxi 1) (runs 3)))))
 (error ()))
