((success true) (name numal-naive-multilayer)
 (context_id 4.08.0+trunk+flambda+bench) (weight 1)
 (data
  (((Time Real)
    ((success true) (mean 2055517698.5) (stddev 1125685.004270955)
     (mini 2054721719) (maxi 2056313678) (runs 2)))
   (Size
    ((success true) (mean 1452420) (stddev 0) (mini 1452420) (maxi 1452420)
     (runs 1)))
   ((Size Code)
    ((success true) (mean 1084672) (stddev 0) (mini 1084672) (maxi 1084672)
     (runs 1)))
   ((Size Data)
    ((success true) (mean 367748) (stddev 0) (mini 367748) (maxi 367748)
     (runs 1)))
   ((Gc Minor_words)
    ((success true) (mean 1881753203) (stddev 0) (mini 1881753203)
     (maxi 1881753203) (runs 2)))
   ((Gc Major_words)
    ((success true) (mean 1669706) (stddev 0) (mini 1669706) (maxi 1669706)
     (runs 2)))
   ((Gc Promoted_words)
    ((success true) (mean 1669354) (stddev 0) (mini 1669354) (maxi 1669354)
     (runs 2)))
   ((Gc Top_heap_words)
    ((success true) (mean 565248) (stddev 0) (mini 565248) (maxi 565248)
     (runs 2)))
   ((Gc Minor_collections)
    ((success true) (mean 7735) (stddev 0) (mini 7735) (maxi 7735) (runs 2)))
   ((Gc Major_collections)
    ((success true) (mean 1114) (stddev 0) (mini 1114) (maxi 1114) (runs 2)))
   ((Gc Compactions)
    ((success true) (mean 2) (stddev 0) (mini 2) (maxi 2) (runs 2)))
   ((Gc Heap_words)
    ((success true) (mean 73728) (stddev 0) (mini 73728) (maxi 73728)
     (runs 2)))
   ((Gc Heap_chunks)
    ((success true) (mean 1) (stddev 0) (mini 1) (maxi 1) (runs 2)))))
 (error ()))
