((success true) (name menhir-fancy)
 (context_id 4.06.1+multicore+xchg-writes+bench) (weight 1)
 (data
  (((Time Real)
    ((success true) (mean 19486193.291262135) (stddev 2300744.4996787566)
     (mini 18908891) (maxi 38664422) (runs 206)))
   (Size
    ((success true) (mean 4138044) (stddev 0) (mini 4138044) (maxi 4138044)
     (runs 1)))
   ((Size Code)
    ((success true) (mean 3040612) (stddev 0) (mini 3040612) (maxi 3040612)
     (runs 1)))
   ((Size Data)
    ((success true) (mean 1097432) (stddev 0) (mini 1097432) (maxi 1097432)
     (runs 1)))
   ((Gc Minor_words)
    ((success true) (mean 2670368) (stddev 0) (mini 2670368) (maxi 2670368)
     (runs 206)))
   ((Gc Major_words)
    ((success true) (mean 327890) (stddev 0) (mini 327890) (maxi 327890)
     (runs 206)))
   ((Gc Promoted_words)
    ((success true) (mean 0.0732464589150261) (stddev 1.5302754382040341E-16)
     (mini 0.073246458915025944) (maxi 0.073246458915025944) (runs 206)))
   ((Gc Minor_collections)
    ((success true) (mean 10) (stddev 0) (mini 10) (maxi 10) (runs 206)))
   ((Gc Major_collections)
    ((success true) (mean 1) (stddev 0) (mini 1) (maxi 1) (runs 206)))))
 (error ()))
