((success true) (name numal-qr-decomposition)
 (context_id 4.08.0+trunk+flambda+bench) (weight 1)
 (data
  (((Time Real)
    ((success true) (mean 1168259244.25) (stddev 471464.20115449908)
     (mini 1167732614) (maxi 1168790609) (runs 4)))
   (Size
    ((success true) (mean 1264972) (stddev 0) (mini 1264972) (maxi 1264972)
     (runs 1)))
   ((Size Code)
    ((success true) (mean 963856) (stddev 0) (mini 963856) (maxi 963856)
     (runs 1)))
   ((Size Data)
    ((success true) (mean 301116) (stddev 0) (mini 301116) (maxi 301116)
     (runs 1)))
   ((Gc Minor_words)
    ((success true) (mean 1711433726) (stddev 0) (mini 1711433726)
     (maxi 1711433726) (runs 4)))
   ((Gc Major_words)
    ((success true) (mean 2687982) (stddev 0) (mini 2687982) (maxi 2687982)
     (runs 4)))
   ((Gc Promoted_words)
    ((success true) (mean 2687982) (stddev 0) (mini 2687982) (maxi 2687982)
     (runs 4)))
   ((Gc Top_heap_words)
    ((success true) (mean 605696) (stddev 0) (mini 605696) (maxi 605696)
     (runs 4)))
   ((Gc Minor_collections)
    ((success true) (mean 6556) (stddev 0) (mini 6556) (maxi 6556) (runs 4)))
   ((Gc Major_collections)
    ((success true) (mean 48) (stddev 0) (mini 48) (maxi 48) (runs 4)))
   ((Gc Compactions)
    ((success true) (mean 2) (stddev 0) (mini 2) (maxi 2) (runs 4)))
   ((Gc Heap_words)
    ((success true) (mean 237056) (stddev 0) (mini 237056) (maxi 237056)
     (runs 4)))
   ((Gc Heap_chunks)
    ((success true) (mean 3) (stddev 0) (mini 3) (maxi 3) (runs 4)))))
 (error ()))
