((success true) (name numal-simple_access) (context_id 4.08.0+trunk+bench)
 (weight 1)
 (data
  (((Time Real)
    ((success true) (mean 3023574888) (stddev 1552897.0011536502)
     (mini 3022476824) (maxi 3024672952) (runs 2)))
   (Size
    ((success true) (mean 417197) (stddev 0) (mini 417197) (maxi 417197)
     (runs 1)))
   ((Size Code)
    ((success true) (mean 308225) (stddev 0) (mini 308225) (maxi 308225)
     (runs 1)))
   ((Size Data)
    ((success true) (mean 108972) (stddev 0) (mini 108972) (maxi 108972)
     (runs 1)))
   ((Gc Minor_words)
    ((success true) (mean 640006203) (stddev 0) (mini 640006203)
     (maxi 640006203) (runs 2)))
   ((Gc Major_words)
    ((success true) (mean 220001887) (stddev 0) (mini 220001887)
     (maxi 220001887) (runs 2)))
   ((Gc Promoted_words)
    ((success true) (mean 200001886) (stddev 0) (mini 200001886)
     (maxi 200001886) (runs 2)))
   ((Gc Top_heap_words)
    ((success true) (mean 224531968) (stddev 0) (mini 224531968)
     (maxi 224531968) (runs 2)))
   ((Gc Minor_collections)
    ((success true) (mean 2446) (stddev 0) (mini 2446) (maxi 2446) (runs 2)))
   ((Gc Major_collections)
    ((success true) (mean 9) (stddev 0) (mini 9) (maxi 9) (runs 2)))
   ((Gc Compactions)
    ((success true) (mean 0) (stddev 0) (mini 0) (maxi 0) (runs 2)))
   ((Gc Heap_words)
    ((success true) (mean 224531968) (stddev 0) (mini 224531968)
     (maxi 224531968) (runs 2)))
   ((Gc Heap_chunks)
    ((success true) (mean 15) (stddev 0) (mini 15) (maxi 15) (runs 2)))))
 (error ()))
