((success true) (name setrip)
 (context_id 4.06.1+multicore+no-effect-syntax+bench) (weight 1)
 (data
  (((Time Real)
    ((success true) (mean 968239962.8) (stddev 5472071.3689364195)
     (mini 961748986) (maxi 976230772) (runs 5)))
   (Size
    ((success true) (mean 1368581) (stddev 0) (mini 1368581) (maxi 1368581)
     (runs 1)))
   ((Size Code)
    ((success true) (mean 1068285) (stddev 0) (mini 1068285) (maxi 1068285)
     (runs 1)))
   ((Size Data)
    ((success true) (mean 300296) (stddev 0) (mini 300296) (maxi 300296)
     (runs 1)))
   ((Gc Minor_words)
    ((success true) (mean 169514388) (stddev 0) (mini 169514388)
     (maxi 169514388) (runs 5)))
   ((Gc Major_words)
    ((success true) (mean 13231) (stddev 0) (mini 13231) (maxi 13231)
     (runs 5)))
   ((Gc Promoted_words)
    ((success true) (mean 4952) (stddev 0) (mini 4952) (maxi 4952) (runs 5)))
   ((Gc Top_heap_words)
    ((success true) (mean 65539) (stddev 0) (mini 65539) (maxi 65539)
     (runs 5)))
   ((Gc Minor_collections)
    ((success true) (mean 639) (stddev 0) (mini 639) (maxi 639) (runs 5)))
   ((Gc Major_collections)
    ((success true) (mean 13) (stddev 0) (mini 13) (maxi 13) (runs 5)))
   ((Gc Heap_words)
    ((success true) (mean 65539) (stddev 0) (mini 65539) (maxi 65539)
     (runs 5)))
   ((Gc Mean_space_overhead)
    ((success true) (mean 624.297617) (stddev 0) (mini 624.297617)
     (maxi 624.297617) (runs 5)))))
 (error ()))
