((success true) (name bdd) (context_id 4.06.1+multicore+bench) (weight 1)
 (data
  (((Time Real)
    ((success true) (mean 207841353.35) (stddev 1154593.8445341892)
     (mini 206195070) (maxi 210915384) (runs 20)))
   (Size
    ((success true) (mean 831476) (stddev 0) (mini 831476) (maxi 831476)
     (runs 1)))
   ((Size Code)
    ((success true) (mean 636744) (stddev 0) (mini 636744) (maxi 636744)
     (runs 1)))
   ((Size Data)
    ((success true) (mean 194732) (stddev 0) (mini 194732) (maxi 194732)
     (runs 1)))
   ((Gc Minor_words)
    ((success true) (mean 78354226) (stddev 0) (mini 78354226)
     (maxi 78354226) (runs 20)))
   ((Gc Major_words)
    ((success true) (mean 617962) (stddev 0) (mini 617962) (maxi 617962)
     (runs 20)))
   ((Gc Promoted_words)
    ((success true) (mean 0.00611326311869892) (stddev 0)
     (mini 0.00611326311869892) (maxi 0.00611326311869892) (runs 20)))
   ((Gc Minor_collections)
    ((success true) (mean 292) (stddev 0) (mini 292) (maxi 292) (runs 20)))
   ((Gc Major_collections)
    ((success true) (mean 10) (stddev 0) (mini 10) (maxi 10) (runs 20)))))
 (error ()))
