((success true) (name almabench)
 (context_id 4.06.1+multicore+cas-promotion+bench) (weight 1)
 (data
  (((Time Real)
    ((success true) (mean 1711243112.6666667) (stddev 4004714.0642842823)
     (mini 1707354600) (maxi 1715354703) (runs 3)))
   (Size
    ((success true) (mean 879800) (stddev 0) (mini 879800) (maxi 879800)
     (runs 1)))
   ((Size Code)
    ((success true) (mean 624204) (stddev 0) (mini 624204) (maxi 624204)
     (runs 1)))
   ((Size Data)
    ((success true) (mean 255596) (stddev 0) (mini 255596) (maxi 255596)
     (runs 1)))
   ((Gc Minor_words)
    ((success true) (mean 12771504) (stddev 0) (mini 12771504)
     (maxi 12771504) (runs 3)))
   ((Gc Major_words)
    ((success true) (mean 1065) (stddev 0) (mini 1065) (maxi 1065) (runs 3)))
   ((Gc Promoted_words)
    ((success true) (mean 7.7281422767436E-05) (stddev 0)
     (mini 7.7281422767436E-05) (maxi 7.7281422767436E-05) (runs 3)))
   ((Gc Minor_collections)
    ((success true) (mean 44) (stddev 0) (mini 44) (maxi 44) (runs 3)))
   ((Gc Major_collections)
    ((success true) (mean 3) (stddev 0) (mini 3) (maxi 3) (runs 3)))))
 (error ()))
