((success true) (name menhir-fancy) (context_id 4.06.1+multicore+bench)
 (weight 1)
 (data
  (((Time Real)
    ((success true) (mean 15341605.402298851) (stddev 1210732.3516314775)
     (mini 14969514) (maxi 22105090) (runs 261)))
   (Size
    ((success true) (mean 3971145) (stddev 0) (mini 3971145) (maxi 3971145)
     (runs 1)))
   ((Size Code)
    ((success true) (mean 2937497) (stddev 0) (mini 2937497) (maxi 2937497)
     (runs 1)))
   ((Size Data)
    ((success true) (mean 1033648) (stddev 0) (mini 1033648) (maxi 1033648)
     (runs 1)))
   ((Gc Minor_words)
    ((success true) (mean 1359641) (stddev 0) (mini 1359641) (maxi 1359641)
     (runs 261)))
   ((Gc Major_words)
    ((success true) (mean 272089) (stddev 0) (mini 272089) (maxi 272089)
     (runs 261)))
   ((Gc Promoted_words)
    ((success true) (mean 0.10357072197734517) (stddev 3.19802355725437E-16)
     (mini 0.10357072197734549) (maxi 0.10357072197734549) (runs 261)))
   ((Gc Top_heap_words)
    ((success true) (mean 357664) (stddev 0) (mini 357664) (maxi 357664)
     (runs 261)))
   ((Gc Minor_collections)
    ((success true) (mean 5) (stddev 0) (mini 5) (maxi 5) (runs 261)))
   ((Gc Major_collections)
    ((success true) (mean 1) (stddev 0) (mini 1) (maxi 1) (runs 261)))
   ((Gc Heap_words)
    ((success true) (mean 357664) (stddev 0) (mini 357664) (maxi 357664)
     (runs 261)))
   ((Gc Mean_space_overhead)
    ((success true) (mean 0) (stddev 0) (mini 0) (maxi 0) (runs 261)))))
 (error ()))
