((success true) (name bdd) (context_id 4.06.1+multicore-lazy+bench)
 (weight 1)
 (data
  (((Time Real)
    ((success true) (mean 204098727.8) (stddev 682033.51713484456)
     (mini 203074442) (maxi 205894907) (runs 20)))
   (Size
    ((success true) (mean 825729) (stddev 0) (mini 825729) (maxi 825729)
     (runs 1)))
   ((Size Code)
    ((success true) (mean 639173) (stddev 0) (mini 639173) (maxi 639173)
     (runs 1)))
   ((Size Data)
    ((success true) (mean 186556) (stddev 0) (mini 186556) (maxi 186556)
     (runs 1)))
   ((Gc Minor_words)
    ((success true) (mean 78092088) (stddev 0) (mini 78092088)
     (maxi 78092088) (runs 20)))
   ((Gc Major_words)
    ((success true) (mean 583194) (stddev 0) (mini 583194) (maxi 583194)
     (runs 20)))
   ((Gc Promoted_words)
    ((success true) (mean 444232) (stddev 0) (mini 444232) (maxi 444232)
     (runs 20)))
   ((Gc Top_heap_words)
    ((success true) (mean 573081) (stddev 0) (mini 573081) (maxi 573081)
     (runs 20)))
   ((Gc Minor_collections)
    ((success true) (mean 291) (stddev 0) (mini 291) (maxi 291) (runs 20)))
   ((Gc Major_collections)
    ((success true) (mean 5) (stddev 0) (mini 5) (maxi 5) (runs 20)))
   ((Gc Heap_words)
    ((success true) (mean 573081) (stddev 0) (mini 573081) (maxi 573081)
     (runs 20)))
   ((Gc Mean_space_overhead)
    ((success true) (mean 29.488469000000002) (stddev 3.645007325606123E-15)
     (mini 29.488469) (maxi 29.488469) (runs 20)))))
 (error ()))
