((success true) (name numal-k-means) (context_id 4.06.1+multicore+bench)
 (weight 1)
 (data
  (((Time Real)
    ((success true) (mean 90032764.666666672) (stddev 858573.479802584)
     (mini 88780910) (maxi 92245835) (runs 45)))
   (Size
    ((success true) (mean 13644405) (stddev 0) (mini 13644405)
     (maxi 13644405) (runs 1)))
   ((Size Code)
    ((success true) (mean 11005009) (stddev 0) (mini 11005009)
     (maxi 11005009) (runs 1)))
   ((Size Data)
    ((success true) (mean 2639396) (stddev 0) (mini 2639396) (maxi 2639396)
     (runs 1)))
   ((Gc Minor_words)
    ((success true) (mean 2563546) (stddev 0) (mini 2563546) (maxi 2563546)
     (runs 45)))
   ((Gc Major_words)
    ((success true) (mean 526355) (stddev 0) (mini 526355) (maxi 526355)
     (runs 45)))
   ((Gc Promoted_words)
    ((success true) (mean 0.13695092656812083)
     (stddev 5.6138415787935387E-17) (mini 0.13695092656812088)
     (maxi 0.13695092656812088) (runs 45)))
   ((Gc Top_heap_words)
    ((success true) (mean 560227) (stddev 0) (mini 560227) (maxi 560227)
     (runs 45)))
   ((Gc Minor_collections)
    ((success true) (mean 2) (stddev 0) (mini 2) (maxi 2) (runs 45)))
   ((Gc Major_collections)
    ((success true) (mean 2) (stddev 0) (mini 2) (maxi 2) (runs 45)))
   ((Gc Heap_words)
    ((success true) (mean 560227) (stddev 0) (mini 560227) (maxi 560227)
     (runs 45)))
   ((Gc Mean_space_overhead)
    ((success true) (mean 8.3165999999999958) (stddev 3.5928586104278648E-15)
     (mini 8.3166) (maxi 8.3166) (runs 45)))))
 (error ()))
