((success true) (name menhir-sql) (context_id 4.06.1+multicore+bench)
 (weight 1)
 (data
  (((Time Real)
    ((success true) (mean 3523103827.3333335) (stddev 26666334.775974467)
     (mini 3494364340) (maxi 3547045656) (runs 3)))
   (Size
    ((success true) (mean 3967044) (stddev 0) (mini 3967044) (maxi 3967044)
     (runs 1)))
   ((Size Code)
    ((success true) (mean 2934196) (stddev 0) (mini 2934196) (maxi 2934196)
     (runs 1)))
   ((Size Data)
    ((success true) (mean 1032848) (stddev 0) (mini 1032848) (maxi 1032848)
     (runs 1)))
   ((Gc Minor_words)
    ((success true) (mean 1005055011) (stddev 0) (mini 1005055011)
     (maxi 1005055011) (runs 3)))
   ((Gc Major_words)
    ((success true) (mean 50751588) (stddev 0) (mini 50751588)
     (maxi 50751588) (runs 3)))
   ((Gc Promoted_words)
    ((success true) (mean 0.042753748331891057) (stddev 0)
     (mini 0.042753748331891057) (maxi 0.042753748331891057) (runs 3)))
   ((Gc Top_heap_words)
    ((success true) (mean 36610936) (stddev 0) (mini 36610936)
     (maxi 36610936) (runs 3)))
   ((Gc Minor_collections)
    ((success true) (mean 3857) (stddev 0) (mini 3857) (maxi 3857) (runs 3)))
   ((Gc Major_collections)
    ((success true) (mean 21) (stddev 0) (mini 21) (maxi 21) (runs 3)))
   ((Gc Heap_words)
    ((success true) (mean 34300795) (stddev 0) (mini 34300795)
     (maxi 34300795) (runs 3)))))
 (error ()))
