((success true) (name menhir-fancy) (context_id 4.06.1+multicore+bench)
 (weight 1)
 (data
  (((Time Real)
    ((success true) (mean 15185101.030303031) (stddev 730657.762570257)
     (mini 14928031) (maxi 21922071) (runs 264)))
   (Size
    ((success true) (mean 3971787) (stddev 0) (mini 3971787) (maxi 3971787)
     (runs 1)))
   ((Size Code)
    ((success true) (mean 2938139) (stddev 0) (mini 2938139) (maxi 2938139)
     (runs 1)))
   ((Size Data)
    ((success true) (mean 1033648) (stddev 0) (mini 1033648) (maxi 1033648)
     (runs 1)))
   ((Gc Minor_words)
    ((success true) (mean 1359641) (stddev 0) (mini 1359641) (maxi 1359641)
     (runs 264)))
   ((Gc Major_words)
    ((success true) (mean 272089) (stddev 0) (mini 272089) (maxi 272089)
     (runs 264)))
   ((Gc Promoted_words)
    ((success true) (mean 140819) (stddev 0) (mini 140819) (maxi 140819)
     (runs 264)))
   ((Gc Top_heap_words)
    ((success true) (mean 357664) (stddev 0) (mini 357664) (maxi 357664)
     (runs 264)))
   ((Gc Minor_collections)
    ((success true) (mean 5) (stddev 0) (mini 5) (maxi 5) (runs 264)))
   ((Gc Major_collections)
    ((success true) (mean 1) (stddev 0) (mini 1) (maxi 1) (runs 264)))
   ((Gc Heap_words)
    ((success true) (mean 357664) (stddev 0) (mini 357664) (maxi 357664)
     (runs 264)))
   ((Gc Mean_space_overhead)
    ((success true) (mean 0) (stddev 0) (mini 0) (maxi 0) (runs 264)))))
 (error ()))
