((success true) (name almabench) (context_id 4.06.1+multicore+bench)
 (weight 1)
 (data
  (((Time Real)
    ((success true) (mean 1710827291.3333333) (stddev 1776071.2827497474)
     (mini 1708910413) (maxi 1712417088) (runs 3)))
   (Size
    ((success true) (mean 869775) (stddev 0) (mini 869775) (maxi 869775)
     (runs 1)))
   ((Size Code)
    ((success true) (mean 619299) (stddev 0) (mini 619299) (maxi 619299)
     (runs 1)))
   ((Size Data)
    ((success true) (mean 250476) (stddev 0) (mini 250476) (maxi 250476)
     (runs 1)))
   ((Gc Minor_words)
    ((success true) (mean 12771488) (stddev 0) (mini 12771488)
     (maxi 12771488) (runs 3)))
   ((Gc Major_words)
    ((success true) (mean 975) (stddev 0) (mini 975) (maxi 975) (runs 3)))
   ((Gc Promoted_words)
    ((success true) (mean 7.0234572510266617E-05) (stddev 0)
     (mini 7.0234572510266617E-05) (maxi 7.0234572510266617E-05) (runs 3)))
   ((Gc Minor_collections)
    ((success true) (mean 44) (stddev 0) (mini 44) (maxi 44) (runs 3)))
   ((Gc Major_collections)
    ((success true) (mean 1) (stddev 0) (mini 1) (maxi 1) (runs 3)))))
 (error ()))
