((success true) (name jsontrip-sample)
 (context_id 4.06.1+multicore+scheduling+bench) (weight 1)
 (data
  (((Time Real)
    ((success true) (mean 17684637.54185022) (stddev 299530.9133936367)
     (mini 17185266) (maxi 18608031) (runs 227)))
   (Size
    ((success true) (mean 1656459) (stddev 0) (mini 1656459) (maxi 1656459)
     (runs 1)))
   ((Size Code)
    ((success true) (mean 1287459) (stddev 0) (mini 1287459) (maxi 1287459)
     (runs 1)))
   ((Size Data)
    ((success true) (mean 369000) (stddev 0) (mini 369000) (maxi 369000)
     (runs 1)))
   ((Gc Minor_words)
    ((success true) (mean 5379537) (stddev 0) (mini 5379537) (maxi 5379537)
     (runs 227)))
   ((Gc Major_words)
    ((success true) (mean 26943) (stddev 0) (mini 26943) (maxi 26943)
     (runs 227)))
   ((Gc Promoted_words)
    ((success true) (mean 0.0019460782591512891)
     (stddev 9.5620641803127366E-18) (mini 0.0019460782591512987)
     (maxi 0.0019460782591512987) (runs 227)))
   ((Gc Top_heap_words)
    ((success true) (mean 94607) (stddev 0) (mini 94607) (maxi 94607)
     (runs 227)))
   ((Gc Minor_collections)
    ((success true) (mean 18) (stddev 0) (mini 18) (maxi 18) (runs 227)))
   ((Gc Major_collections)
    ((success true) (mean 2) (stddev 0) (mini 2) (maxi 2) (runs 227)))
   ((Gc Heap_words)
    ((success true) (mean 94607) (stddev 0) (mini 94607) (maxi 94607)
     (runs 227)))
   ((Gc Mean_space_overhead)
    ((success true) (mean 334.79110499999814) (stddev 1.8799783143629267E-12)
     (mini 334.791105) (maxi 334.791105) (runs 227)))))
 (error ()))
