((success true) (name patdiff) (context_id 4.06.1+trunk+bench) (weight 1)
 (data
  (((Time Real)
    ((success true) (mean 219380813.21052632) (stddev 4843973.8961658161)
     (mini 214862696) (maxi 228876501) (runs 19)))
   (Size
    ((success true) (mean 18406233) (stddev 0) (mini 18406233)
     (maxi 18406233) (runs 1)))
   ((Size Code)
    ((success true) (mean 14151857) (stddev 0) (mini 14151857)
     (maxi 14151857) (runs 1)))
   ((Size Data)
    ((success true) (mean 4254376) (stddev 0) (mini 4254376) (maxi 4254376)
     (runs 1)))
   ((Gc Minor_words)
    ((success true) (mean 36596868) (stddev 0) (mini 36596868)
     (maxi 36596868) (runs 19)))
   ((Gc Major_words)
    ((success true) (mean 9210059) (stddev 0) (mini 9210059) (maxi 9210059)
     (runs 19)))
   ((Gc Promoted_words)
    ((success true) (mean 6836019) (stddev 0) (mini 6836019) (maxi 6836019)
     (runs 19)))
   ((Gc Top_heap_words)
    ((success true) (mean 3861504) (stddev 0) (mini 3861504) (maxi 3861504)
     (runs 19)))
   ((Gc Minor_collections)
    ((success true) (mean 151) (stddev 0) (mini 151) (maxi 151) (runs 19)))
   ((Gc Major_collections)
    ((success true) (mean 10) (stddev 0) (mini 10) (maxi 10) (runs 19)))
   ((Gc Compactions)
    ((success true) (mean 1) (stddev 0) (mini 1) (maxi 1) (runs 19)))
   ((Gc Heap_words)
    ((success true) (mean 3824640) (stddev 0) (mini 3824640) (maxi 3824640)
     (runs 19)))
   ((Gc Heap_chunks)
    ((success true) (mean 11) (stddev 0) (mini 11) (maxi 11) (runs 19)))))
 (error ()))
