((success true) (name kb) (context_id 4.06.1+multicore+bench) (weight 1)
 (data
  (((Time Real)
    ((success true) (mean 744911249.5) (stddev 20853823.639986511)
     (mini 720803410) (maxi 768996797) (runs 6)))
   (Size
    ((success true) (mean 956865) (stddev 0) (mini 956865) (maxi 956865)
     (runs 1)))
   ((Size Code)
    ((success true) (mean 689589) (stddev 0) (mini 689589) (maxi 689589)
     (runs 1)))
   ((Size Data)
    ((success true) (mean 267276) (stddev 0) (mini 267276) (maxi 267276)
     (runs 1)))
   ((Gc Minor_words)
    ((success true) (mean 91530736) (stddev 0) (mini 91530736)
     (maxi 91530736) (runs 6)))
   ((Gc Major_words)
    ((success true) (mean 4878448) (stddev 0) (mini 4878448) (maxi 4878448)
     (runs 6)))
   ((Gc Promoted_words)
    ((success true) (mean 0.053297615786679568) (stddev 0)
     (mini 0.053297615786679568) (maxi 0.053297615786679568) (runs 6)))
   ((Gc Minor_collections)
    ((success true) (mean 345) (stddev 0) (mini 345) (maxi 345) (runs 6)))
   ((Gc Major_collections)
    ((success true) (mean 178) (stddev 0) (mini 178) (maxi 178) (runs 6)))))
 (error ()))
