((success true) (name almabench) (context_id 4.06.1+multicore+bench)
 (weight 1)
 (data
  (((Time Real)
    ((success true) (mean 2513882848.8) (stddev 57917591.198728956)
     (mini 2445831593) (maxi 2578504163) (runs 5)))
   (Size
    ((success true) (mean 879779) (stddev 0) (mini 879779) (maxi 879779)
     (runs 1)))
   ((Size Code)
    ((success true) (mean 624183) (stddev 0) (mini 624183) (maxi 624183)
     (runs 1)))
   ((Size Data)
    ((success true) (mean 255596) (stddev 0) (mini 255596) (maxi 255596)
     (runs 1)))
   ((Gc Minor_words)
    ((success true) (mean 12771488) (stddev 0) (mini 12771488)
     (maxi 12771488) (runs 5)))
   ((Gc Major_words)
    ((success true) (mean 975) (stddev 0) (mini 975) (maxi 975) (runs 5)))
   ((Gc Promoted_words)
    ((success true) (mean 7.0234572510266617E-05) (stddev 0)
     (mini 7.0234572510266617E-05) (maxi 7.0234572510266617E-05) (runs 5)))
   ((Gc Minor_collections)
    ((success true) (mean 44) (stddev 0) (mini 44) (maxi 44) (runs 5)))
   ((Gc Major_collections)
    ((success true) (mean 1) (stddev 0) (mini 1) (maxi 1) (runs 5)))))
 (error ()))
