((success true) (name menhir-sql) (context_id 4.06.1+multicore+bench)
 (weight 1)
 (data
  (((Time Real)
    ((success true) (mean 3318880832.3333335) (stddev 13600136.329369435)
     (mini 3303253823) (maxi 3328040124) (runs 3)))
   (Size
    ((success true) (mean 4078245) (stddev 0) (mini 4078245) (maxi 4078245)
     (runs 1)))
   ((Size Code)
    ((success true) (mean 2998977) (stddev 0) (mini 2998977) (maxi 2998977)
     (runs 1)))
   ((Size Data)
    ((success true) (mean 1079268) (stddev 0) (mini 1079268) (maxi 1079268)
     (runs 1)))
   ((Gc Minor_words)
    ((success true) (mean 1007379332) (stddev 0) (mini 1007379332)
     (maxi 1007379332) (runs 3)))
   ((Gc Major_words)
    ((success true) (mean 55346570) (stddev 0) (mini 55346570)
     (maxi 55346570) (runs 3)))
   ((Gc Promoted_words)
    ((success true) (mean 45685452) (stddev 0) (mini 45685452)
     (maxi 45685452) (runs 3)))
   ((Gc Top_heap_words)
    ((success true) (mean 49089295) (stddev 0) (mini 49089295)
     (maxi 49089295) (runs 3)))
   ((Gc Minor_collections)
    ((success true) (mean 3867) (stddev 0) (mini 3867) (maxi 3867) (runs 3)))
   ((Gc Major_collections)
    ((success true) (mean 15) (stddev 0) (mini 15) (maxi 15) (runs 3)))
   ((Gc Heap_words)
    ((success true) (mean 49089295) (stddev 0) (mini 49089295)
     (maxi 49089295) (runs 3)))
   ((Gc Mean_space_overhead)
    ((success true) (mean 9.349187) (stddev 0) (mini 9.349187)
     (maxi 9.349187) (runs 3)))))
 (error ()))
