((success true) (name numal-simple_access)
 (context_id 4.06.1+multicore+bench) (weight 1)
 (data
  (((Time Real)
    ((success true) (mean 2670083946.6666665) (stddev 6422380.0022172723)
     (mini 2663839958) (maxi 2676670969) (runs 3)))
   (Size
    ((success true) (mean 422485) (stddev 0) (mini 422485) (maxi 422485)
     (runs 1)))
   ((Size Code)
    ((success true) (mean 329841) (stddev 0) (mini 329841) (maxi 329841)
     (runs 1)))
   ((Size Data)
    ((success true) (mean 92644) (stddev 0) (mini 92644) (maxi 92644)
     (runs 1)))
   ((Gc Minor_words)
    ((success true) (mean 207971917) (stddev 0) (mini 207971917)
     (maxi 207971917) (runs 3)))
   ((Gc Major_words)
    ((success true) (mean 192577233) (stddev 0) (mini 192577233)
     (maxi 192577233) (runs 3)))
   ((Gc Promoted_words)
    ((success true) (mean 0.82980989207307265)
     (stddev 1.3597399555105182E-16) (mini 0.82980989207307254)
     (maxi 0.82980989207307254) (runs 3)))
   ((Gc Top_heap_words)
    ((success true) (mean 192855299) (stddev 0) (mini 192855299)
     (maxi 192855299) (runs 3)))
   ((Gc Minor_collections)
    ((success true) (mean 791) (stddev 0) (mini 791) (maxi 791) (runs 3)))
   ((Gc Major_collections)
    ((success true) (mean 7) (stddev 0) (mini 7) (maxi 7) (runs 3)))
   ((Gc Heap_words)
    ((success true) (mean 192855299) (stddev 0) (mini 192855299)
     (maxi 192855299) (runs 3)))
   ((Gc Mean_space_overhead)
    ((success true) (mean 0.140047) (stddev 0) (mini 0.140047)
     (maxi 0.140047) (runs 3)))))
 (error ()))
