((success true) (name sequence) (context_id 4.06.1+scheduling+bench)
 (weight 1)
 (data
  (((Time Real)
    ((success true) (mean 805769396.2) (stddev 606402.3320871219)
     (mini 805127235) (maxi 806584077) (runs 5)))
   (Size
    ((success true) (mean 859407) (stddev 0) (mini 859407) (maxi 859407)
     (runs 1)))
   ((Size Code)
    ((success true) (mean 643163) (stddev 0) (mini 643163) (maxi 643163)
     (runs 1)))
   ((Size Data)
    ((success true) (mean 216244) (stddev 0) (mini 216244) (maxi 216244)
     (runs 1)))
   ((Gc Minor_words)
    ((success true) (mean 750492511) (stddev 0) (mini 750492511)
     (maxi 750492511) (runs 5)))
   ((Gc Major_words)
    ((success true) (mean 37521) (stddev 0) (mini 37521) (maxi 37521)
     (runs 5)))
   ((Gc Promoted_words)
    ((success true) (mean 37521) (stddev 0) (mini 37521) (maxi 37521)
     (runs 5)))
   ((Gc Top_heap_words)
    ((success true) (mean 565248) (stddev 0) (mini 565248) (maxi 565248)
     (runs 5)))
   ((Gc Minor_collections)
    ((success true) (mean 2877) (stddev 0) (mini 2877) (maxi 2877) (runs 5)))
   ((Gc Major_collections)
    ((success true) (mean 29) (stddev 0) (mini 29) (maxi 29) (runs 5)))
   ((Gc Compactions)
    ((success true) (mean 2) (stddev 0) (mini 2) (maxi 2) (runs 5)))
   ((Gc Heap_words)
    ((success true) (mean 73728) (stddev 0) (mini 73728) (maxi 73728)
     (runs 5)))
   ((Gc Heap_chunks)
    ((success true) (mean 1) (stddev 0) (mini 1) (maxi 1) (runs 5)))))
 (error ()))
