((success true) (name setrip-smallbuf) (context_id 4.06.1+multicore+bench)
 (weight 1)
 (data
  (((Time Real)
    ((success true) (mean 991009775.2) (stddev 14993224.026162792)
     (mini 980153899) (maxi 1017306297) (runs 5)))
   (Size
    ((success true) (mean 1487853) (stddev 0) (mini 1487853) (maxi 1487853)
     (runs 1)))
   ((Size Code)
    ((success true) (mean 1112189) (stddev 0) (mini 1112189) (maxi 1112189)
     (runs 1)))
   ((Size Data)
    ((success true) (mean 375664) (stddev 0) (mini 375664) (maxi 375664)
     (runs 1)))
   ((Gc Minor_words)
    ((success true) (mean 172397977) (stddev 0) (mini 172397977)
     (maxi 172397977) (runs 5)))
   ((Gc Major_words)
    ((success true) (mean 13309) (stddev 0) (mini 13309) (maxi 13309)
     (runs 5)))
   ((Gc Promoted_words)
    ((success true) (mean 2.9176676475733818E-05) (stddev 0)
     (mini 2.9176676475733818E-05) (maxi 2.9176676475733818E-05) (runs 5)))
   ((Gc Minor_collections)
    ((success true) (mean 650) (stddev 0) (mini 650) (maxi 650) (runs 5)))
   ((Gc Major_collections)
    ((success true) (mean 32) (stddev 0) (mini 32) (maxi 32) (runs 5)))))
 (error ()))
