((success true) (name sequence) (context_id 4.06.1+multicore+bench)
 (weight 1)
 (data
  (((Time Real)
    ((success true) (mean 833877397.4) (stddev 278736.55933389865)
     (mini 833573795) (maxi 834300067) (runs 5)))
   (Size
    ((success true) (mean 980017) (stddev 0) (mini 980017) (maxi 980017)
     (runs 1)))
   ((Size Code)
    ((success true) (mean 760613) (stddev 0) (mini 760613) (maxi 760613)
     (runs 1)))
   ((Size Data)
    ((success true) (mean 219404) (stddev 0) (mini 219404) (maxi 219404)
     (runs 1)))
   ((Gc Minor_words)
    ((success true) (mean 752030055) (stddev 0) (mini 752030055)
     (maxi 752030055) (runs 5)))
   ((Gc Major_words)
    ((success true) (mean 37421) (stddev 0) (mini 37421) (maxi 37421)
     (runs 5)))
   ((Gc Promoted_words)
    ((success true) (mean 4.9656260081254324E-05)
     (stddev 7.576092996970438E-21) (mini 4.9656260081254331E-05)
     (maxi 4.9656260081254331E-05) (runs 5)))
   ((Gc Minor_collections)
    ((success true) (mean 2862) (stddev 0) (mini 2862) (maxi 2862) (runs 5)))
   ((Gc Major_collections)
    ((success true) (mean 306) (stddev 0) (mini 306) (maxi 306) (runs 5)))))
 (error ()))
