((success false) (name menhir-sql) (context_id 4.06.1+multicore+bench)
 (weight 1)
 (data
  (((Time Real)
    ((success false) (mean 3428395800) (stddev -NAN) (mini 3428395800)
     (maxi 3428395800) (runs 1)))
   (Size
    ((success true) (mean 3967811) (stddev 0) (mini 3967811) (maxi 3967811)
     (runs 1)))
   ((Size Code)
    ((success true) (mean 2934931) (stddev 0) (mini 2934931) (maxi 2934931)
     (runs 1)))
   ((Size Data)
    ((success true) (mean 1032880) (stddev 0) (mini 1032880) (maxi 1032880)
     (runs 1)))
   ((Gc Minor_words)
    ((success false) (mean 1005055011) (stddev -NAN) (mini 1005055011)
     (maxi 1005055011) (runs 1)))
   ((Gc Major_words)
    ((success false) (mean 50751588) (stddev -NAN) (mini 50751588)
     (maxi 50751588) (runs 1)))
   ((Gc Promoted_words)
    ((success false) (mean 0.042753748331891057) (stddev -NAN)
     (mini 0.042753748331891057) (maxi 0.042753748331891057) (runs 1)))
   ((Gc Top_heap_words)
    ((success false) (mean 36561784) (stddev -NAN) (mini 36561784)
     (maxi 36561784) (runs 1)))
   ((Gc Minor_collections)
    ((success false) (mean 3857) (stddev -NAN) (mini 3857) (maxi 3857)
     (runs 1)))
   ((Gc Major_collections)
    ((success false) (mean 21) (stddev -NAN) (mini 21) (maxi 21) (runs 1)))
   ((Gc Heap_words)
    ((success false) (mean 34251643) (stddev -NAN) (mini 34251643)
     (maxi 34251643) (runs 1)))))
 (error
  ((""
     "allocated_words: 1012836730\
    \nminor_words: 1005055011\
    \npromoted_words: 42969869\
    \nmajor_words: 50751588\
    \nminor_collections: 3857\
    \nmajor_collections: 21\
    \nheap_words: 34251643\
    \ntop_heap_words: 36561784\
    \n"))))
