((success true) (name kb-no-exc) (context_id 4.06.1+multicore+bench)
 (weight 1)
 (data
  (((Time Real)
    ((success true) (mean 315571647.61538464) (stddev 1868058.3218181178)
     (mini 313675637) (maxi 320165492) (runs 13)))
   (Size
    ((success true) (mean 866659) (stddev 0) (mini 866659) (maxi 866659)
     (runs 1)))
   ((Size Code)
    ((success true) (mean 669983) (stddev 0) (mini 669983) (maxi 669983)
     (runs 1)))
   ((Size Data)
    ((success true) (mean 196676) (stddev 0) (mini 196676) (maxi 196676)
     (runs 1)))
   ((Gc Minor_words)
    ((success true) (mean 37347329) (stddev 0) (mini 37347329)
     (maxi 37347329) (runs 13)))
   ((Gc Major_words)
    ((success true) (mean 4618698) (stddev 0) (mini 4618698) (maxi 4618698)
     (runs 13)))
   ((Gc Promoted_words)
    ((success true) (mean 0.12366667506530388)
     (stddev 1.4444459513666495E-17) (mini 0.12366667506530386)
     (maxi 0.12366667506530386) (runs 13)))
   ((Gc Top_heap_words)
    ((success true) (mean 434176) (stddev 0) (mini 434176) (maxi 434176)
     (runs 13)))
   ((Gc Minor_collections)
    ((success true) (mean 142) (stddev 0) (mini 142) (maxi 142) (runs 13)))
   ((Gc Major_collections)
    ((success true) (mean 85) (stddev 0) (mini 85) (maxi 85) (runs 13)))
   ((Gc Heap_words)
    ((success true) (mean 245760) (stddev 0) (mini 245760) (maxi 245760)
     (runs 13)))
   ((Gc Mean_space_overhead)
    ((success true) (mean 30.359817000000003) (stddev 3.6977816354986228E-15)
     (mini 30.359817) (maxi 30.359817) (runs 13)))))
 (error ()))
