((success true) (name kb) (context_id 4.06.1+multicore+bench) (weight 1)
 (data
  (((Time Real)
    ((success true) (mean 500519231.125) (stddev 911079.25811258715)
     (mini 499613912) (maxi 502462004) (runs 8)))
   (Size
    ((success true) (mean 861013) (stddev 0) (mini 861013) (maxi 861013)
     (runs 1)))
   ((Size Code)
    ((success true) (mean 665105) (stddev 0) (mini 665105) (maxi 665105)
     (runs 1)))
   ((Size Data)
    ((success true) (mean 195908) (stddev 0) (mini 195908) (maxi 195908)
     (runs 1)))
   ((Gc Minor_words)
    ((success true) (mean 91530734) (stddev 0) (mini 91530734)
     (maxi 91530734) (runs 8)))
   ((Gc Major_words)
    ((success true) (mean 4878446) (stddev 0) (mini 4878446) (maxi 4878446)
     (runs 8)))
   ((Gc Promoted_words)
    ((success true) (mean 0.05329759510067951)
     (stddev 7.4179896090271868E-18) (mini 0.053297595100679516)
     (maxi 0.053297595100679516) (runs 8)))
   ((Gc Minor_collections)
    ((success true) (mean 345) (stddev 0) (mini 345) (maxi 345) (runs 8)))
   ((Gc Major_collections)
    ((success true) (mean 180) (stddev 0) (mini 180) (maxi 180) (runs 8)))))
 (error ()))
