((success true) (name lexifi-g2pp)
 (context_id 4.06.1+multicore+cas-promotion+bench) (weight 1)
 (data
  (((Time Real)
    ((success true) (mean 9961057516) (stddev 12949355.150966669)
     (mini 9947124207) (maxi 9972723423) (runs 3)))
   (Size
    ((success true) (mean 1100072) (stddev 0) (mini 1100072) (maxi 1100072)
     (runs 1)))
   ((Size Code)
    ((success true) (mean 794780) (stddev 0) (mini 794780) (maxi 794780)
     (runs 1)))
   ((Size Data)
    ((success true) (mean 305292) (stddev 0) (mini 305292) (maxi 305292)
     (runs 1)))
   ((Gc Minor_words)
    ((success true) (mean 1679022387) (stddev 0) (mini 1679022387)
     (maxi 1679022387) (runs 3)))
   ((Gc Major_words)
    ((success true) (mean 280760) (stddev 0) (mini 280760) (maxi 280760)
     (runs 3)))
   ((Gc Promoted_words)
    ((success true) (mean 0.00016716989730048188)
     (stddev 3.3196776257581011E-20) (mini 0.00016716989730048191)
     (maxi 0.00016716989730048191) (runs 3)))
   ((Gc Minor_collections)
    ((success true) (mean 6403) (stddev 0) (mini 6403) (maxi 6403) (runs 3)))
   ((Gc Major_collections)
    ((success true) (mean 59) (stddev 0) (mini 59) (maxi 59) (runs 3)))))
 (error ()))
