((success true) (name numal-rnd_access) (context_id 4.06.1+multicore+bench)
 (weight 1)
 (data
  (((Time Real)
    ((success true) (mean 5453648685.666667) (stddev 8465075.0872948747)
     (mini 5448578093) (maxi 5463420992) (runs 3)))
   (Size
    ((success true) (mean 515571) (stddev 0) (mini 515571) (maxi 515571)
     (runs 1)))
   ((Size Code)
    ((success true) (mean 403663) (stddev 0) (mini 403663) (maxi 403663)
     (runs 1)))
   ((Size Data)
    ((success true) (mean 111908) (stddev 0) (mini 111908) (maxi 111908)
     (runs 1)))
   ((Gc Minor_words)
    ((success true) (mean 201713853.33333334) (stddev 126551.49436230824)
     (mini 201584792) (maxi 201837736) (runs 3)))
   ((Gc Major_words)
    ((success true) (mean 200000219) (stddev 0) (mini 200000219)
     (maxi 200000219) (runs 3)))
   ((Gc Promoted_words)
    ((success true) (mean 6.9405266135466589E-07)
     (stddev 4.3545246908052772E-10) (mini 6.9362648816076692E-07)
     (maxi 6.9449683486043929E-07) (runs 3)))
   ((Gc Minor_collections)
    ((success true) (mean 763) (stddev 0) (mini 763) (maxi 763) (runs 3)))
   ((Gc Major_collections)
    ((success true) (mean 1) (stddev 0) (mini 1) (maxi 1) (runs 3)))))
 (error ()))
