((success true) (name numal-lu-decomposition)
 (context_id 4.06.1+multicore+bench) (weight 1)
 (data
  (((Time Real)
    ((success true) (mean 867092946.2) (stddev 2890621.8096367605)
     (mini 862800805) (maxi 870842392) (runs 5)))
   (Size
    ((success true) (mean 1526696) (stddev 0) (mini 1526696) (maxi 1526696)
     (runs 1)))
   ((Size Code)
    ((success true) (mean 1142884) (stddev 0) (mini 1142884) (maxi 1142884)
     (runs 1)))
   ((Size Data)
    ((success true) (mean 383812) (stddev 0) (mini 383812) (maxi 383812)
     (runs 1)))
   ((Gc Minor_words)
    ((success true) (mean 543585138) (stddev 0) (mini 543585138)
     (maxi 543585138) (runs 5)))
   ((Gc Major_words)
    ((success true) (mean 7775993) (stddev 0) (mini 7775993) (maxi 7775993)
     (runs 5)))
   ((Gc Promoted_words)
    ((success true) (mean 0.0005490161138290723) (stddev 0)
     (mini 0.0005490161138290723) (maxi 0.0005490161138290723) (runs 5)))
   ((Gc Minor_collections)
    ((success true) (mean 2097) (stddev 0) (mini 2097) (maxi 2097) (runs 5)))
   ((Gc Major_collections)
    ((success true) (mean 14) (stddev 0) (mini 14) (maxi 14) (runs 5)))))
 (error ()))
