((success true) (name jsontrip-sample)
 (context_id 4.06.1+multicore-lazy+bench) (weight 1)
 (data
  (((Time Real)
    ((success true) (mean 17954928.040358745) (stddev 988528.15570966)
     (mini 17216884) (maxi 25564540) (runs 223)))
   (Size
    ((success true) (mean 1659572) (stddev 0) (mini 1659572) (maxi 1659572)
     (runs 1)))
   ((Size Code)
    ((success true) (mean 1290196) (stddev 0) (mini 1290196) (maxi 1290196)
     (runs 1)))
   ((Size Data)
    ((success true) (mean 369376) (stddev 0) (mini 369376) (maxi 369376)
     (runs 1)))
   ((Gc Minor_words)
    ((success true) (mean 5117681) (stddev 0) (mini 5117681) (maxi 5117681)
     (runs 223)))
   ((Gc Major_words)
    ((success true) (mean 26499) (stddev 0) (mini 26499) (maxi 26499)
     (runs 223)))
   ((Gc Promoted_words)
    ((success true) (mean 10025) (stddev 0) (mini 10025) (maxi 10025)
     (runs 223)))
   ((Gc Top_heap_words)
    ((success true) (mean 90511) (stddev 0) (mini 90511) (maxi 90511)
     (runs 223)))
   ((Gc Minor_collections)
    ((success true) (mean 17) (stddev 0) (mini 17) (maxi 17) (runs 223)))
   ((Gc Major_collections)
    ((success true) (mean 2) (stddev 0) (mini 2) (maxi 2) (runs 223)))
   ((Gc Heap_words)
    ((success true) (mean 90511) (stddev 0) (mini 90511) (maxi 90511)
     (runs 223)))
   ((Gc Mean_space_overhead)
    ((success true) (mean 312.59032599999944) (stddev 5.6971300729659857E-13)
     (mini 312.590326) (maxi 312.590326) (runs 223)))))
 (error ()))
