((success true) (name setrip) (context_id 4.06.1+multicore+bench) (weight 1)
 (data
  (((Time Real)
    ((success true) (mean 972156529.8) (stddev 10065645.049029879)
     (mini 960504775) (maxi 984092977) (runs 5)))
   (Size
    ((success true) (mean 1367595) (stddev 0) (mini 1367595) (maxi 1367595)
     (runs 1)))
   ((Size Code)
    ((success true) (mean 1067299) (stddev 0) (mini 1067299) (maxi 1067299)
     (runs 1)))
   ((Size Data)
    ((success true) (mean 300296) (stddev 0) (mini 300296) (maxi 300296)
     (runs 1)))
   ((Gc Minor_words)
    ((success true) (mean 168203678) (stddev 0) (mini 168203678)
     (maxi 168203678) (runs 5)))
   ((Gc Major_words)
    ((success true) (mean 13191) (stddev 0) (mini 13191) (maxi 13191)
     (runs 5)))
   ((Gc Promoted_words)
    ((success true) (mean 2.9202690799662538E-05) (stddev 0)
     (mini 2.9202690799662538E-05) (maxi 2.9202690799662538E-05) (runs 5)))
   ((Gc Top_heap_words)
    ((success true) (mean 65539) (stddev 0) (mini 65539) (maxi 65539)
     (runs 5)))
   ((Gc Minor_collections)
    ((success true) (mean 634) (stddev 0) (mini 634) (maxi 634) (runs 5)))
   ((Gc Major_collections)
    ((success true) (mean 21) (stddev 0) (mini 21) (maxi 21) (runs 5)))
   ((Gc Heap_words)
    ((success true) (mean 65539) (stddev 0) (mini 65539) (maxi 65539)
     (runs 5)))
   ((Gc Mean_space_overhead)
    ((success true) (mean 618.883615) (stddev 0) (mini 618.883615)
     (maxi 618.883615) (runs 5)))))
 (error ()))
