((success true) (name kb) (context_id 4.08.0+trunk+bench) (weight 1)
 (data
  (((Time Real)
    ((success true) (mean 440333930.6) (stddev 5104122.0140269464)
     (mini 435016455) (maxi 447974990) (runs 10)))
   (Size
    ((success true) (mean 829320) (stddev 0) (mini 829320) (maxi 829320)
     (runs 1)))
   ((Size Code)
    ((success true) (mean 620124) (stddev 0) (mini 620124) (maxi 620124)
     (runs 1)))
   ((Size Data)
    ((success true) (mean 209196) (stddev 0) (mini 209196) (maxi 209196)
     (runs 1)))
   ((Gc Minor_words)
    ((success true) (mean 90578317) (stddev 0) (mini 90578317)
     (maxi 90578317) (runs 10)))
   ((Gc Major_words)
    ((success true) (mean 4862668) (stddev 0) (mini 4862668) (maxi 4862668)
     (runs 10)))
   ((Gc Promoted_words)
    ((success true) (mean 4862668) (stddev 0) (mini 4862668) (maxi 4862668)
     (runs 10)))
   ((Gc Top_heap_words)
    ((success true) (mean 565248) (stddev 0) (mini 565248) (maxi 565248)
     (runs 10)))
   ((Gc Minor_collections)
    ((success true) (mean 384) (stddev 0) (mini 384) (maxi 384) (runs 10)))
   ((Gc Major_collections)
    ((success true) (mean 63) (stddev 0) (mini 63) (maxi 63) (runs 10)))
   ((Gc Compactions)
    ((success true) (mean 5) (stddev 0) (mini 5) (maxi 5) (runs 10)))
   ((Gc Heap_words)
    ((success true) (mean 245760) (stddev 0) (mini 245760) (maxi 245760)
     (runs 10)))
   ((Gc Heap_chunks)
    ((success true) (mean 4) (stddev 0) (mini 4) (maxi 4) (runs 10)))))
 (error ()))
