((success true) (name kb) (context_id 4.06.1+multicore+bench) (weight 1)
 (data
  (((Time Real)
    ((success true) (mean 467097592.1111111) (stddev 2326529.4293155544)
     (mini 464657749) (maxi 472127737) (runs 9)))
   (Size
    ((success true) (mean 863102) (stddev 0) (mini 863102) (maxi 863102)
     (runs 1)))
   ((Size Code)
    ((success true) (mean 667130) (stddev 0) (mini 667130) (maxi 667130)
     (runs 1)))
   ((Size Data)
    ((success true) (mean 195972) (stddev 0) (mini 195972) (maxi 195972)
     (runs 1)))
   ((Gc Minor_words)
    ((success true) (mean 90744306) (stddev 0) (mini 90744306)
     (maxi 90744306) (runs 9)))
   ((Gc Major_words)
    ((success true) (mean 4836364) (stddev 0) (mini 4836364) (maxi 4836364)
     (runs 9)))
   ((Gc Promoted_words)
    ((success true) (mean 0.0532957516915717) (stddev 0)
     (mini 0.0532957516915717) (maxi 0.0532957516915717) (runs 9)))
   ((Gc Top_heap_words)
    ((success true) (mean 380928) (stddev 0) (mini 380928) (maxi 380928)
     (runs 9)))
   ((Gc Minor_collections)
    ((success true) (mean 342) (stddev 0) (mini 342) (maxi 342) (runs 9)))
   ((Gc Major_collections)
    ((success true) (mean 95) (stddev 0) (mini 95) (maxi 95) (runs 9)))
   ((Gc Heap_words)
    ((success true) (mean 229376) (stddev 0) (mini 229376) (maxi 229376)
     (runs 9)))
   ((Gc Mean_space_overhead)
    ((success true) (mean 35.363296999999996) (stddev 7.53644380168212E-15)
     (mini 35.363297) (maxi 35.363297) (runs 9)))))
 (error ()))
