((success true) (name menhir-standard) (context_id 4.06.1+multicore+bench)
 (weight 1)
 (data
  (((Time Real)
    ((success true) (mean 14428250.611510791) (stddev 85025.855256129274)
     (mini 14270458) (maxi 15134661) (runs 278)))
   (Size
    ((success true) (mean 4059652) (stddev 0) (mini 4059652) (maxi 4059652)
     (runs 1)))
   ((Size Code)
    ((success true) (mean 3018572) (stddev 0) (mini 3018572) (maxi 3018572)
     (runs 1)))
   ((Size Data)
    ((success true) (mean 1041080) (stddev 0) (mini 1041080) (maxi 1041080)
     (runs 1)))
   ((Gc Minor_words)
    ((success true) (mean 3109528) (stddev 0) (mini 3109528) (maxi 3109528)
     (runs 278)))
   ((Gc Major_words)
    ((success true) (mean 270134) (stddev 0) (mini 270134) (maxi 270134)
     (runs 278)))
   ((Gc Promoted_words)
    ((success true) (mean 0.042704230352645353)
     (stddev 1.9463941558017098E-16) (mini 0.042704230352645159)
     (maxi 0.042704230352645159) (runs 278)))
   ((Gc Minor_collections)
    ((success true) (mean 6) (stddev 0) (mini 6) (maxi 6) (runs 278)))
   ((Gc Major_collections)
    ((success true) (mean 1) (stddev 0) (mini 1) (maxi 1) (runs 278)))))
 (error ()))
