((success true) (name minilight) (context_id 4.06.1+multicore+bench)
 (weight 1)
 (data
  (((Time Real)
    ((success true) (mean 14526171698.333334) (stddev 18510793.566959854)
     (mini 14511550433) (maxi 14546984680) (runs 3)))
   (Size
    ((success true) (mean 1614934) (stddev 0) (mini 1614934) (maxi 1614934)
     (runs 1)))
   ((Size Code)
    ((success true) (mean 1260398) (stddev 0) (mini 1260398) (maxi 1260398)
     (runs 1)))
   ((Size Data)
    ((success true) (mean 354536) (stddev 0) (mini 354536) (maxi 354536)
     (runs 1)))
   ((Gc Minor_words)
    ((success true) (mean 9653994739) (stddev 0) (mini 9653994739)
     (maxi 9653994739) (runs 3)))
   ((Gc Major_words)
    ((success true) (mean 10547447) (stddev 0) (mini 10547447)
     (maxi 10547447) (runs 3)))
   ((Gc Promoted_words)
    ((success true) (mean 0.0010908067887647106) (stddev 0)
     (mini 0.0010908067887647106) (maxi 0.0010908067887647106) (runs 3)))
   ((Gc Top_heap_words)
    ((success true) (mean 856666) (stddev 0) (mini 856666) (maxi 856666)
     (runs 3)))
   ((Gc Minor_collections)
    ((success true) (mean 36824) (stddev 0) (mini 36824) (maxi 36824)
     (runs 3)))
   ((Gc Major_collections)
    ((success true) (mean 60) (stddev 0) (mini 60) (maxi 60) (runs 3)))
   ((Gc Heap_words)
    ((success true) (mean 856666) (stddev 0) (mini 856666) (maxi 856666)
     (runs 3)))
   ((Gc Mean_space_overhead)
    ((success true) (mean 7.83822) (stddev 0) (mini 7.83822) (maxi 7.83822)
     (runs 3)))))
 (error ()))
