((success true) (name minilight)
 (context_id 4.06.1+multicore+cas-promotion+bench) (weight 1)
 (data
  (((Time Real)
    ((success true) (mean 15141426759.5) (stddev 7690597.2968817251)
     (mini 15135988686) (maxi 15146864833) (runs 2)))
   (Size
    ((success true) (mean 1746360) (stddev 0) (mini 1746360) (maxi 1746360)
     (runs 1)))
   ((Size Code)
    ((success true) (mean 1316072) (stddev 0) (mini 1316072) (maxi 1316072)
     (runs 1)))
   ((Size Data)
    ((success true) (mean 430288) (stddev 0) (mini 430288) (maxi 430288)
     (runs 1)))
   ((Gc Minor_words)
    ((success true) (mean 9747578753) (stddev 0) (mini 9747578753)
     (maxi 9747578753) (runs 2)))
   ((Gc Major_words)
    ((success true) (mean 10645660) (stddev 0) (mini 10645660)
     (maxi 10645660) (runs 2)))
   ((Gc Promoted_words)
    ((success true) (mean 0.0010904098617032225) (stddev 0)
     (mini 0.0010904098617032225) (maxi 0.0010904098617032225) (runs 2)))
   ((Gc Minor_collections)
    ((success true) (mean 37181) (stddev 0) (mini 37181) (maxi 37181)
     (runs 2)))
   ((Gc Major_collections)
    ((success true) (mean 190) (stddev 0) (mini 190) (maxi 190) (runs 2)))))
 (error ()))
