((success true) (name numal-rnd_access)
 (context_id 4.06.1+multicore+scheduling+bench) (weight 1)
 (data
  (((Time Real)
    ((success true) (mean 5321583404) (stddev 15724049.04866113)
     (mini 5312231905) (maxi 5339737203) (runs 3)))
   (Size
    ((success true) (mean 516873) (stddev 0) (mini 516873) (maxi 516873)
     (runs 1)))
   ((Size Code)
    ((success true) (mean 404933) (stddev 0) (mini 404933) (maxi 404933)
     (runs 1)))
   ((Size Data)
    ((success true) (mean 111940) (stddev 0) (mini 111940) (maxi 111940)
     (runs 1)))
   ((Gc Minor_words)
    ((success true) (mean 1798996.6666666667) (stddev 98399.394252878075)
     (mini 1686890) (maxi 1871066) (runs 3)))
   ((Gc Major_words)
    ((success true) (mean 200000217) (stddev 0) (mini 200000217)
     (maxi 200000217) (runs 3)))
   ((Gc Promoted_words)
    ((success true) (mean 7.68671641987455E-05)
     (stddev 4.3262748833112525E-06) (mini 7.3754747293788671E-05)
     (maxi 8.1807349619714389E-05) (runs 3)))
   ((Gc Top_heap_words)
    ((success true) (mean 200032771) (stddev 0) (mini 200032771)
     (maxi 200032771) (runs 3)))
   ((Gc Minor_collections)
    ((success true) (mean 1) (stddev 0) (mini 1) (maxi 1) (runs 3)))
   ((Gc Major_collections)
    ((success true) (mean 1) (stddev 0) (mini 1) (maxi 1) (runs 3)))
   ((Gc Heap_words)
    ((success true) (mean 200032771) (stddev 0) (mini 200032771)
     (maxi 200032771) (runs 3)))
   ((Gc Mean_space_overhead)
    ((success true) (mean 0) (stddev 0) (mini 0) (maxi 0) (runs 3)))))
 (error ()))
