((success true) (name numal-levinson-durbin)
 (context_id 4.06.1+multicore+bench) (weight 1)
 (data
  (((Time Real)
    ((success true) (mean 1600629218.3333333) (stddev 1729786.9453653342)
     (mini 1598974284) (maxi 1602425219) (runs 3)))
   (Size
    ((success true) (mean 608413) (stddev 0) (mini 608413) (maxi 608413)
     (runs 1)))
   ((Size Code)
    ((success true) (mean 337329) (stddev 0) (mini 337329) (maxi 337329)
     (runs 1)))
   ((Size Data)
    ((success true) (mean 271084) (stddev 0) (mini 271084) (maxi 271084)
     (runs 1)))
   ((Gc Minor_words)
    ((success true) (mean 1001931673) (stddev 0) (mini 1001931673)
     (maxi 1001931673) (runs 3)))
   ((Gc Major_words)
    ((success true) (mean 250058475) (stddev 0) (mini 250058475)
     (maxi 250058475) (runs 3)))
   ((Gc Promoted_words)
    ((success true) (mean 3.4910564205709065E-05) (stddev 0)
     (mini 3.4910564205709065E-05) (maxi 3.4910564205709065E-05) (runs 3)))
   ((Gc Minor_collections)
    ((success true) (mean 3817) (stddev 0) (mini 3817) (maxi 3817) (runs 3)))
   ((Gc Major_collections)
    ((success true) (mean 3815) (stddev 0) (mini 3815) (maxi 3815) (runs 3)))))
 (error ()))
