((success true) (name numal-simple_access)
 (context_id 4.06.1+multicore+bench) (weight 1)
 (data
  (((Time Real)
    ((success true) (mean 7991092514.333333) (stddev 19650780.921900287)
     (mini 7969847352) (maxi 8008616943) (runs 3)))
   (Size
    ((success true) (mean 429758) (stddev 0) (mini 429758) (maxi 429758)
     (runs 1)))
   ((Size Code)
    ((success true) (mean 328914) (stddev 0) (mini 328914) (maxi 328914)
     (runs 1)))
   ((Size Data)
    ((success true) (mean 100844) (stddev 0) (mini 100844) (maxi 100844)
     (runs 1)))
   ((Gc Minor_words)
    ((success true) (mean 640771161) (stddev 0) (mini 640771161)
     (maxi 640771161) (runs 3)))
   ((Gc Major_words)
    ((success true) (mean 220001973) (stddev 0) (mini 220001973)
     (maxi 220001973) (runs 3)))
   ((Gc Promoted_words)
    ((success true) (mean 0.31212686552227653) (stddev 0)
     (mini 0.31212686552227653) (maxi 0.31212686552227653) (runs 3)))
   ((Gc Minor_collections)
    ((success true) (mean 2442) (stddev 0) (mini 2442) (maxi 2442) (runs 3)))
   ((Gc Major_collections)
    ((success true) (mean 51) (stddev 0) (mini 51) (maxi 51) (runs 3)))))
 (error ()))
