((success true) (name menhir-fancy) (context_id 4.06.1+multicore+bench)
 (weight 1)
 (data
  (((Time Real)
    ((success true) (mean 15544279.68992248) (stddev 1718380.3259382159)
     (mini 14980174) (maxi 32638461) (runs 258)))
   (Size
    ((success true) (mean 3967811) (stddev 0) (mini 3967811) (maxi 3967811)
     (runs 1)))
   ((Size Code)
    ((success true) (mean 2934931) (stddev 0) (mini 2934931) (maxi 2934931)
     (runs 1)))
   ((Size Data)
    ((success true) (mean 1032880) (stddev 0) (mini 1032880) (maxi 1032880)
     (runs 1)))
   ((Gc Minor_words)
    ((success true) (mean 1359643) (stddev 0) (mini 1359643) (maxi 1359643)
     (runs 258)))
   ((Gc Major_words)
    ((success true) (mean 272091) (stddev 0) (mini 272091) (maxi 272091)
     (runs 258)))
   ((Gc Promoted_words)
    ((success true) (mean 0.10357204060183384)
     (stddev 6.1180949199801435E-16) (mini 0.10357204060183445)
     (maxi 0.10357204060183445) (runs 258)))
   ((Gc Top_heap_words)
    ((success true) (mean 357664) (stddev 0) (mini 357664) (maxi 357664)
     (runs 258)))
   ((Gc Minor_collections)
    ((success true) (mean 5) (stddev 0) (mini 5) (maxi 5) (runs 258)))
   ((Gc Major_collections)
    ((success true) (mean 1) (stddev 0) (mini 1) (maxi 1) (runs 258)))
   ((Gc Heap_words)
    ((success true) (mean 357664) (stddev 0) (mini 357664) (maxi 357664)
     (runs 258)))
   ((Gc Mean_space_overhead)
    ((success true) (mean 31.433715999999777) (stddev 2.2425598833963578E-13)
     (mini 31.433716) (maxi 31.433716) (runs 258)))))
 (error ()))
