((success true) (name menhir-sql) (context_id 4.06.1+multicore+bench)
 (weight 1)
 (data
  (((Time Real)
    ((success true) (mean 3950712295.3333335) (stddev 29768094.586805288)
     (mini 3923899235) (maxi 3982744998) (runs 3)))
   (Size
    ((success true) (mean 3975084) (stddev 0) (mini 3975084) (maxi 3975084)
     (runs 1)))
   ((Size Code)
    ((success true) (mean 2934004) (stddev 0) (mini 2934004) (maxi 2934004)
     (runs 1)))
   ((Size Data)
    ((success true) (mean 1041080) (stddev 0) (mini 1041080) (maxi 1041080)
     (runs 1)))
   ((Gc Minor_words)
    ((success true) (mean 1033056821) (stddev 0) (mini 1033056821)
     (maxi 1033056821) (runs 3)))
   ((Gc Major_words)
    ((success true) (mean 56262856) (stddev 0) (mini 56262856)
     (maxi 56262856) (runs 3)))
   ((Gc Promoted_words)
    ((success true) (mean 0.044793126630930984) (stddev 0)
     (mini 0.044793126630930984) (maxi 0.044793126630930984) (runs 3)))
   ((Gc Minor_collections)
    ((success true) (mean 3964) (stddev 0) (mini 3964) (maxi 3964) (runs 3)))
   ((Gc Major_collections)
    ((success true) (mean 40) (stddev 0) (mini 40) (maxi 40) (runs 3)))))
 (error ()))
