((success true) (name numal-durand-kerner-aberth)
 (context_id 4.06.1+multicore+bench) (weight 1)
 (data
  (((Time Real)
    ((success true) (mean 82744390.918367341) (stddev 338318.69629431487)
     (mini 82218434) (maxi 83592311) (runs 49)))
   (Size
    ((success true) (mean 951804) (stddev 0) (mini 951804) (maxi 951804)
     (runs 1)))
   ((Size Code)
    ((success true) (mean 742168) (stddev 0) (mini 742168) (maxi 742168)
     (runs 1)))
   ((Size Data)
    ((success true) (mean 209636) (stddev 0) (mini 209636) (maxi 209636)
     (runs 1)))
   ((Gc Minor_words)
    ((success true) (mean 77977826) (stddev 0) (mini 77977826)
     (maxi 77977826) (runs 49)))
   ((Gc Major_words)
    ((success true) (mean 231814) (stddev 0) (mini 231814) (maxi 231814)
     (runs 49)))
   ((Gc Promoted_words)
    ((success true) (mean 0.0029718191938308239)
     (stddev 3.5054007303867053E-18) (mini 0.0029718191938308204)
     (maxi 0.0029718191938308204) (runs 49)))
   ((Gc Minor_collections)
    ((success true) (mean 295) (stddev 0) (mini 295) (maxi 295) (runs 49)))
   ((Gc Major_collections)
    ((success true) (mean 43) (stddev 0) (mini 43) (maxi 43) (runs 49)))))
 (error ()))
