((success true) (name menhir-fancy) (context_id 4.06.1+multicore+bench)
 (weight 1)
 (data
  (((Time Real)
    ((success true) (mean 15162867.068181818) (stddev 148609.01476055142)
     (mini 14953064) (maxi 17060562) (runs 264)))
   (Size
    ((success true) (mean 3967811) (stddev 0) (mini 3967811) (maxi 3967811)
     (runs 1)))
   ((Size Code)
    ((success true) (mean 2934931) (stddev 0) (mini 2934931) (maxi 2934931)
     (runs 1)))
   ((Size Data)
    ((success true) (mean 1032880) (stddev 0) (mini 1032880) (maxi 1032880)
     (runs 1)))
   ((Gc Minor_words)
    ((success true) (mean 1359643) (stddev 0) (mini 1359643) (maxi 1359643)
     (runs 264)))
   ((Gc Major_words)
    ((success true) (mean 272091) (stddev 0) (mini 272091) (maxi 272091)
     (runs 264)))
   ((Gc Promoted_words)
    ((success true) (mean 0.10357204060183382)
     (stddev 6.2568658813044564E-16) (mini 0.10357204060183445)
     (maxi 0.10357204060183445) (runs 264)))
   ((Gc Top_heap_words)
    ((success true) (mean 357664) (stddev 0) (mini 357664) (maxi 357664)
     (runs 264)))
   ((Gc Minor_collections)
    ((success true) (mean 5) (stddev 0) (mini 5) (maxi 5) (runs 264)))
   ((Gc Major_collections)
    ((success true) (mean 1) (stddev 0) (mini 1) (maxi 1) (runs 264)))
   ((Gc Heap_words)
    ((success true) (mean 357664) (stddev 0) (mini 357664) (maxi 357664)
     (runs 264)))
   ((Gc Mean_space_overhead)
    ((success true) (mean 31.433715999999777) (stddev 2.2424607318595173E-13)
     (mini 31.433716) (maxi 31.433716) (runs 264)))))
 (error ()))
