((success true) (name numal-rnd_access)
 (context_id 4.06.1+multicore+no-effect-syntax+bench) (weight 1)
 (data
  (((Time Real)
    ((success true) (mean 5320370186) (stddev 5792795.5281754937)
     (mini 5316274061) (maxi 5324466311) (runs 2)))
   (Size
    ((success true) (mean 517388) (stddev 0) (mini 517388) (maxi 517388)
     (runs 1)))
   ((Size Code)
    ((success true) (mean 405448) (stddev 0) (mini 405448) (maxi 405448)
     (runs 1)))
   ((Size Data)
    ((success true) (mean 111940) (stddev 0) (mini 111940) (maxi 111940)
     (runs 1)))
   ((Gc Minor_words)
    ((success true) (mean 947636) (stddev 1290452.9051027007) (mini 35148)
     (maxi 1860124) (runs 2)))
   ((Gc Major_words)
    ((success true) (mean 200000219) (stddev 0) (mini 200000219)
     (maxi 200000219) (runs 2)))
   ((Gc Promoted_words)
    ((success true) (mean 140) (stddev 0) (mini 140) (maxi 140) (runs 2)))
   ((Gc Top_heap_words)
    ((success true) (mean 200032771) (stddev 0) (mini 200032771)
     (maxi 200032771) (runs 2)))
   ((Gc Minor_collections)
    ((success true) (mean 1) (stddev 0) (mini 1) (maxi 1) (runs 2)))
   ((Gc Major_collections)
    ((success true) (mean 1) (stddev 0) (mini 1) (maxi 1) (runs 2)))
   ((Gc Heap_words)
    ((success true) (mean 200032771) (stddev 0) (mini 200032771)
     (maxi 200032771) (runs 2)))
   ((Gc Mean_space_overhead)
    ((success true) (mean 0) (stddev 0) (mini 0) (maxi 0) (runs 2)))))
 (error ()))
