((success true) (name setrip) (context_id 4.06.1+multicore+bench) (weight 1)
 (data
  (((Time Real)
    ((success true) (mean 977805053.8) (stddev 5865754.3057881054)
     (mini 969536693) (maxi 984470286) (runs 5)))
   (Size
    ((success true) (mean 1366452) (stddev 0) (mini 1366452) (maxi 1366452)
     (runs 1)))
   ((Size Code)
    ((success true) (mean 1066188) (stddev 0) (mini 1066188) (maxi 1066188)
     (runs 1)))
   ((Size Data)
    ((success true) (mean 300264) (stddev 0) (mini 300264) (maxi 300264)
     (runs 1)))
   ((Gc Minor_words)
    ((success true) (mean 172397942) (stddev 0) (mini 172397942)
     (maxi 172397942) (runs 5)))
   ((Gc Major_words)
    ((success true) (mean 13309) (stddev 0) (mini 13309) (maxi 13309)
     (runs 5)))
   ((Gc Promoted_words)
    ((success true) (mean 2.9176682399143719E-05) (stddev 0)
     (mini 2.9176682399143719E-05) (maxi 2.9176682399143719E-05) (runs 5)))
   ((Gc Minor_collections)
    ((success true) (mean 650) (stddev 0) (mini 650) (maxi 650) (runs 5)))
   ((Gc Major_collections)
    ((success true) (mean 21) (stddev 0) (mini 21) (maxi 21) (runs 5)))))
 (error ()))
