((success true) (name numal-simple_access)
 (context_id 4.06.1+multicore+scheduling+bench) (weight 1)
 (data
  (((Time Real)
    ((success true) (mean 2240340055.25) (stddev 35085733.071378194)
     (mini 2215852086) (maxi 2290437559) (runs 4)))
   (Size
    ((success true) (mean 423471) (stddev 0) (mini 423471) (maxi 423471)
     (runs 1)))
   ((Size Code)
    ((success true) (mean 330827) (stddev 0) (mini 330827) (maxi 330827)
     (runs 1)))
   ((Size Data)
    ((success true) (mean 92644) (stddev 0) (mini 92644) (maxi 92644)
     (runs 1)))
   ((Gc Minor_words)
    ((success true) (mean 227632419) (stddev 0) (mini 227632419)
     (maxi 227632419) (runs 4)))
   ((Gc Major_words)
    ((success true) (mean 208961135) (stddev 0) (mini 208961135)
     (maxi 208961135) (runs 4)))
   ((Gc Promoted_words)
    ((success true) (mean 0.830114870413076) (stddev 0)
     (mini 0.830114870413076) (maxi 0.830114870413076) (runs 4)))
   ((Gc Top_heap_words)
    ((success true) (mean 209263875) (stddev 0) (mini 209263875)
     (maxi 209263875) (runs 4)))
   ((Gc Minor_collections)
    ((success true) (mean 866) (stddev 0) (mini 866) (maxi 866) (runs 4)))
   ((Gc Major_collections)
    ((success true) (mean 5) (stddev 0) (mini 5) (maxi 5) (runs 4)))
   ((Gc Heap_words)
    ((success true) (mean 209263875) (stddev 0) (mini 209263875)
     (maxi 209263875) (runs 4)))
   ((Gc Mean_space_overhead)
    ((success true) (mean 4629.648832) (stddev 0) (mini 4629.648832)
     (maxi 4629.648832) (runs 4)))))
 (error ()))
