((success true) (name numal-qr-decomposition)
 (context_id 4.06.1+multicore+bench) (weight 1)
 (data
  (((Time Real)
    ((success true) (mean 1144849539) (stddev 1288584.5461482145)
     (mini 1143543752) (maxi 1146529340) (runs 4)))
   (Size
    ((success true) (mean 1025372) (stddev 0) (mini 1025372) (maxi 1025372)
     (runs 1)))
   ((Size Code)
    ((success true) (mean 759224) (stddev 0) (mini 759224) (maxi 759224)
     (runs 1)))
   ((Size Data)
    ((success true) (mean 266148) (stddev 0) (mini 266148) (maxi 266148)
     (runs 1)))
   ((Gc Minor_words)
    ((success true) (mean 1664961502) (stddev 0) (mini 1664961502)
     (maxi 1664961502) (runs 4)))
   ((Gc Major_words)
    ((success true) (mean 2646191) (stddev 0) (mini 2646191) (maxi 2646191)
     (runs 4)))
   ((Gc Promoted_words)
    ((success true) (mean 0.0015892938045843177) (stddev 0)
     (mini 0.0015892938045843177) (maxi 0.0015892938045843177) (runs 4)))
   ((Gc Top_heap_words)
    ((success true) (mean 375842) (stddev 0) (mini 375842) (maxi 375842)
     (runs 4)))
   ((Gc Minor_collections)
    ((success true) (mean 6347) (stddev 0) (mini 6347) (maxi 6347) (runs 4)))
   ((Gc Major_collections)
    ((success true) (mean 32) (stddev 0) (mini 32) (maxi 32) (runs 4)))
   ((Gc Heap_words)
    ((success true) (mean 289750) (stddev 0) (mini 289750) (maxi 289750)
     (runs 4)))
   ((Gc Mean_space_overhead)
    ((success true) (mean 67.912241) (stddev 0) (mini 67.912241)
     (maxi 67.912241) (runs 4)))))
 (error ()))
