((success true) (name cpdf-squeeze) (context_id 4.06.1+multicore+bench)
 (weight 1)
 (data
  (((Time Real)
    ((success true) (mean 11594455110.666666) (stddev 67222502.34102942)
     (mini 11537411727) (maxi 11668566320) (runs 3)))
   (Size
    ((success true) (mean 5426645) (stddev 0) (mini 5426645) (maxi 5426645)
     (runs 1)))
   ((Size Code)
    ((success true) (mean 3570789) (stddev 0) (mini 3570789) (maxi 3570789)
     (runs 1)))
   ((Size Data)
    ((success true) (mean 1855856) (stddev 0) (mini 1855856) (maxi 1855856)
     (runs 1)))
   ((Gc Minor_words)
    ((success true) (mean 386787388) (stddev 0) (mini 386787388)
     (maxi 386787388) (runs 3)))
   ((Gc Major_words)
    ((success true) (mean 132492452) (stddev 0) (mini 132492452)
     (maxi 132492452) (runs 3)))
   ((Gc Promoted_words)
    ((success true) (mean 120753140) (stddev 0) (mini 120753140)
     (maxi 120753140) (runs 3)))
   ((Gc Top_heap_words)
    ((success true) (mean 39039677) (stddev 0) (mini 39039677)
     (maxi 39039677) (runs 3)))
   ((Gc Minor_collections)
    ((success true) (mean 1476) (stddev 0) (mini 1476) (maxi 1476) (runs 3)))
   ((Gc Major_collections)
    ((success true) (mean 36) (stddev 0) (mini 36) (maxi 36) (runs 3)))
   ((Gc Heap_words)
    ((success true) (mean 28044761) (stddev 0) (mini 28044761)
     (maxi 28044761) (runs 3)))
   ((Gc Mean_space_overhead)
    ((success true) (mean 29.224819) (stddev 0) (mini 29.224819)
     (maxi 29.224819) (runs 3)))))
 (error ()))
