((success true) (name jsontrip-sample) (context_id 4.06.1+multicore+bench)
 (weight 1)
 (data
  (((Time Real)
    ((success true) (mean 18143996.135746606) (stddev 289616.01383680059)
     (mini 17678320) (maxi 19145510) (runs 221)))
   (Size
    ((success true) (mean 1654370) (stddev 0) (mini 1654370) (maxi 1654370)
     (runs 1)))
   ((Size Code)
    ((success true) (mean 1285434) (stddev 0) (mini 1285434) (maxi 1285434)
     (runs 1)))
   ((Size Data)
    ((success true) (mean 368936) (stddev 0) (mini 368936) (maxi 368936)
     (runs 1)))
   ((Gc Minor_words)
    ((success true) (mean 7738816) (stddev 0) (mini 7738816) (maxi 7738816)
     (runs 221)))
   ((Gc Major_words)
    ((success true) (mean 29456) (stddev 0) (mini 29456) (maxi 29456)
     (runs 221)))
   ((Gc Promoted_words)
    ((success true) (mean 0.0016775175944227102)
     (stddev 2.6079923389656188E-18) (mini 0.0016775175944227128)
     (maxi 0.0016775175944227128) (runs 221)))
   ((Gc Minor_collections)
    ((success true) (mean 27) (stddev 0) (mini 27) (maxi 27) (runs 221)))
   ((Gc Major_collections)
    ((success true) (mean 2) (stddev 0) (mini 2) (maxi 2) (runs 221)))))
 (error ()))
