((success true) (name numal-rnd_access) (context_id 4.08.0+trunk+bench)
 (weight 1)
 (data
  (((Time Real)
    ((success true) (mean 4121122494) (stddev 259129.17946074696)
     (mini 4120939262) (maxi 4121305726) (runs 2)))
   (Size
    ((success true) (mean 511226) (stddev 0) (mini 511226) (maxi 511226)
     (runs 1)))
   ((Size Code)
    ((success true) (mean 382222) (stddev 0) (mini 382222) (maxi 382222)
     (runs 1)))
   ((Size Data)
    ((success true) (mean 129004) (stddev 0) (mini 129004) (maxi 129004)
     (runs 1)))
   ((Gc Minor_words)
    ((success true) (mean 200030226) (stddev 13369.975018675241)
     (mini 200020772) (maxi 200039680) (runs 2)))
   ((Gc Major_words)
    ((success true) (mean 200000143) (stddev 0) (mini 200000143)
     (maxi 200000143) (runs 2)))
   ((Gc Promoted_words)
    ((success true) (mean 142) (stddev 0) (mini 142) (maxi 142) (runs 2)))
   ((Gc Top_heap_words)
    ((success true) (mean 360491520) (stddev 0) (mini 360491520)
     (maxi 360491520) (runs 2)))
   ((Gc Minor_collections)
    ((success true) (mean 764) (stddev 0) (mini 764) (maxi 764) (runs 2)))
   ((Gc Major_collections)
    ((success true) (mean 1) (stddev 0) (mini 1) (maxi 1) (runs 2)))
   ((Gc Compactions)
    ((success true) (mean 0) (stddev 0) (mini 0) (maxi 0) (runs 2)))
   ((Gc Heap_words)
    ((success true) (mean 360491520) (stddev 0) (mini 360491520)
     (maxi 360491520) (runs 2)))
   ((Gc Heap_chunks)
    ((success true) (mean 2) (stddev 0) (mini 2) (maxi 2) (runs 2)))))
 (error ()))
