((success true) (name jsontrip-sample) (context_id 4.06.1+multicore+bench)
 (weight 1)
 (data
  (((Time Real)
    ((success true) (mean 18154942.090497736) (stddev 1190720.2405294075)
     (mini 17271869) (maxi 23242242) (runs 221)))
   (Size
    ((success true) (mean 1657656) (stddev 0) (mini 1657656) (maxi 1657656)
     (runs 1)))
   ((Size Code)
    ((success true) (mean 1288664) (stddev 0) (mini 1288664) (maxi 1288664)
     (runs 1)))
   ((Size Data)
    ((success true) (mean 368992) (stddev 0) (mini 368992) (maxi 368992)
     (runs 1)))
   ((Gc Minor_words)
    ((success true) (mean 5117399) (stddev 0) (mini 5117399) (maxi 5117399)
     (runs 221)))
   ((Gc Major_words)
    ((success true) (mean 26463) (stddev 0) (mini 26463) (maxi 26463)
     (runs 221)))
   ((Gc Promoted_words)
    ((success true) (mean 9989) (stddev 0) (mini 9989) (maxi 9989)
     (runs 221)))
   ((Gc Top_heap_words)
    ((success true) (mean 94607) (stddev 0) (mini 94607) (maxi 94607)
     (runs 221)))
   ((Gc Minor_collections)
    ((success true) (mean 17) (stddev 0) (mini 17) (maxi 17) (runs 221)))
   ((Gc Major_collections)
    ((success true) (mean 2) (stddev 0) (mini 2) (maxi 2) (runs 221)))
   ((Gc Heap_words)
    ((success true) (mean 94607) (stddev 0) (mini 94607) (maxi 94607)
     (runs 221)))
   ((Gc Mean_space_overhead)
    ((success true) (mean 334.90595900000096) (stddev 9.6853185358322118E-13)
     (mini 334.905959) (maxi 334.905959) (runs 221)))))
 (error ()))
