((success true) (name numal-durand-kerner-aberth)
 (context_id 4.08.0+trunk+flambda+bench) (weight 1)
 (data
  (((Time Real)
    ((success true) (mean 76995115.90384616) (stddev 217398.33063722754)
     (mini 76368529) (maxi 77325690) (runs 52)))
   (Size
    ((success true) (mean 1203622) (stddev 0) (mini 1203622) (maxi 1203622)
     (runs 1)))
   ((Size Code)
    ((success true) (mean 955370) (stddev 0) (mini 955370) (maxi 955370)
     (runs 1)))
   ((Size Data)
    ((success true) (mean 248252) (stddev 0) (mini 248252) (maxi 248252)
     (runs 1)))
   ((Gc Minor_words)
    ((success true) (mean 77416343) (stddev 0) (mini 77416343)
     (maxi 77416343) (runs 52)))
   ((Gc Major_words)
    ((success true) (mean 236540) (stddev 0) (mini 236540) (maxi 236540)
     (runs 52)))
   ((Gc Promoted_words)
    ((success true) (mean 236540) (stddev 0) (mini 236540) (maxi 236540)
     (runs 52)))
   ((Gc Top_heap_words)
    ((success true) (mean 565248) (stddev 0) (mini 565248) (maxi 565248)
     (runs 52)))
   ((Gc Minor_collections)
    ((success true) (mean 341) (stddev 0) (mini 341) (maxi 341) (runs 52)))
   ((Gc Major_collections)
    ((success true) (mean 91) (stddev 0) (mini 91) (maxi 91) (runs 52)))
   ((Gc Compactions)
    ((success true) (mean 2) (stddev 0) (mini 2) (maxi 2) (runs 52)))
   ((Gc Heap_words)
    ((success true) (mean 73728) (stddev 0) (mini 73728) (maxi 73728)
     (runs 52)))
   ((Gc Heap_chunks)
    ((success true) (mean 1) (stddev 0) (mini 1) (maxi 1) (runs 52)))))
 (error ()))
