((success true) (name bdd) (context_id 4.06.1+multicore+bench) (weight 1)
 (data
  (((Time Real)
    ((success true) (mean 205072480.4) (stddev 795007.09535194526)
     (mini 203887758) (maxi 206521957) (runs 20)))
   (Size
    ((success true) (mean 821388) (stddev 0) (mini 821388) (maxi 821388)
     (runs 1)))
   ((Size Code)
    ((success true) (mean 634868) (stddev 0) (mini 634868) (maxi 634868)
     (runs 1)))
   ((Size Data)
    ((success true) (mean 186520) (stddev 0) (mini 186520) (maxi 186520)
     (runs 1)))
   ((Gc Minor_words)
    ((success true) (mean 78092088) (stddev 0) (mini 78092088)
     (maxi 78092088) (runs 20)))
   ((Gc Major_words)
    ((success true) (mean 583194) (stddev 0) (mini 583194) (maxi 583194)
     (runs 20)))
   ((Gc Promoted_words)
    ((success true) (mean 444232) (stddev 0) (mini 444232) (maxi 444232)
     (runs 20)))
   ((Gc Top_heap_words)
    ((success true) (mean 573081) (stddev 0) (mini 573081) (maxi 573081)
     (runs 20)))
   ((Gc Minor_collections)
    ((success true) (mean 291) (stddev 0) (mini 291) (maxi 291) (runs 20)))
   ((Gc Major_collections)
    ((success true) (mean 5) (stddev 0) (mini 5) (maxi 5) (runs 20)))
   ((Gc Heap_words)
    ((success true) (mean 573081) (stddev 0) (mini 573081) (maxi 573081)
     (runs 20)))
   ((Gc Mean_space_overhead)
    ((success true) (mean 29.488469000000002) (stddev 3.645007325606123E-15)
     (mini 29.488469) (maxi 29.488469) (runs 20)))))
 (error ()))
