((success true) (name numal-rnd_access) (context_id 4.06.1+scheduling+bench)
 (weight 1)
 (data
  (((Time Real)
    ((success true) (mean 3969058202.6666665) (stddev 6572986.923900757)
     (mini 3964653668) (maxi 3976613433) (runs 3)))
   (Size
    ((success true) (mean 458067) (stddev 0) (mini 458067) (maxi 458067)
     (runs 1)))
   ((Size Code)
    ((success true) (mean 336383) (stddev 0) (mini 336383) (maxi 336383)
     (runs 1)))
   ((Size Data)
    ((success true) (mean 121684) (stddev 0) (mini 121684) (maxi 121684)
     (runs 1)))
   ((Gc Minor_words)
    ((success true) (mean 199991594.66666666) (stddev 19031.706737266977)
     (mini 199973292) (maxi 200011280) (runs 3)))
   ((Gc Major_words)
    ((success true) (mean 200000141) (stddev 0) (mini 200000141)
     (maxi 200000141) (runs 3)))
   ((Gc Promoted_words)
    ((success true) (mean 140) (stddev 0) (mini 140) (maxi 140) (runs 3)))
   ((Gc Top_heap_words)
    ((success true) (mean 360491520) (stddev 0) (mini 360491520)
     (maxi 360491520) (runs 3)))
   ((Gc Minor_collections)
    ((success true) (mean 763) (stddev 0) (mini 763) (maxi 763) (runs 3)))
   ((Gc Major_collections)
    ((success true) (mean 0) (stddev 0) (mini 0) (maxi 0) (runs 3)))
   ((Gc Compactions)
    ((success true) (mean 0) (stddev 0) (mini 0) (maxi 0) (runs 3)))
   ((Gc Heap_words)
    ((success true) (mean 360491520) (stddev 0) (mini 360491520)
     (maxi 360491520) (runs 3)))
   ((Gc Heap_chunks)
    ((success true) (mean 2) (stddev 0) (mini 2) (maxi 2) (runs 3)))))
 (error ()))
