((success true) (name cpdf-transform)
 (context_id 4.08.0+optim_local_tailcalls+flambda+bench) (weight 1)
 (data
  (((Time Real)
    ((success true) (mean 2138581165.6666667) (stddev 7655498.3270915383)
     (mini 2130594383) (maxi 2145855583) (runs 3)))
   (Size
    ((success true) (mean 6019405) (stddev 0) (mini 6019405) (maxi 6019405)
     (runs 1)))
   ((Size Code)
    ((success true) (mean 4199293) (stddev 0) (mini 4199293) (maxi 4199293)
     (runs 1)))
   ((Size Data)
    ((success true) (mean 1820112) (stddev 0) (mini 1820112) (maxi 1820112)
     (runs 1)))
   ((Gc Minor_words)
    ((success true) (mean 55750889) (stddev 0) (mini 55750889)
     (maxi 55750889) (runs 3)))
   ((Gc Major_words)
    ((success true) (mean 27817534) (stddev 0) (mini 27817534)
     (maxi 27817534) (runs 3)))
   ((Gc Promoted_words)
    ((success true) (mean 25887605) (stddev 0) (mini 25887605)
     (maxi 25887605) (runs 3)))
   ((Gc Top_heap_words)
    ((success true) (mean 14480384) (stddev 0) (mini 14480384)
     (maxi 14480384) (runs 3)))
   ((Gc Minor_collections)
    ((success true) (mean 222) (stddev 0) (mini 222) (maxi 222) (runs 3)))
   ((Gc Major_collections)
    ((success true) (mean 15) (stddev 0) (mini 15) (maxi 15) (runs 3)))
   ((Gc Compactions)
    ((success true) (mean 1) (stddev 0) (mini 1) (maxi 1) (runs 3)))
   ((Gc Heap_words)
    ((success true) (mean 3531264) (stddev 0) (mini 3531264) (maxi 3531264)
     (runs 3)))
   ((Gc Heap_chunks)
    ((success true) (mean 2) (stddev 0) (mini 2) (maxi 2) (runs 3)))))
 (error ()))
