((success true) (name menhir-list-errors) (context_id 4.06.1+multicore+bench)
 (weight 1)
 (data
  (((Time Real)
    ((success true) (mean 192504512525.33334) (stddev 496453901.90554994)
     (mini 191931267619) (maxi 192794165612) (runs 3)))
   (Size
    ((success true) (mean 4078245) (stddev 0) (mini 4078245) (maxi 4078245)
     (runs 1)))
   ((Size Code)
    ((success true) (mean 2998977) (stddev 0) (mini 2998977) (maxi 2998977)
     (runs 1)))
   ((Size Data)
    ((success true) (mean 1079268) (stddev 0) (mini 1079268) (maxi 1079268)
     (runs 1)))
   ((Gc Minor_words)
    ((success true) (mean 2358856741) (stddev 0) (mini 2358856741)
     (maxi 2358856741) (runs 3)))
   ((Gc Major_words)
    ((success true) (mean 1131353702) (stddev 0) (mini 1131353702)
     (maxi 1131353702) (runs 3)))
   ((Gc Promoted_words)
    ((success true) (mean 411879101) (stddev 0) (mini 411879101)
     (maxi 411879101) (runs 3)))
   ((Gc Top_heap_words)
    ((success true) (mean 399419876) (stddev 0) (mini 399419876)
     (maxi 399419876) (runs 3)))
   ((Gc Minor_collections)
    ((success true) (mean 9103) (stddev 0) (mini 9103) (maxi 9103) (runs 3)))
   ((Gc Major_collections)
    ((success true) (mean 36) (stddev 0) (mini 36) (maxi 36) (runs 3)))
   ((Gc Heap_words)
    ((success true) (mean 297347610) (stddev 0) (mini 297347610)
     (maxi 297347610) (runs 3)))
   ((Gc Mean_space_overhead)
    ((success true) (mean 20.634885666666666) (stddev 2.7135462653141397E-05)
     (mini 20.63487) (maxi 20.634917) (runs 3)))))
 (error ()))
