((success true) (name kb) (context_id 4.06.1+multicore+scheduling+bench)
 (weight 1)
 (data
  (((Time Real)
    ((success true) (mean 460945641.8888889) (stddev 6284161.9473968539)
     (mini 457960994) (maxi 477638494) (runs 9)))
   (Size
    ((success true) (mean 863622) (stddev 0) (mini 863622) (maxi 863622)
     (runs 1)))
   ((Size Code)
    ((success true) (mean 667682) (stddev 0) (mini 667682) (maxi 667682)
     (runs 1)))
   ((Size Data)
    ((success true) (mean 195940) (stddev 0) (mini 195940) (maxi 195940)
     (runs 1)))
   ((Gc Minor_words)
    ((success true) (mean 90482693) (stddev 0) (mini 90482693)
     (maxi 90482693) (runs 9)))
   ((Gc Major_words)
    ((success true) (mean 4817598) (stddev 0) (mini 4817598) (maxi 4817598)
     (runs 9)))
   ((Gc Promoted_words)
    ((success true) (mean 0.0532424471495339) (stddev 7.3598084000801949E-18)
     (mini 0.053242447149533891) (maxi 0.053242447149533891) (runs 9)))
   ((Gc Top_heap_words)
    ((success true) (mean 446464) (stddev 0) (mini 446464) (maxi 446464)
     (runs 9)))
   ((Gc Minor_collections)
    ((success true) (mean 341) (stddev 0) (mini 341) (maxi 341) (runs 9)))
   ((Gc Major_collections)
    ((success true) (mean 67) (stddev 0) (mini 67) (maxi 67) (runs 9)))
   ((Gc Heap_words)
    ((success true) (mean 225280) (stddev 0) (mini 225280) (maxi 225280)
     (runs 9)))
   ((Gc Mean_space_overhead)
    ((success true) (mean 66.924630999999991) (stddev 1.5072887603364239E-14)
     (mini 66.924631) (maxi 66.924631) (runs 9)))))
 (error ()))
