((success true) (name numal-naive-multilayer)
 (context_id 4.06.1+multicore-lazy+bench) (weight 1)
 (data
  (((Time Real)
    ((success true) (mean 2507964713.6666665) (stddev 6422742.7536780834)
     (mini 2501895882) (maxi 2514690821) (runs 3)))
   (Size
    ((success true) (mean 1226374) (stddev 0) (mini 1226374) (maxi 1226374)
     (runs 1)))
   ((Size Code)
    ((success true) (mean 875234) (stddev 0) (mini 875234) (maxi 875234)
     (runs 1)))
   ((Size Data)
    ((success true) (mean 351140) (stddev 0) (mini 351140) (maxi 351140)
     (runs 1)))
   ((Gc Minor_words)
    ((success true) (mean 2163946623) (stddev 0) (mini 2163946623)
     (maxi 2163946623) (runs 3)))
   ((Gc Major_words)
    ((success true) (mean 1256500) (stddev 0) (mini 1256500) (maxi 1256500)
     (runs 3)))
   ((Gc Promoted_words)
    ((success true) (mean 1256070) (stddev 0) (mini 1256070) (maxi 1256070)
     (runs 3)))
   ((Gc Top_heap_words)
    ((success true) (mean 74082) (stddev 0) (mini 74082) (maxi 74082)
     (runs 3)))
   ((Gc Minor_collections)
    ((success true) (mean 8253) (stddev 0) (mini 8253) (maxi 8253) (runs 3)))
   ((Gc Major_collections)
    ((success true) (mean 129) (stddev 0) (mini 129) (maxi 129) (runs 3)))
   ((Gc Heap_words)
    ((success true) (mean 74082) (stddev 0) (mini 74082) (maxi 74082)
     (runs 3)))
   ((Gc Mean_space_overhead)
    ((success true) (mean 197.127443) (stddev 0) (mini 197.127443)
     (maxi 197.127443) (runs 3)))))
 (error ()))
