((success true) (name menhir-fancy) (context_id 4.06.1+trunk+bench)
 (weight 1)
 (data
  (((Time Real)
    ((success true) (mean 25044579.16875) (stddev 3628392.1766376183)
     (mini 19772166) (maxi 57606755) (runs 160)))
   (Size
    ((success true) (mean 3271407) (stddev 0) (mini 3271407) (maxi 3271407)
     (runs 1)))
   ((Size Code)
    ((success true) (mean 2368895) (stddev 0) (mini 2368895) (maxi 2368895)
     (runs 1)))
   ((Size Data)
    ((success true) (mean 902512) (stddev 0) (mini 902512) (maxi 902512)
     (runs 1)))
   ((Gc Minor_words)
    ((success true) (mean 2238237) (stddev 0) (mini 2238237) (maxi 2238237)
     (runs 160)))
   ((Gc Major_words)
    ((success true) (mean 328756) (stddev 0) (mini 328756) (maxi 328756)
     (runs 160)))
   ((Gc Promoted_words)
    ((success true) (mean 0.080203302867390733)
     (stddev 1.3921360247235425E-17) (mini 0.080203302867390719)
     (maxi 0.080203302867390719) (runs 160)))
   ((Gc Top_heap_words)
    ((success true) (mean 491520) (stddev 0) (mini 491520) (maxi 491520)
     (runs 160)))
   ((Gc Minor_collections)
    ((success true) (mean 9) (stddev 0) (mini 9) (maxi 9) (runs 160)))
   ((Gc Major_collections)
    ((success true) (mean 1) (stddev 0) (mini 1) (maxi 1) (runs 160)))
   ((Gc Compactions)
    ((success true) (mean 0) (stddev 0) (mini 0) (maxi 0) (runs 160)))
   ((Gc Heap_words)
    ((success true) (mean 491520) (stddev 0) (mini 491520) (maxi 491520)
     (runs 160)))
   ((Gc Heap_chunks)
    ((success true) (mean 1) (stddev 0) (mini 1) (maxi 1) (runs 160)))))
 (error ()))
