((success true) (name cpdf-merge)
 (context_id 4.08.0+optim_local_tailcalls+flambda+bench) (weight 1)
 (data
  (((Time Real)
    ((success true) (mean 4128482566.3333335) (stddev 9492531.4200265)
     (mini 4117617905) (maxi 4135170884) (runs 3)))
   (Size
    ((success true) (mean 6019405) (stddev 0) (mini 6019405) (maxi 6019405)
     (runs 1)))
   ((Size Code)
    ((success true) (mean 4199293) (stddev 0) (mini 4199293) (maxi 4199293)
     (runs 1)))
   ((Size Data)
    ((success true) (mean 1820112) (stddev 0) (mini 1820112) (maxi 1820112)
     (runs 1)))
   ((Gc Minor_words)
    ((success true) (mean 194039688) (stddev 0) (mini 194039688)
     (maxi 194039688) (runs 3)))
   ((Gc Major_words)
    ((success true) (mean 95032321) (stddev 0) (mini 95032321)
     (maxi 95032321) (runs 3)))
   ((Gc Promoted_words)
    ((success true) (mean 83318874) (stddev 0) (mini 83318874)
     (maxi 83318874) (runs 3)))
   ((Gc Top_heap_words)
    ((success true) (mean 45316096) (stddev 0) (mini 45316096)
     (maxi 45316096) (runs 3)))
   ((Gc Minor_collections)
    ((success true) (mean 761) (stddev 0) (mini 761) (maxi 761) (runs 3)))
   ((Gc Major_collections)
    ((success true) (mean 27) (stddev 0) (mini 27) (maxi 27) (runs 3)))
   ((Gc Compactions)
    ((success true) (mean 1) (stddev 0) (mini 1) (maxi 1) (runs 3)))
   ((Gc Heap_words)
    ((success true) (mean 45316096) (stddev 0) (mini 45316096)
     (maxi 45316096) (runs 3)))
   ((Gc Heap_chunks)
    ((success true) (mean 32) (stddev 0) (mini 32) (maxi 32) (runs 3)))))
 (error ()))
