((success true) (name cpdf-merge)
 (context_id 4.06.1+multicore+cas-promotion+bench) (weight 1)
 (data
  (((Time Real)
    ((success true) (mean 7655974998.5) (stddev 7380912.8109932654)
     (mini 7650755905) (maxi 7661194092) (runs 2)))
   (Size
    ((success true) (mean 5671736) (stddev 0) (mini 5671736) (maxi 5671736)
     (runs 1)))
   ((Size Code)
    ((success true) (mean 3712984) (stddev 0) (mini 3712984) (maxi 3712984)
     (runs 1)))
   ((Size Data)
    ((success true) (mean 1958752) (stddev 0) (mini 1958752) (maxi 1958752)
     (runs 1)))
   ((Gc Minor_words)
    ((success true) (mean 197558831) (stddev 0) (mini 197558831)
     (maxi 197558831) (runs 2)))
   ((Gc Major_words)
    ((success true) (mean 95161531) (stddev 0) (mini 95161531)
     (maxi 95161531) (runs 2)))
   ((Gc Promoted_words)
    ((success true) (mean 0.4223956660282121) (stddev 0)
     (mini 0.4223956660282121) (maxi 0.4223956660282121) (runs 2)))
   ((Gc Minor_collections)
    ((success true) (mean 759) (stddev 0) (mini 759) (maxi 759) (runs 2)))
   ((Gc Major_collections)
    ((success true) (mean 58) (stddev 0) (mini 58) (maxi 58) (runs 2)))))
 (error ()))
