((success true) (name menhir-standard) (context_id 4.06.1+multicore+bench)
 (weight 1)
 (data
  (((Time Real)
    ((success true) (mean 11403046.031339031) (stddev 67956.837864856861)
     (mini 11271545) (maxi 11754319) (runs 351)))
   (Size
    ((success true) (mean 3967811) (stddev 0) (mini 3967811) (maxi 3967811)
     (runs 1)))
   ((Size Code)
    ((success true) (mean 2934931) (stddev 0) (mini 2934931) (maxi 2934931)
     (runs 1)))
   ((Size Data)
    ((success true) (mean 1032880) (stddev 0) (mini 1032880) (maxi 1032880)
     (runs 1)))
   ((Gc Minor_words)
    ((success true) (mean 2585245) (stddev 0) (mini 2585245) (maxi 2585245)
     (runs 351)))
   ((Gc Major_words)
    ((success true) (mean 242323) (stddev 0) (mini 242323) (maxi 242323)
     (runs 351)))
   ((Gc Promoted_words)
    ((success true) (mean 0.041003463888335638)
     (stddev 1.0423199308615852E-16) (mini 0.041003463888335534)
     (maxi 0.041003463888335534) (runs 351)))
   ((Gc Top_heap_words)
    ((success true) (mean 323978) (stddev 0) (mini 323978) (maxi 323978)
     (runs 351)))
   ((Gc Minor_collections)
    ((success true) (mean 4) (stddev 0) (mini 4) (maxi 4) (runs 351)))
   ((Gc Major_collections)
    ((success true) (mean 1) (stddev 0) (mini 1) (maxi 1) (runs 351)))
   ((Gc Heap_words)
    ((success true) (mean 323978) (stddev 0) (mini 323978) (maxi 323978)
     (runs 351)))
   ((Gc Mean_space_overhead)
    ((success true) (mean 33.680210000000287) (stddev 2.8462282912060352E-13)
     (mini 33.68021) (maxi 33.68021) (runs 351)))))
 (error ()))
