((success false) (name menhir-sql) (context_id 4.06.1+multicore+bench)
 (weight 1)
 (data
  (((Time Real)
    ((success false) (mean 3289324035) (stddev -NAN) (mini 3289324035)
     (maxi 3289324035) (runs 1)))
   (Size
    ((success true) (mean 3971787) (stddev 0) (mini 3971787) (maxi 3971787)
     (runs 1)))
   ((Size Code)
    ((success true) (mean 2938139) (stddev 0) (mini 2938139) (maxi 2938139)
     (runs 1)))
   ((Size Data)
    ((success true) (mean 1033648) (stddev 0) (mini 1033648) (maxi 1033648)
     (runs 1)))
   ((Gc Minor_words)
    ((success false) (mean 1007629231) (stddev -NAN) (mini 1007629231)
     (maxi 1007629231) (runs 1)))
   ((Gc Major_words)
    ((success false) (mean 55248639) (stddev -NAN) (mini 55248639)
     (maxi 55248639) (runs 1)))
   ((Gc Promoted_words)
    ((success false) (mean 45544087) (stddev -NAN) (mini 45544087)
     (maxi 45544087) (runs 1)))
   ((Gc Top_heap_words)
    ((success false) (mean 48966283) (stddev -NAN) (mini 48966283)
     (maxi 48966283) (runs 1)))
   ((Gc Minor_collections)
    ((success false) (mean 3867) (stddev -NAN) (mini 3867) (maxi 3867)
     (runs 1)))
   ((Gc Major_collections)
    ((success false) (mean 15) (stddev -NAN) (mini 15) (maxi 15) (runs 1)))
   ((Gc Heap_words)
    ((success false) (mean 48966283) (stddev -NAN) (mini 48966283)
     (maxi 48966283) (runs 1)))))
 (error
  ((""
     "allocated_words: 1017333783\
    \nminor_words: 1007629231\
    \npromoted_words: 45544087\
    \nmajor_words: 55248639\
    \nminor_collections: 3867\
    \nmajor_collections: 15\
    \nheap_words: 48966283\
    \ntop_heap_words: 48966283\
    \n"))))
