((success true) (name numal-fft) (context_id 4.06.1+multicore+bench)
 (weight 1)
 (data
  (((Time Real)
    ((success true) (mean 2358236552.3333335) (stddev 9301481.46267681)
     (mini 2348870190) (maxi 2367471766) (runs 3)))
   (Size
    ((success true) (mean 820994) (stddev 0) (mini 820994) (maxi 820994)
     (runs 1)))
   ((Size Code)
    ((success true) (mean 636062) (stddev 0) (mini 636062) (maxi 636062)
     (runs 1)))
   ((Size Data)
    ((success true) (mean 184932) (stddev 0) (mini 184932) (maxi 184932)
     (runs 1)))
   ((Gc Minor_words)
    ((success true) (mean 256386827) (stddev 0) (mini 256386827)
     (maxi 256386827) (runs 3)))
   ((Gc Major_words)
    ((success true) (mean 130782695) (stddev 0) (mini 130782695)
     (maxi 130782695) (runs 3)))
   ((Gc Promoted_words)
    ((success true) (mean 0.48964969249375673) (stddev 0)
     (mini 0.48964969249375673) (maxi 0.48964969249375673) (runs 3)))
   ((Gc Top_heap_words)
    ((success true) (mean 73334802) (stddev 0) (mini 73334802)
     (maxi 73334802) (runs 3)))
   ((Gc Minor_collections)
    ((success true) (mean 171) (stddev 0) (mini 171) (maxi 171) (runs 3)))
   ((Gc Major_collections)
    ((success true) (mean 7) (stddev 0) (mini 7) (maxi 7) (runs 3)))
   ((Gc Heap_words)
    ((success true) (mean 73334802) (stddev 0) (mini 73334802)
     (maxi 73334802) (runs 3)))
   ((Gc Mean_space_overhead)
    ((success true) (mean 3318.852158) (stddev 0) (mini 3318.852158)
     (maxi 3318.852158) (runs 3)))))
 (error ()))
