((success true) (name cpdf-reformat) (context_id 4.08.0+trunk+bench)
 (weight 1)
 (data
  (((Time Real)
    ((success true) (mean 6571078566) (stddev 1936699.0056325221)
     (mini 6569709113) (maxi 6572448019) (runs 2)))
   (Size
    ((success true) (mean 4983733) (stddev 0) (mini 4983733) (maxi 4983733)
     (runs 1)))
   ((Size Code)
    ((success true) (mean 3181869) (stddev 0) (mini 3181869) (maxi 3181869)
     (runs 1)))
   ((Size Data)
    ((success true) (mean 1801864) (stddev 0) (mini 1801864) (maxi 1801864)
     (runs 1)))
   ((Gc Minor_words)
    ((success true) (mean 448739467) (stddev 0) (mini 448739467)
     (maxi 448739467) (runs 2)))
   ((Gc Major_words)
    ((success true) (mean 76385347) (stddev 0) (mini 76385347)
     (maxi 76385347) (runs 2)))
   ((Gc Promoted_words)
    ((success true) (mean 65795943) (stddev 0) (mini 65795943)
     (maxi 65795943) (runs 2)))
   ((Gc Top_heap_words)
    ((success true) (mean 34265088) (stddev 0) (mini 34265088)
     (maxi 34265088) (runs 2)))
   ((Gc Minor_collections)
    ((success true) (mean 1727) (stddev 0) (mini 1727) (maxi 1727) (runs 2)))
   ((Gc Major_collections)
    ((success true) (mean 26) (stddev 0) (mini 26) (maxi 26) (runs 2)))
   ((Gc Compactions)
    ((success true) (mean 1) (stddev 0) (mini 1) (maxi 1) (runs 2)))
   ((Gc Heap_words)
    ((success true) (mean 34265088) (stddev 0) (mini 34265088)
     (maxi 34265088) (runs 2)))
   ((Gc Heap_chunks)
    ((success true) (mean 30) (stddev 0) (mini 30) (maxi 30) (runs 2)))))
 (error ()))
