((success true) (name bdd) (context_id 4.06.1+multicore+bench) (weight 1)
 (data
  (((Time Real)
    ((success true) (mean 207235948.15) (stddev 2432381.0909595573)
     (mini 205517274) (maxi 216689754) (runs 20)))
   (Size
    ((success true) (mean 830964) (stddev 0) (mini 830964) (maxi 830964)
     (runs 1)))
   ((Size Code)
    ((success true) (mean 636232) (stddev 0) (mini 636232) (maxi 636232)
     (runs 1)))
   ((Size Data)
    ((success true) (mean 194732) (stddev 0) (mini 194732) (maxi 194732)
     (runs 1)))
   ((Gc Minor_words)
    ((success true) (mean 78354226) (stddev 0) (mini 78354226)
     (maxi 78354226) (runs 20)))
   ((Gc Major_words)
    ((success true) (mean 617962) (stddev 0) (mini 617962) (maxi 617962)
     (runs 20)))
   ((Gc Promoted_words)
    ((success true) (mean 0.00611326311869892) (stddev 0)
     (mini 0.00611326311869892) (maxi 0.00611326311869892) (runs 20)))
   ((Gc Minor_collections)
    ((success true) (mean 292) (stddev 0) (mini 292) (maxi 292) (runs 20)))
   ((Gc Major_collections)
    ((success true) (mean 10) (stddev 0) (mini 10) (maxi 10) (runs 20)))))
 (error ()))
