((success true) (name cpdf-reformat) (context_id 4.06.1+multicore+bench)
 (weight 1)
 (data
  (((Time Real)
    ((success true) (mean 7472723470.333333) (stddev 19461805.928862933)
     (mini 7457683426) (maxi 7494704118) (runs 3)))
   (Size
    ((success true) (mean 5405260) (stddev 0) (mini 5405260) (maxi 5405260)
     (runs 1)))
   ((Size Code)
    ((success true) (mean 3548800) (stddev 0) (mini 3548800) (maxi 3548800)
     (runs 1)))
   ((Size Data)
    ((success true) (mean 1856460) (stddev 0) (mini 1856460) (maxi 1856460)
     (runs 1)))
   ((Gc Minor_words)
    ((success true) (mean 444797341) (stddev 0) (mini 444797341)
     (maxi 444797341) (runs 3)))
   ((Gc Major_words)
    ((success true) (mean 75226887) (stddev 0) (mini 75226887)
     (maxi 75226887) (runs 3)))
   ((Gc Promoted_words)
    ((success true) (mean 64637393) (stddev 0) (mini 64637393)
     (maxi 64637393) (runs 3)))
   ((Gc Top_heap_words)
    ((success true) (mean 30748513) (stddev 0) (mini 30748513)
     (maxi 30748513) (runs 3)))
   ((Gc Minor_collections)
    ((success true) (mean 1694) (stddev 0) (mini 1694) (maxi 1694) (runs 3)))
   ((Gc Major_collections)
    ((success true) (mean 29) (stddev 0) (mini 29) (maxi 29) (runs 3)))
   ((Gc Heap_words)
    ((success true) (mean 30609141) (stddev 0) (mini 30609141)
     (maxi 30609141) (runs 3)))
   ((Gc Mean_space_overhead)
    ((success true) (mean 26.578181) (stddev 0) (mini 26.578181)
     (maxi 26.578181) (runs 3)))))
 (error ()))
