((success true) (name cpdf-merge) (context_id 4.06.1+multicore+bench)
 (weight 1)
 (data
  (((Time Real)
    ((success true) (mean 5350326279.666667) (stddev 24756288.161058176)
     (mini 5334726073) (maxi 5378871237) (runs 3)))
   (Size
    ((success true) (mean 5405260) (stddev 0) (mini 5405260) (maxi 5405260)
     (runs 1)))
   ((Size Code)
    ((success true) (mean 3548800) (stddev 0) (mini 3548800) (maxi 3548800)
     (runs 1)))
   ((Size Data)
    ((success true) (mean 1856460) (stddev 0) (mini 1856460) (maxi 1856460)
     (runs 1)))
   ((Gc Minor_words)
    ((success true) (mean 191149194) (stddev 0) (mini 191149194)
     (maxi 191149194) (runs 3)))
   ((Gc Major_words)
    ((success true) (mean 91785986) (stddev 0) (mini 91785986)
     (maxi 91785986) (runs 3)))
   ((Gc Promoted_words)
    ((success true) (mean 81093935) (stddev 0) (mini 81093935)
     (maxi 81093935) (runs 3)))
   ((Gc Top_heap_words)
    ((success true) (mean 43087817) (stddev 0) (mini 43087817)
     (maxi 43087817) (runs 3)))
   ((Gc Minor_collections)
    ((success true) (mean 733) (stddev 0) (mini 733) (maxi 733) (runs 3)))
   ((Gc Major_collections)
    ((success true) (mean 30) (stddev 0) (mini 30) (maxi 30) (runs 3)))
   ((Gc Heap_words)
    ((success true) (mean 39245769) (stddev 0) (mini 39245769)
     (maxi 39245769) (runs 3)))
   ((Gc Mean_space_overhead)
    ((success true) (mean 19.730403) (stddev 0) (mini 19.730403)
     (maxi 19.730403) (runs 3)))))
 (error ()))
