((success true) (name setrip) (context_id 4.06.1+multicore+bench) (weight 1)
 (data
  (((Time Real)
    ((success true) (mean 975301390.6) (stddev 7458060.4659868032)
     (mini 967179331) (maxi 985093546) (runs 5)))
   (Size
    ((success true) (mean 1361865) (stddev 0) (mini 1361865) (maxi 1361865)
     (runs 1)))
   ((Size Code)
    ((success true) (mean 1061165) (stddev 0) (mini 1061165) (maxi 1061165)
     (runs 1)))
   ((Size Data)
    ((success true) (mean 300700) (stddev 0) (mini 300700) (maxi 300700)
     (runs 1)))
   ((Gc Minor_words)
    ((success true) (mean 161912275) (stddev 0) (mini 161912275)
     (maxi 161912275) (runs 5)))
   ((Gc Major_words)
    ((success true) (mean 13030) (stddev 0) (mini 13030) (maxi 13030)
     (runs 5)))
   ((Gc Promoted_words)
    ((success true) (mean 4751) (stddev 0) (mini 4751) (maxi 4751) (runs 5)))
   ((Gc Top_heap_words)
    ((success true) (mean 65539) (stddev 0) (mini 65539) (maxi 65539)
     (runs 5)))
   ((Gc Minor_collections)
    ((success true) (mean 610) (stddev 0) (mini 610) (maxi 610) (runs 5)))
   ((Gc Major_collections)
    ((success true) (mean 12) (stddev 0) (mini 12) (maxi 12) (runs 5)))
   ((Gc Heap_words)
    ((success true) (mean 65539) (stddev 0) (mini 65539) (maxi 65539)
     (runs 5)))
   ((Gc Mean_space_overhead)
    ((success true) (mean 621.430204) (stddev 0) (mini 621.430204)
     (maxi 621.430204) (runs 5)))))
 (error ()))
