((success true) (name numal-durand-kerner-aberth)
 (context_id 4.06.1+multicore+bench) (weight 1)
 (data
  (((Time Real)
    ((success true) (mean 81831559.142857149) (stddev 234236.85834721872)
     (mini 81318049) (maxi 82290264) (runs 49)))
   (Size
    ((success true) (mean 952979) (stddev 0) (mini 952979) (maxi 952979)
     (runs 1)))
   ((Size Code)
    ((success true) (mean 743311) (stddev 0) (mini 743311) (maxi 743311)
     (runs 1)))
   ((Size Data)
    ((success true) (mean 209668) (stddev 0) (mini 209668) (maxi 209668)
     (runs 1)))
   ((Gc Minor_words)
    ((success true) (mean 77191398) (stddev 0) (mini 77191398)
     (maxi 77191398) (runs 49)))
   ((Gc Major_words)
    ((success true) (mean 229455) (stddev 0) (mini 229455) (maxi 229455)
     (runs 49)))
   ((Gc Promoted_words)
    ((success true) (mean 0.0029715357662002686)
     (stddev 1.7527003651933526E-18) (mini 0.0029715357662002703)
     (maxi 0.0029715357662002703) (runs 49)))
   ((Gc Top_heap_words)
    ((success true) (mean 53248) (stddev 0) (mini 53248) (maxi 53248)
     (runs 49)))
   ((Gc Minor_collections)
    ((success true) (mean 292) (stddev 0) (mini 292) (maxi 292) (runs 49)))
   ((Gc Major_collections)
    ((success true) (mean 43) (stddev 0) (mini 43) (maxi 43) (runs 49)))
   ((Gc Heap_words)
    ((success true) (mean 53248) (stddev 0) (mini 53248) (maxi 53248)
     (runs 49)))
   ((Gc Mean_space_overhead)
    ((success true) (mean 660.154283) (stddev 0) (mini 660.154283)
     (maxi 660.154283) (runs 49)))))
 (error ()))
