((success true) (name lexifi-g2pp)
 (context_id 4.06.1+multicore+no-effect-syntax+bench) (weight 1)
 (data
  (((Time Real)
    ((success true) (mean 9824465160.5) (stddev 4396140.1342860423)
     (mini 9821356620) (maxi 9827573701) (runs 2)))
   (Size
    ((success true) (mean 1001736) (stddev 0) (mini 1001736) (maxi 1001736)
     (runs 1)))
   ((Size Code)
    ((success true) (mean 768420) (stddev 0) (mini 768420) (maxi 768420)
     (runs 1)))
   ((Size Data)
    ((success true) (mean 233316) (stddev 0) (mini 233316) (maxi 233316)
     (runs 1)))
   ((Gc Minor_words)
    ((success true) (mean 1583340401) (stddev 0) (mini 1583340401)
     (maxi 1583340401) (runs 2)))
   ((Gc Major_words)
    ((success true) (mean 266466) (stddev 0) (mini 266466) (maxi 266466)
     (runs 2)))
   ((Gc Promoted_words)
    ((success true) (mean 266388) (stddev 0) (mini 266388) (maxi 266388)
     (runs 2)))
   ((Gc Top_heap_words)
    ((success true) (mean 156643) (stddev 0) (mini 156643) (maxi 156643)
     (runs 2)))
   ((Gc Minor_collections)
    ((success true) (mean 6038) (stddev 0) (mini 6038) (maxi 6038) (runs 2)))
   ((Gc Major_collections)
    ((success true) (mean 11) (stddev 0) (mini 11) (maxi 11) (runs 2)))
   ((Gc Heap_words)
    ((success true) (mean 156643) (stddev 0) (mini 156643) (maxi 156643)
     (runs 2)))
   ((Gc Mean_space_overhead)
    ((success true) (mean 96.780763) (stddev 0) (mini 96.780763)
     (maxi 96.780763) (runs 2)))))
 (error ()))
