((success false) (name menhir-list-errors)
 (context_id 4.06.1+multicore-lazy+bench) (weight 1)
 (data
  (((Time Real)
    ((success false) (mean 196127609037) (stddev -NAN) (mini 196127609037)
     (maxi 196127609037) (runs 1)))
   (Size
    ((success true) (mean 4100394) (stddev 0) (mini 4100394) (maxi 4100394)
     (runs 1)))
   ((Size Code)
    ((success true) (mean 3021058) (stddev 0) (mini 3021058) (maxi 3021058)
     (runs 1)))
   ((Size Data)
    ((success true) (mean 1079336) (stddev 0) (mini 1079336) (maxi 1079336)
     (runs 1)))
   ((Gc Minor_words)
    ((success false) (mean 2358856747) (stddev -NAN) (mini 2358856747)
     (maxi 2358856747) (runs 1)))
   ((Gc Major_words)
    ((success false) (mean 1131353708) (stddev -NAN) (mini 1131353708)
     (maxi 1131353708) (runs 1)))
   ((Gc Promoted_words)
    ((success false) (mean 411879107) (stddev -NAN) (mini 411879107)
     (maxi 411879107) (runs 1)))
   ((Gc Top_heap_words)
    ((success false) (mean 399419876) (stddev -NAN) (mini 399419876)
     (maxi 399419876) (runs 1)))
   ((Gc Minor_collections)
    ((success false) (mean 9103) (stddev -NAN) (mini 9103) (maxi 9103)
     (runs 1)))
   ((Gc Major_collections)
    ((success false) (mean 36) (stddev -NAN) (mini 36) (maxi 36) (runs 1)))
   ((Gc Heap_words)
    ((success false) (mean 297347610) (stddev -NAN) (mini 297347610)
     (maxi 297347610) (runs 1)))))
 (error
  ((""
     "File \"/root/.opam/4.06.1+multicore-lazy+bench/share/menhir-bench/ocaml.mly\", line 620, characters 29-36:\
    \nWarning: the token COMMENT is unused.\
    \nFile \"/root/.opam/4.06.1+multicore-lazy+bench/share/menhir-bench/ocaml.mly\", line 621, characters 30-39:\
    \nWarning: the token DOCSTRING is unused.\
    \nFile \"/root/.opam/4.06.1+multicore-lazy+bench/share/menhir-bench/ocaml.mly\", line 623, characters 7-10:\
    \nWarning: the token EOL is unused.\
    \nFile \"/root/.opam/4.06.1+multicore-lazy+bench/share/menhir-bench/ocaml.mly\", line 541, characters 7-22:\
    \nWarning: the token GREATERRBRACKET is unused.\
    \nBuilt an LR(0) automaton with 1676 states.\
    \nBuilt an LR(1) automaton with 1676 states.\
    \n1053 shift/reduce conflicts were silently solved.\
    \nWarning: The reachability analysis ignores all productions that involve the error token.\
    \nTotal star size: 57769\
    \nDone with level 0.\
    \n8100 calls to intern; 107 unique strings.\
    \nF stores 7692 facts.\
    \nE stores 2838 edges.\
    \nQ stores 8098 facts.\
    \n7692 facts extracted out of Q, of which 7691 considered.\
    \nDone with level 1.\
    \n3167257 calls to intern; 1216 unique strings.\
    \nF stores 534945 facts.\
    \nE stores 735642 edges.\
    \nQ stores 3129786 facts.\
    \n534947 facts extracted out of Q, of which 534944 considered.\
    \nDone with level 2.\
    \n41377026 calls to intern; 13230 unique strings.\
    \nF stores 1326793 facts.\
    \nE stores 1408135 edges.\
    \nQ stores 38156257 facts.\
    \n4105133 facts extracted out of Q, of which 1326792 considered.\
    \nDone with level 3.\
    \n112723848 calls to intern; 45128 unique strings.\
    \nF stores 3592636 facts.\
    \nE stores 1982772 edges.\
    \nQ stores 93030777 facts.\
    \n20953006 facts extracted out of Q, of which 3592635 considered.\
    \nDone with level 4.\
    \n139760380 calls to intern; 75488 unique strings.\
    \nF stores 6832756 facts.\
    \nE stores 2287807 edges.\
    \nQ stores 74602480 facts.\
    \n66583074 facts extracted out of Q, of which 6832755 considered.\
    \nDone with level 5.\
    \n162353857 calls to intern; 93212 unique strings.\
    \nF stores 7922789 facts.\
    \nE stores 2454468 edges.\
    \nQ stores 48684599 facts.\
    \n115126985 facts extracted out of Q, of which 7922788 considered.\
    \nDone with level 6.\
    \n195907656 calls to intern; 115582 unique strings.\
    \nF stores 8578312 facts.\
    \nE stores 2541475 edges.\
    \nQ stores 60300494 facts.\
    \n137090319 facts extracted out of Q, of which 8578311 considered.\
    \nDone with level 7.\
    \n223312681 calls to intern; 134866 unique strings.\
    \nF stores 9371784 facts.\
    \nE stores 2581212 edges.\
    \nQ stores 64742808 facts.\
    \n160061890 facts extracted out of Q, of which 9371783 considered.\
    \nDone with level 8.\
    \n234332978 calls to intern; 144760 unique strings.\
    \nF stores 10223421 facts.\
    \nE stores 2600173 edges.\
    \nQ stores 47885423 facts.\
    \n187946140 facts extracted out of Q, of which 10223420 considered.\
    \nDone with level 9.\
    \n249061837 calls to intern; 150903 unique strings.\
    \nF stores 10595639 facts.\
    \nE stores 2642004 edges.\
    \nQ stores 38059632 facts.\
    \n212508434 facts extracted out of Q, of which 10595638 considered.\
    \nDone with level 10.\
    \n256034651 calls to intern; 155498 unique strings.\
    \nF stores 10842389 facts.\
    \nE stores 2643676 edges.\
    \nQ stores 32328202 facts.\
    \n225212626 facts extracted out of Q, of which 10842388 considered.\
    \nDone with level 11.\
    \n256127653 calls to intern; 155603 unique strings.\
    \nF stores 11047698 facts.\
    \nE stores 2647286 edges.\
    \nQ stores 20341051 facts.\
    \n237296223 facts extracted out of Q, of which 11047697 considered.\
    \nDone with level 12.\
    \n256420329 calls to intern; 155907 unique strings.\
    \nF stores 11064978 facts.\
    \nE stores 2649123 edges.\
    \nQ stores 10520538 facts.\
    \n247409433 facts extracted out of Q, of which 11064977 considered.\
    \nDone with level 13.\
    \n256420329 calls to intern; 155907 unique strings.\
    \nF stores 11072410 facts.\
    \nE stores 2649123 edges.\
    \nQ stores 6359811 facts.\
    \n251570160 facts extracted out of Q, of which 11072409 considered.\
    \nDone with level 14.\
    \n256420329 calls to intern; 155907 unique strings.\
    \nF stores 11073397 facts.\
    \nE stores 2649123 edges.\
    \nQ stores 0 facts.\
    \n257929971 facts extracted out of Q, of which 11073397 considered.\
    \n158890 graph nodes explored by forward search.\
    \n1618 out of 1676 states are reachable.\
    \nFound 1011 states where an error can occur.\
    \nMaximum size reached by the major heap: 3047M\
    \nallocated_words: 3078331348\
    \nminor_words: 2358856747\
    \npromoted_words: 411879107\
    \nmajor_words: 1131353708\
    \nminor_collections: 9103\
    \nmajor_collections: 36\
    \nheap_words: 297347610\
    \ntop_heap_words: 399419876\
    \n"))))
