((success true) (name numal-rnd_access)
 (context_id 4.08.0+trunk+flambda+bench) (weight 1)
 (data
  (((Time Real)
    ((success true) (mean 4098722524.5) (stddev 3768464.0720437416)
     (mini 4096057818) (maxi 4101387231) (runs 2)))
   (Size
    ((success true) (mean 613699) (stddev 0) (mini 613699) (maxi 613699)
     (runs 1)))
   ((Size Code)
    ((success true) (mean 477623) (stddev 0) (mini 477623) (maxi 477623)
     (runs 1)))
   ((Size Data)
    ((success true) (mean 136076) (stddev 0) (mini 136076) (maxi 136076)
     (runs 1)))
   ((Gc Minor_words)
    ((success true) (mean 200003097) (stddev 20870.963753502136)
     (mini 199988339) (maxi 200017855) (runs 2)))
   ((Gc Major_words)
    ((success true) (mean 200000125) (stddev 0) (mini 200000125)
     (maxi 200000125) (runs 2)))
   ((Gc Promoted_words)
    ((success true) (mean 124) (stddev 0) (mini 124) (maxi 124) (runs 2)))
   ((Gc Top_heap_words)
    ((success true) (mean 360491520) (stddev 0) (mini 360491520)
     (maxi 360491520) (runs 2)))
   ((Gc Minor_collections)
    ((success true) (mean 764) (stddev 0) (mini 764) (maxi 764) (runs 2)))
   ((Gc Major_collections)
    ((success true) (mean 1) (stddev 0) (mini 1) (maxi 1) (runs 2)))
   ((Gc Compactions)
    ((success true) (mean 0) (stddev 0) (mini 0) (maxi 0) (runs 2)))
   ((Gc Heap_words)
    ((success true) (mean 360491520) (stddev 0) (mini 360491520)
     (maxi 360491520) (runs 2)))
   ((Gc Heap_chunks)
    ((success true) (mean 2) (stddev 0) (mini 2) (maxi 2) (runs 2)))))
 (error ()))
