((success true) (name numal-levinson-durbin) (context_id 4.08.0+trunk+bench)
 (weight 1)
 (data
  (((Time Real)
    ((success true) (mean 1409503471.3333333) (stddev 720834.31892865186)
     (mini 1408866160) (maxi 1410285784) (runs 3)))
   (Size
    ((success true) (mean 532768) (stddev 0) (mini 532768) (maxi 532768)
     (runs 1)))
   ((Size Code)
    ((success true) (mean 310004) (stddev 0) (mini 310004) (maxi 310004)
     (runs 1)))
   ((Size Data)
    ((success true) (mean 222764) (stddev 0) (mini 222764) (maxi 222764)
     (runs 1)))
   ((Gc Minor_words)
    ((success true) (mean 1000784001) (stddev 0) (mini 1000784001)
     (maxi 1000784001) (runs 3)))
   ((Gc Major_words)
    ((success true) (mean 250064165) (stddev 0) (mini 250064165)
     (maxi 250064165) (runs 3)))
   ((Gc Promoted_words)
    ((success true) (mean 40746) (stddev 0) (mini 40746) (maxi 40746)
     (runs 3)))
   ((Gc Top_heap_words)
    ((success true) (mean 565248) (stddev 0) (mini 565248) (maxi 565248)
     (runs 3)))
   ((Gc Minor_collections)
    ((success true) (mean 4885) (stddev 0) (mini 4885) (maxi 4885) (runs 3)))
   ((Gc Major_collections)
    ((success true) (mean 1755) (stddev 0) (mini 1755) (maxi 1755) (runs 3)))
   ((Gc Compactions)
    ((success true) (mean 382) (stddev 0) (mini 382) (maxi 382) (runs 3)))
   ((Gc Heap_words)
    ((success true) (mean 122880) (stddev 0) (mini 122880) (maxi 122880)
     (runs 3)))
   ((Gc Heap_chunks)
    ((success true) (mean 2) (stddev 0) (mini 2) (maxi 2) (runs 3)))))
 (error ()))
