((success true) (name numal-durand-kerner-aberth)
 (context_id 4.08.0+optim_local_tailcalls+bench) (weight 1)
 (data
  (((Time Real)
    ((success true) (mean 77197576.59615384) (stddev 248524.5250464018)
     (mini 76650246) (maxi 78062840) (runs 52)))
   (Size
    ((success true) (mean 912359) (stddev 0) (mini 912359) (maxi 912359)
     (runs 1)))
   ((Size Code)
    ((success true) (mean 693275) (stddev 0) (mini 693275) (maxi 693275)
     (runs 1)))
   ((Size Data)
    ((success true) (mean 219084) (stddev 0) (mini 219084) (maxi 219084)
     (runs 1)))
   ((Gc Minor_words)
    ((success true) (mean 77414908) (stddev 0) (mini 77414908)
     (maxi 77414908) (runs 52)))
   ((Gc Major_words)
    ((success true) (mean 245176) (stddev 0) (mini 245176) (maxi 245176)
     (runs 52)))
   ((Gc Promoted_words)
    ((success true) (mean 245176) (stddev 0) (mini 245176) (maxi 245176)
     (runs 52)))
   ((Gc Top_heap_words)
    ((success true) (mean 565248) (stddev 0) (mini 565248) (maxi 565248)
     (runs 52)))
   ((Gc Minor_collections)
    ((success true) (mean 337) (stddev 0) (mini 337) (maxi 337) (runs 52)))
   ((Gc Major_collections)
    ((success true) (mean 84) (stddev 0) (mini 84) (maxi 84) (runs 52)))
   ((Gc Compactions)
    ((success true) (mean 2) (stddev 0) (mini 2) (maxi 2) (runs 52)))
   ((Gc Heap_words)
    ((success true) (mean 73728) (stddev 0) (mini 73728) (maxi 73728)
     (runs 52)))
   ((Gc Heap_chunks)
    ((success true) (mean 1) (stddev 0) (mini 1) (maxi 1) (runs 52)))))
 (error ()))
