((success true) (name cpdf-squeeze)
 (context_id 4.06.1+multicore+no-effect-syntax+bench) (weight 1)
 (data
  (((Time Real)
    ((success true) (mean 11574092279.666666) (stddev 30910892.192362506)
     (mini 11540877073) (maxi 11602015615) (runs 3)))
   (Size
    ((success true) (mean 5425968) (stddev 0) (mini 5425968) (maxi 5425968)
     (runs 1)))
   ((Size Code)
    ((success true) (mean 3570136) (stddev 0) (mini 3570136) (maxi 3570136)
     (runs 1)))
   ((Size Data)
    ((success true) (mean 1855832) (stddev 0) (mini 1855832) (maxi 1855832)
     (runs 1)))
   ((Gc Minor_words)
    ((success true) (mean 386787517) (stddev 0) (mini 386787517)
     (maxi 386787517) (runs 3)))
   ((Gc Major_words)
    ((success true) (mean 132492385) (stddev 0) (mini 132492385)
     (maxi 132492385) (runs 3)))
   ((Gc Promoted_words)
    ((success true) (mean 120753073) (stddev 0) (mini 120753073)
     (maxi 120753073) (runs 3)))
   ((Gc Top_heap_words)
    ((success true) (mean 39037390) (stddev 0) (mini 39037390)
     (maxi 39037390) (runs 3)))
   ((Gc Minor_collections)
    ((success true) (mean 1476) (stddev 0) (mini 1476) (maxi 1476) (runs 3)))
   ((Gc Major_collections)
    ((success true) (mean 36) (stddev 0) (mini 36) (maxi 36) (runs 3)))
   ((Gc Heap_words)
    ((success true) (mean 28036569) (stddev 0) (mini 28036569)
     (maxi 28036569) (runs 3)))
   ((Gc Mean_space_overhead)
    ((success true) (mean 29.342826) (stddev 0) (mini 29.342826)
     (maxi 29.342826) (runs 3)))))
 (error ()))
