((success true) (name jsontrip-sample)
 (context_id 4.06.1+multicore+xchg-writes+bench) (weight 1)
 (data
  (((Time Real)
    ((success true) (mean 21707546.021621622) (stddev 601699.87252636068)
     (mini 20991888) (maxi 26124222) (runs 185)))
   (Size
    ((success true) (mean 1762538) (stddev 0) (mini 1762538) (maxi 1762538)
     (runs 1)))
   ((Size Code)
    ((success true) (mean 1329050) (stddev 0) (mini 1329050) (maxi 1329050)
     (runs 1)))
   ((Size Data)
    ((success true) (mean 433488) (stddev 0) (mini 433488) (maxi 433488)
     (runs 1)))
   ((Gc Minor_words)
    ((success true) (mean 7738822) (stddev 0) (mini 7738822) (maxi 7738822)
     (runs 185)))
   ((Gc Major_words)
    ((success true) (mean 29490) (stddev 0) (mini 29490) (maxi 29490)
     (runs 185)))
   ((Gc Promoted_words)
    ((success true) (mean 0.0016819097273461047)
     (stddev 4.7834352803195743E-18) (mini 0.0016819097273461)
     (maxi 0.0016819097273461) (runs 185)))
   ((Gc Minor_collections)
    ((success true) (mean 27) (stddev 0) (mini 27) (maxi 27) (runs 185)))
   ((Gc Major_collections)
    ((success true) (mean 2) (stddev 0) (mini 2) (maxi 2) (runs 185)))))
 (error ()))
