((success true) (name cpdf-transform) (context_id 4.06.1+multicore+bench)
 (weight 1)
 (data
  (((Time Real)
    ((success true) (mean 2101257224) (stddev 1936571.7264119086)
     (mini 2099887861) (maxi 2102626587) (runs 2)))
   (Size
    ((success true) (mean 5425968) (stddev 0) (mini 5425968) (maxi 5425968)
     (runs 1)))
   ((Size Code)
    ((success true) (mean 3570136) (stddev 0) (mini 3570136) (maxi 3570136)
     (runs 1)))
   ((Size Data)
    ((success true) (mean 1855832) (stddev 0) (mini 1855832) (maxi 1855832)
     (runs 1)))
   ((Gc Minor_words)
    ((success true) (mean 55783231) (stddev 0) (mini 55783231)
     (maxi 55783231) (runs 2)))
   ((Gc Major_words)
    ((success true) (mean 28027014) (stddev 0) (mini 28027014)
     (maxi 28027014) (runs 2)))
   ((Gc Promoted_words)
    ((success true) (mean 26096995) (stddev 0) (mini 26096995)
     (maxi 26096995) (runs 2)))
   ((Gc Top_heap_words)
    ((success true) (mean 15729863) (stddev 0) (mini 15729863)
     (maxi 15729863) (runs 2)))
   ((Gc Minor_collections)
    ((success true) (mean 214) (stddev 0) (mini 214) (maxi 214) (runs 2)))
   ((Gc Major_collections)
    ((success true) (mean 15) (stddev 0) (mini 15) (maxi 15) (runs 2)))
   ((Gc Heap_words)
    ((success true) (mean 10593479) (stddev 0) (mini 10593479)
     (maxi 10593479) (runs 2)))
   ((Gc Mean_space_overhead)
    ((success true) (mean 32.845487) (stddev 0) (mini 32.845487)
     (maxi 32.845487) (runs 2)))))
 (error ()))
