((success true) (name bdd) (context_id 4.06.1+multicore+xchg-writes+bench)
 (weight 1)
 (data
  (((Time Real)
    ((success true) (mean 213129138.84210527) (stddev 719004.16723551)
     (mini 212363620) (maxi 214656524) (runs 19)))
   (Size
    ((success true) (mean 903492) (stddev 0) (mini 903492) (maxi 903492)
     (runs 1)))
   ((Size Code)
    ((success true) (mean 652440) (stddev 0) (mini 652440) (maxi 652440)
     (runs 1)))
   ((Size Data)
    ((success true) (mean 251052) (stddev 0) (mini 251052) (maxi 251052)
     (runs 1)))
   ((Gc Minor_words)
    ((success true) (mean 78354228) (stddev 0) (mini 78354228)
     (maxi 78354228) (runs 19)))
   ((Gc Major_words)
    ((success true) (mean 617964) (stddev 0) (mini 617964) (maxi 617964)
     (runs 19)))
   ((Gc Promoted_words)
    ((success true) (mean 0.0061132884877635454)
     (stddev 8.9112947388253727E-19) (mini 0.0061132884877635445)
     (maxi 0.0061132884877635445) (runs 19)))
   ((Gc Minor_collections)
    ((success true) (mean 292) (stddev 0) (mini 292) (maxi 292) (runs 19)))
   ((Gc Major_collections)
    ((success true) (mean 10) (stddev 0) (mini 10) (maxi 10) (runs 19)))))
 (error ()))
