((success true) (name numal-durand-kerner-aberth)
 (context_id 4.06.1+multicore+scheduling+bench) (weight 1)
 (data
  (((Time Real)
    ((success true) (mean 82119096.306122452) (stddev 268385.70834848273)
     (mini 81600453) (maxi 82596063) (runs 49)))
   (Size
    ((success true) (mean 953621) (stddev 0) (mini 953621) (maxi 953621)
     (runs 1)))
   ((Size Code)
    ((success true) (mean 743953) (stddev 0) (mini 743953) (maxi 743953)
     (runs 1)))
   ((Size Data)
    ((success true) (mean 209668) (stddev 0) (mini 209668) (maxi 209668)
     (runs 1)))
   ((Gc Minor_words)
    ((success true) (mean 76667114) (stddev 0) (mini 76667114)
     (maxi 76667114) (runs 49)))
   ((Gc Major_words)
    ((success true) (mean 227979) (stddev 0) (mini 227979) (maxi 227979)
     (runs 49)))
   ((Gc Promoted_words)
    ((success true) (mean 0.0029726043946300116)
     (stddev 1.3145252738950144E-18) (mini 0.0029726043946300103)
     (maxi 0.0029726043946300103) (runs 49)))
   ((Gc Top_heap_words)
    ((success true) (mean 49152) (stddev 0) (mini 49152) (maxi 49152)
     (runs 49)))
   ((Gc Minor_collections)
    ((success true) (mean 290) (stddev 0) (mini 290) (maxi 290) (runs 49)))
   ((Gc Major_collections)
    ((success true) (mean 47) (stddev 0) (mini 47) (maxi 47) (runs 49)))
   ((Gc Heap_words)
    ((success true) (mean 49152) (stddev 0) (mini 49152) (maxi 49152)
     (runs 49)))
   ((Gc Mean_space_overhead)
    ((success true) (mean 656.331542) (stddev 0) (mini 656.331542)
     (maxi 656.331542) (runs 49)))))
 (error ()))
