((success true) (name numal-fft)
 (context_id 4.06.1+multicore+scheduling+bench) (weight 1)
 (data
  (((Time Real)
    ((success true) (mean 2325762773) (stddev 11585972.898268707)
     (mini 2313456781) (maxi 2336460732) (runs 3)))
   (Size
    ((success true) (mean 820606) (stddev 0) (mini 820606) (maxi 820606)
     (runs 1)))
   ((Size Code)
    ((success true) (mean 635674) (stddev 0) (mini 635674) (maxi 635674)
     (runs 1)))
   ((Size Data)
    ((success true) (mean 184932) (stddev 0) (mini 184932) (maxi 184932)
     (runs 1)))
   ((Gc Minor_words)
    ((success true) (mean 274390357) (stddev 0) (mini 274390357)
     (maxi 274390357) (runs 3)))
   ((Gc Major_words)
    ((success true) (mean 139784461) (stddev 0) (mini 139784461)
     (maxi 139784461) (runs 3)))
   ((Gc Promoted_words)
    ((success true) (mean 0.49032880918624994) (stddev 0)
     (mini 0.49032880918624994) (maxi 0.49032880918624994) (runs 3)))
   ((Gc Top_heap_words)
    ((success true) (mean 55197714) (stddev 0) (mini 55197714)
     (maxi 55197714) (runs 3)))
   ((Gc Minor_collections)
    ((success true) (mean 183) (stddev 0) (mini 183) (maxi 183) (runs 3)))
   ((Gc Major_collections)
    ((success true) (mean 10) (stddev 0) (mini 10) (maxi 10) (runs 3)))
   ((Gc Heap_words)
    ((success true) (mean 50323465) (stddev 0) (mini 50323465)
     (maxi 50323465) (runs 3)))
   ((Gc Mean_space_overhead)
    ((success true) (mean 38.656878) (stddev 0) (mini 38.656878)
     (maxi 38.656878) (runs 3)))))
 (error ()))
