((success true) (name setrip-smallbuf)
 (context_id 4.06.1+multicore+cas-promotion+bench) (weight 1)
 (data
  (((Time Real)
    ((success true) (mean 991646945.8) (stddev 9218524.30437967)
     (mini 982456227) (maxi 1004713571) (runs 5)))
   (Size
    ((success true) (mean 1487901) (stddev 0) (mini 1487901) (maxi 1487901)
     (runs 1)))
   ((Size Code)
    ((success true) (mean 1112237) (stddev 0) (mini 1112237) (maxi 1112237)
     (runs 1)))
   ((Size Data)
    ((success true) (mean 375664) (stddev 0) (mini 375664) (maxi 375664)
     (runs 1)))
   ((Gc Minor_words)
    ((success true) (mean 172398261) (stddev 0) (mini 172398261)
     (maxi 172398261) (runs 5)))
   ((Gc Major_words)
    ((success true) (mean 13351) (stddev 0) (mini 13351) (maxi 13351)
     (runs 5)))
   ((Gc Promoted_words)
    ((success true) (mean 2.9420250358557852E-05) (stddev 0)
     (mini 2.9420250358557852E-05) (maxi 2.9420250358557852E-05) (runs 5)))
   ((Gc Minor_collections)
    ((success true) (mean 650) (stddev 0) (mini 650) (maxi 650) (runs 5)))
   ((Gc Major_collections)
    ((success true) (mean 31) (stddev 0) (mini 31) (maxi 31) (runs 5)))))
 (error ()))
