((success true) (name cpdf-merge) (context_id 4.06.1+scheduling+bench)
 (weight 1)
 (data
  (((Time Real)
    ((success true) (mean 3318067908.6666665) (stddev 8736676.590444522)
     (mini 3310632770) (maxi 3327690438) (runs 3)))
   (Size
    ((success true) (mean 4914951) (stddev 0) (mini 4914951) (maxi 4914951)
     (runs 1)))
   ((Size Code)
    ((success true) (mean 3124127) (stddev 0) (mini 3124127) (maxi 3124127)
     (runs 1)))
   ((Size Data)
    ((success true) (mean 1790824) (stddev 0) (mini 1790824) (maxi 1790824)
     (runs 1)))
   ((Gc Minor_words)
    ((success true) (mean 197536313) (stddev 0) (mini 197536313)
     (maxi 197536313) (runs 3)))
   ((Gc Major_words)
    ((success true) (mean 94769579) (stddev 0) (mini 94769579)
     (maxi 94769579) (runs 3)))
   ((Gc Promoted_words)
    ((success true) (mean 83056132) (stddev 0) (mini 83056132)
     (maxi 83056132) (runs 3)))
   ((Gc Top_heap_words)
    ((success true) (mean 57098752) (stddev 0) (mini 57098752)
     (maxi 57098752) (runs 3)))
   ((Gc Minor_collections)
    ((success true) (mean 766) (stddev 0) (mini 766) (maxi 766) (runs 3)))
   ((Gc Major_collections)
    ((success true) (mean 13) (stddev 0) (mini 13) (maxi 13) (runs 3)))
   ((Gc Compactions)
    ((success true) (mean 0) (stddev 0) (mini 0) (maxi 0) (runs 3)))
   ((Gc Heap_words)
    ((success true) (mean 57098752) (stddev 0) (mini 57098752)
     (maxi 57098752) (runs 3)))
   ((Gc Heap_chunks)
    ((success true) (mean 35) (stddev 0) (mini 35) (maxi 35) (runs 3)))))
 (error ()))
