((success true) (name sequence-cps) (context_id 4.06.1+multicore+bench)
 (weight 1)
 (data
  (((Time Real)
    ((success true) (mean 1142124519) (stddev 18566146.453847714)
     (mini 1130641176) (maxi 1169795916) (runs 4)))
   (Size
    ((success true) (mean 768215) (stddev 0) (mini 768215) (maxi 768215)
     (runs 1)))
   ((Size Code)
    ((success true) (mean 593171) (stddev 0) (mini 593171) (maxi 593171)
     (runs 1)))
   ((Size Data)
    ((success true) (mean 175044) (stddev 0) (mini 175044) (maxi 175044)
     (runs 1)))
   ((Gc Minor_words)
    ((success true) (mean 1501719665) (stddev 0) (mini 1501719665)
     (maxi 1501719665) (runs 4)))
   ((Gc Major_words)
    ((success true) (mean 201326) (stddev 0) (mini 201326) (maxi 201326)
     (runs 4)))
   ((Gc Promoted_words)
    ((success true) (mean 0.00013401169651727242) (stddev 0)
     (mini 0.00013401169651727242) (maxi 0.00013401169651727242) (runs 4)))
   ((Gc Top_heap_words)
    ((success true) (mean 32768) (stddev 0) (mini 32768) (maxi 32768)
     (runs 4)))
   ((Gc Minor_collections)
    ((success true) (mean 5723) (stddev 0) (mini 5723) (maxi 5723) (runs 4)))
   ((Gc Major_collections)
    ((success true) (mean 1248) (stddev 0) (mini 1248) (maxi 1248) (runs 4)))
   ((Gc Heap_words)
    ((success true) (mean 32768) (stddev 0) (mini 32768) (maxi 32768)
     (runs 4)))
   ((Gc Mean_space_overhead)
    ((success true) (mean 9595.028594) (stddev 0) (mini 9595.028594)
     (maxi 9595.028594) (runs 4)))))
 (error ()))
