((success true) (name sequence)
 (context_id 4.06.1+multicore+no-effect-syntax+bench) (weight 1)
 (data
  (((Time Real)
    ((success true) (mean 820285592.2) (stddev 1105652.4937224626)
     (mini 818749403) (maxi 821855752) (runs 5)))
   (Size
    ((success true) (mean 953978) (stddev 0) (mini 953978) (maxi 953978)
     (runs 1)))
   ((Size Code)
    ((success true) (mean 742774) (stddev 0) (mini 742774) (maxi 742774)
     (runs 1)))
   ((Size Data)
    ((success true) (mean 211204) (stddev 0) (mini 211204) (maxi 211204)
     (runs 1)))
   ((Gc Minor_words)
    ((success true) (mean 749670793) (stddev 0) (mini 749670793)
     (maxi 749670793) (runs 5)))
   ((Gc Major_words)
    ((success true) (mean 37284) (stddev 0) (mini 37284) (maxi 37284)
     (runs 5)))
   ((Gc Promoted_words)
    ((success true) (mean 37206) (stddev 0) (mini 37206) (maxi 37206)
     (runs 5)))
   ((Gc Top_heap_words)
    ((success true) (mean 36864) (stddev 0) (mini 36864) (maxi 36864)
     (runs 5)))
   ((Gc Minor_collections)
    ((success true) (mean 2853) (stddev 0) (mini 2853) (maxi 2853) (runs 5)))
   ((Gc Major_collections)
    ((success true) (mean 156) (stddev 0) (mini 156) (maxi 156) (runs 5)))
   ((Gc Heap_words)
    ((success true) (mean 36864) (stddev 0) (mini 36864) (maxi 36864)
     (runs 5)))
   ((Gc Mean_space_overhead)
    ((success true) (mean 7362.348178) (stddev 0) (mini 7362.348178)
     (maxi 7362.348178) (runs 5)))))
 (error ()))
