((success true) (name numal-lu-decomposition)
 (context_id 4.06.1+multicore+bench) (weight 1)
 (data
  (((Time Real)
    ((success true) (mean 861630384.6) (stddev 7583808.0174971661)
     (mini 855320028) (maxi 872976155) (runs 5)))
   (Size
    ((success true) (mean 1502680) (stddev 0) (mini 1502680) (maxi 1502680)
     (runs 1)))
   ((Size Code)
    ((success true) (mean 1118848) (stddev 0) (mini 1118848) (maxi 1118848)
     (runs 1)))
   ((Size Data)
    ((success true) (mean 383832) (stddev 0) (mini 383832) (maxi 383832)
     (runs 1)))
   ((Gc Minor_words)
    ((success true) (mean 2318857) (stddev 0) (mini 2318857) (maxi 2318857)
     (runs 5)))
   ((Gc Major_words)
    ((success true) (mean 4624733) (stddev 0) (mini 4624733) (maxi 4624733)
     (runs 5)))
   ((Gc Promoted_words)
    ((success true) (mean 156739) (stddev 0) (mini 156739) (maxi 156739)
     (runs 5)))
   ((Gc Top_heap_words)
    ((success true) (mean 4680084) (stddev 0) (mini 4680084) (maxi 4680084)
     (runs 5)))
   ((Gc Minor_collections)
    ((success true) (mean 20) (stddev 0) (mini 20) (maxi 20) (runs 5)))
   ((Gc Major_collections)
    ((success true) (mean 3) (stddev 0) (mini 3) (maxi 3) (runs 5)))
   ((Gc Heap_words)
    ((success true) (mean 4680084) (stddev 0) (mini 4680084) (maxi 4680084)
     (runs 5)))
   ((Gc Mean_space_overhead)
    ((success true) (mean 26.466045) (stddev 0) (mini 26.466045)
     (maxi 26.466045) (runs 5)))))
 (error ()))
