((success true) (name numal-durand-kerner-aberth)
 (context_id 4.06.1+scheduling+bench) (weight 1)
 (data
  (((Time Real)
    ((success true) (mean 76645089.905660376) (stddev 304511.40881110769)
     (mini 76088573) (maxi 77496404) (runs 53)))
   (Size
    ((success true) (mean 844466) (stddev 0) (mini 844466) (maxi 844466)
     (runs 1)))
   ((Size Code)
    ((success true) (mean 634366) (stddev 0) (mini 634366) (maxi 634366)
     (runs 1)))
   ((Size Data)
    ((success true) (mean 210100) (stddev 0) (mini 210100) (maxi 210100)
     (runs 1)))
   ((Gc Minor_words)
    ((success true) (mean 77414599) (stddev 0) (mini 77414599)
     (maxi 77414599) (runs 53)))
   ((Gc Major_words)
    ((success true) (mean 234725) (stddev 0) (mini 234725) (maxi 234725)
     (runs 53)))
   ((Gc Promoted_words)
    ((success true) (mean 234725) (stddev 0) (mini 234725) (maxi 234725)
     (runs 53)))
   ((Gc Top_heap_words)
    ((success true) (mean 565248) (stddev 0) (mini 565248) (maxi 565248)
     (runs 53)))
   ((Gc Minor_collections)
    ((success true) (mean 310) (stddev 0) (mini 310) (maxi 310) (runs 53)))
   ((Gc Major_collections)
    ((success true) (mean 30) (stddev 0) (mini 30) (maxi 30) (runs 53)))
   ((Gc Compactions)
    ((success true) (mean 2) (stddev 0) (mini 2) (maxi 2) (runs 53)))
   ((Gc Heap_words)
    ((success true) (mean 73728) (stddev 0) (mini 73728) (maxi 73728)
     (runs 53)))
   ((Gc Heap_chunks)
    ((success true) (mean 1) (stddev 0) (mini 1) (maxi 1) (runs 53)))))
 (error ()))
