((success true) (name menhir-sql) (context_id 4.06.1+scheduling+bench)
 (weight 1)
 (data
  (((Time Real)
    ((success true) (mean 2820045397) (stddev 8639928.1222793162)
     (mini 2810227686) (maxi 2826489756) (runs 3)))
   (Size
    ((success true) (mean 3274561) (stddev 0) (mini 3274561) (maxi 3274561)
     (runs 1)))
   ((Size Code)
    ((success true) (mean 2371249) (stddev 0) (mini 2371249) (maxi 2371249)
     (runs 1)))
   ((Size Data)
    ((success true) (mean 903312) (stddev 0) (mini 903312) (maxi 903312)
     (runs 1)))
   ((Gc Minor_words)
    ((success true) (mean 1032167263) (stddev 0) (mini 1032167263)
     (maxi 1032167263) (runs 3)))
   ((Gc Major_words)
    ((success true) (mean 56253371) (stddev 0) (mini 56253371)
     (maxi 56253371) (runs 3)))
   ((Gc Promoted_words)
    ((success true) (mean 46261004) (stddev 0) (mini 46261004)
     (maxi 46261004) (runs 3)))
   ((Gc Top_heap_words)
    ((success true) (mean 43174400) (stddev 0) (mini 43174400)
     (maxi 43174400) (runs 3)))
   ((Gc Minor_collections)
    ((success true) (mean 3965) (stddev 0) (mini 3965) (maxi 3965) (runs 3)))
   ((Gc Major_collections)
    ((success true) (mean 10) (stddev 0) (mini 10) (maxi 10) (runs 3)))
   ((Gc Compactions)
    ((success true) (mean 0) (stddev 0) (mini 0) (maxi 0) (runs 3)))
   ((Gc Heap_words)
    ((success true) (mean 43174400) (stddev 0) (mini 43174400)
     (maxi 43174400) (runs 3)))
   ((Gc Heap_chunks)
    ((success true) (mean 33) (stddev 0) (mini 33) (maxi 33) (runs 3)))))
 (error ()))
