((success true) (name jsontrip-sample) (context_id 4.06.1+multicore+bench)
 (weight 1)
 (data
  (((Time Real)
    ((success true) (mean 17994913.605381165) (stddev 825673.13953596493)
     (mini 17347100) (maxi 23255073) (runs 223)))
   (Size
    ((success true) (mean 1656979) (stddev 0) (mini 1656979) (maxi 1656979)
     (runs 1)))
   ((Size Code)
    ((success true) (mean 1288011) (stddev 0) (mini 1288011) (maxi 1288011)
     (runs 1)))
   ((Size Data)
    ((success true) (mean 368968) (stddev 0) (mini 368968) (maxi 368968)
     (runs 1)))
   ((Gc Minor_words)
    ((success true) (mean 5117399) (stddev 0) (mini 5117399) (maxi 5117399)
     (runs 223)))
   ((Gc Major_words)
    ((success true) (mean 26463) (stddev 0) (mini 26463) (maxi 26463)
     (runs 223)))
   ((Gc Promoted_words)
    ((success true) (mean 9989) (stddev 0) (mini 9989) (maxi 9989)
     (runs 223)))
   ((Gc Top_heap_words)
    ((success true) (mean 94607) (stddev 0) (mini 94607) (maxi 94607)
     (runs 223)))
   ((Gc Minor_collections)
    ((success true) (mean 17) (stddev 0) (mini 17) (maxi 17) (runs 223)))
   ((Gc Major_collections)
    ((success true) (mean 2) (stddev 0) (mini 2) (maxi 2) (runs 223)))
   ((Gc Heap_words)
    ((success true) (mean 94607) (stddev 0) (mini 94607) (maxi 94607)
     (runs 223)))
   ((Gc Mean_space_overhead)
    ((success true) (mean 334.90595900000091) (stddev 9.115408116745578E-13)
     (mini 334.905959) (maxi 334.905959) (runs 223)))))
 (error ()))
