((success true) (name kb) (context_id 4.06.1+multicore+bench) (weight 1)
 (data
  (((Time Real)
    ((success true) (mean 519235767.25) (stddev 1379650.2167673567)
     (mini 518282332) (maxi 522577236) (runs 8)))
   (Size
    ((success true) (mean 886453) (stddev 0) (mini 886453) (maxi 886453)
     (runs 1)))
   ((Size Code)
    ((success true) (mean 682313) (stddev 0) (mini 682313) (maxi 682313)
     (runs 1)))
   ((Size Data)
    ((success true) (mean 204140) (stddev 0) (mini 204140) (maxi 204140)
     (runs 1)))
   ((Gc Minor_words)
    ((success true) (mean 91530734) (stddev 0) (mini 91530734)
     (maxi 91530734) (runs 8)))
   ((Gc Major_words)
    ((success true) (mean 4878446) (stddev 0) (mini 4878446) (maxi 4878446)
     (runs 8)))
   ((Gc Promoted_words)
    ((success true) (mean 0.05329759510067951)
     (stddev 7.4179896090271868E-18) (mini 0.053297595100679516)
     (maxi 0.053297595100679516) (runs 8)))
   ((Gc Minor_collections)
    ((success true) (mean 345) (stddev 0) (mini 345) (maxi 345) (runs 8)))
   ((Gc Major_collections)
    ((success true) (mean 180) (stddev 0) (mini 180) (maxi 180) (runs 8)))))
 (error ()))
