((success true) (name numal-simple_access)
 (context_id 4.08.0+optim_local_tailcalls+bench) (weight 1)
 (data
  (((Time Real)
    ((success true) (mean 3010688250) (stddev 635250.59008237056)
     (mini 3010239060) (maxi 3011137440) (runs 2)))
   (Size
    ((success true) (mean 417702) (stddev 0) (mini 417702) (maxi 417702)
     (runs 1)))
   ((Size Code)
    ((success true) (mean 308378) (stddev 0) (mini 308378) (maxi 308378)
     (runs 1)))
   ((Size Data)
    ((success true) (mean 109324) (stddev 0) (mini 109324) (maxi 109324)
     (runs 1)))
   ((Gc Minor_words)
    ((success true) (mean 640006207) (stddev 0) (mini 640006207)
     (maxi 640006207) (runs 2)))
   ((Gc Major_words)
    ((success true) (mean 220001891) (stddev 0) (mini 220001891)
     (maxi 220001891) (runs 2)))
   ((Gc Promoted_words)
    ((success true) (mean 200001890) (stddev 0) (mini 200001890)
     (maxi 200001890) (runs 2)))
   ((Gc Top_heap_words)
    ((success true) (mean 224531968) (stddev 0) (mini 224531968)
     (maxi 224531968) (runs 2)))
   ((Gc Minor_collections)
    ((success true) (mean 2446) (stddev 0) (mini 2446) (maxi 2446) (runs 2)))
   ((Gc Major_collections)
    ((success true) (mean 9) (stddev 0) (mini 9) (maxi 9) (runs 2)))
   ((Gc Compactions)
    ((success true) (mean 0) (stddev 0) (mini 0) (maxi 0) (runs 2)))
   ((Gc Heap_words)
    ((success true) (mean 224531968) (stddev 0) (mini 224531968)
     (maxi 224531968) (runs 2)))
   ((Gc Heap_chunks)
    ((success true) (mean 15) (stddev 0) (mini 15) (maxi 15) (runs 2)))))
 (error ()))
