((success true) (name sequence)
 (context_id 4.06.1+multicore+xchg-writes+bench) (weight 1)
 (data
  (((Time Real)
    ((success true) (mean 836203421.8) (stddev 570853.80373410846)
     (mini 835209589) (maxi 836625556) (runs 5)))
   (Size
    ((success true) (mean 1037457) (stddev 0) (mini 1037457) (maxi 1037457)
     (runs 1)))
   ((Size Code)
    ((success true) (mean 761733) (stddev 0) (mini 761733) (maxi 761733)
     (runs 1)))
   ((Size Data)
    ((success true) (mean 275724) (stddev 0) (mini 275724) (maxi 275724)
     (runs 1)))
   ((Gc Minor_words)
    ((success true) (mean 752030057) (stddev 0) (mini 752030057)
     (maxi 752030057) (runs 5)))
   ((Gc Major_words)
    ((success true) (mean 37423) (stddev 0) (mini 37423) (maxi 37423)
     (runs 5)))
   ((Gc Promoted_words)
    ((success true) (mean 4.965891941736578E-05)
     (stddev 7.576092996970438E-21) (mini 4.9658919417365786E-05)
     (maxi 4.9658919417365786E-05) (runs 5)))
   ((Gc Minor_collections)
    ((success true) (mean 2862) (stddev 0) (mini 2862) (maxi 2862) (runs 5)))
   ((Gc Major_collections)
    ((success true) (mean 276) (stddev 0) (mini 276) (maxi 276) (runs 5)))))
 (error ()))
