((success true) (name sequence) (context_id 4.08.0+trunk+bench) (weight 1)
 (data
  (((Time Real)
    ((success true) (mean 862335419.2) (stddev 1443354.3733121122)
     (mini 860670053) (maxi 863777219) (runs 5)))
   (Size
    ((success true) (mean 910928) (stddev 0) (mini 910928) (maxi 910928)
     (runs 1)))
   ((Size Code)
    ((success true) (mean 688548) (stddev 0) (mini 688548) (maxi 688548)
     (runs 1)))
   ((Size Data)
    ((success true) (mean 222380) (stddev 0) (mini 222380) (maxi 222380)
     (runs 1)))
   ((Gc Minor_words)
    ((success true) (mean 750492768) (stddev 0) (mini 750492768)
     (maxi 750492768) (runs 5)))
   ((Gc Major_words)
    ((success true) (mean 38118) (stddev 0) (mini 38118) (maxi 38118)
     (runs 5)))
   ((Gc Promoted_words)
    ((success true) (mean 38118) (stddev 0) (mini 38118) (maxi 38118)
     (runs 5)))
   ((Gc Top_heap_words)
    ((success true) (mean 565248) (stddev 0) (mini 565248) (maxi 565248)
     (runs 5)))
   ((Gc Minor_collections)
    ((success true) (mean 2922) (stddev 0) (mini 2922) (maxi 2922) (runs 5)))
   ((Gc Major_collections)
    ((success true) (mean 119) (stddev 0) (mini 119) (maxi 119) (runs 5)))
   ((Gc Compactions)
    ((success true) (mean 2) (stddev 0) (mini 2) (maxi 2) (runs 5)))
   ((Gc Heap_words)
    ((success true) (mean 73728) (stddev 0) (mini 73728) (maxi 73728)
     (runs 5)))
   ((Gc Heap_chunks)
    ((success true) (mean 1) (stddev 0) (mini 1) (maxi 1) (runs 5)))))
 (error ()))
