((success true) (name numal-k-means) (context_id 4.06.1+multicore+bench)
 (weight 1)
 (data
  (((Time Real)
    ((success true) (mean 89845975.088888884) (stddev 1186644.5756443944)
     (mini 88489707) (maxi 93154966) (runs 45)))
   (Size
    ((success true) (mean 13644839) (stddev 0) (mini 13644839)
     (maxi 13644839) (runs 1)))
   ((Size Code)
    ((success true) (mean 11005411) (stddev 0) (mini 11005411)
     (maxi 11005411) (runs 1)))
   ((Size Data)
    ((success true) (mean 2639428) (stddev 0) (mini 2639428) (maxi 2639428)
     (runs 1)))
   ((Gc Minor_words)
    ((success true) (mean 2563546) (stddev 0) (mini 2563546) (maxi 2563546)
     (runs 45)))
   ((Gc Major_words)
    ((success true) (mean 526355) (stddev 0) (mini 526355) (maxi 526355)
     (runs 45)))
   ((Gc Promoted_words)
    ((success true) (mean 0.13695092656812083)
     (stddev 5.6138415787935387E-17) (mini 0.13695092656812088)
     (maxi 0.13695092656812088) (runs 45)))
   ((Gc Top_heap_words)
    ((success true) (mean 560227) (stddev 0) (mini 560227) (maxi 560227)
     (runs 45)))
   ((Gc Minor_collections)
    ((success true) (mean 2) (stddev 0) (mini 2) (maxi 2) (runs 45)))
   ((Gc Major_collections)
    ((success true) (mean 2) (stddev 0) (mini 2) (maxi 2) (runs 45)))
   ((Gc Heap_words)
    ((success true) (mean 560227) (stddev 0) (mini 560227) (maxi 560227)
     (runs 45)))
   ((Gc Mean_space_overhead)
    ((success true) (mean 10.199211999999992) (stddev 7.18571722085573E-15)
     (mini 10.199212) (maxi 10.199212) (runs 45)))))
 (error ()))
