((success true) (name numal-fft) (context_id 4.06.1+multicore-lazy+bench)
 (weight 1)
 (data
  (((Time Real)
    ((success true) (mean 2323995067) (stddev 30254366.553947426)
     (mini 2294471184) (maxi 2358882271) (runs 4)))
   (Size
    ((success true) (mean 822173) (stddev 0) (mini 822173) (maxi 822173)
     (runs 1)))
   ((Size Code)
    ((success true) (mean 637217) (stddev 0) (mini 637217) (maxi 637217)
     (runs 1)))
   ((Size Data)
    ((success true) (mean 184956) (stddev 0) (mini 184956) (maxi 184956)
     (runs 1)))
   ((Gc Minor_words)
    ((success true) (mean 274390355) (stddev 0) (mini 274390355)
     (maxi 274390355) (runs 4)))
   ((Gc Major_words)
    ((success true) (mean 139784459) (stddev 0) (mini 139784459)
     (maxi 139784459) (runs 4)))
   ((Gc Promoted_words)
    ((success true) (mean 134541495) (stddev 0) (mini 134541495)
     (maxi 134541495) (runs 4)))
   ((Gc Top_heap_words)
    ((success true) (mean 55193618) (stddev 0) (mini 55193618)
     (maxi 55193618) (runs 4)))
   ((Gc Minor_collections)
    ((success true) (mean 183) (stddev 0) (mini 183) (maxi 183) (runs 4)))
   ((Gc Major_collections)
    ((success true) (mean 10) (stddev 0) (mini 10) (maxi 10) (runs 4)))
   ((Gc Heap_words)
    ((success true) (mean 50319369) (stddev 0) (mini 50319369)
     (maxi 50319369) (runs 4)))
   ((Gc Mean_space_overhead)
    ((success true) (mean 38.612443) (stddev 0) (mini 38.612443)
     (maxi 38.612443) (runs 4)))))
 (error ()))
