((success true) (name lexifi-g2pp) (context_id 4.06.1+multicore+bench)
 (weight 1)
 (data
  (((Time Real)
    ((success true) (mean 14888265049.333334) (stddev 97884668.221513614)
     (mini 14820298007) (maxi 15000458347) (runs 3)))
   (Size
    ((success true) (mean 1100051) (stddev 0) (mini 1100051) (maxi 1100051)
     (runs 1)))
   ((Size Code)
    ((success true) (mean 794759) (stddev 0) (mini 794759) (maxi 794759)
     (runs 1)))
   ((Size Data)
    ((success true) (mean 305292) (stddev 0) (mini 305292) (maxi 305292)
     (runs 1)))
   ((Gc Minor_words)
    ((success true) (mean 1679022383) (stddev 0) (mini 1679022383)
     (maxi 1679022383) (runs 3)))
   ((Gc Major_words)
    ((success true) (mean 280756) (stddev 0) (mini 280756) (maxi 280756)
     (runs 3)))
   ((Gc Promoted_words)
    ((success true) (mean 0.00016716751536003795) (stddev 0)
     (mini 0.00016716751536003795) (maxi 0.00016716751536003795) (runs 3)))
   ((Gc Minor_collections)
    ((success true) (mean 6403) (stddev 0) (mini 6403) (maxi 6403) (runs 3)))
   ((Gc Major_collections)
    ((success true) (mean 59) (stddev 0) (mini 59) (maxi 59) (runs 3)))))
 (error ()))
