((success true) (name numal-durand-kerner-aberth)
 (context_id 4.06.1+multicore+no-effect-syntax+bench) (weight 1)
 (data
  (((Time Real)
    ((success true) (mean 82197587.918367341) (stddev 269291.82807603886)
     (mini 81597712) (maxi 82719789) (runs 49)))
   (Size
    ((success true) (mean 953621) (stddev 0) (mini 953621) (maxi 953621)
     (runs 1)))
   ((Size Code)
    ((success true) (mean 743953) (stddev 0) (mini 743953) (maxi 743953)
     (runs 1)))
   ((Size Data)
    ((success true) (mean 209668) (stddev 0) (mini 209668) (maxi 209668)
     (runs 1)))
   ((Gc Minor_words)
    ((success true) (mean 76667116) (stddev 0) (mini 76667116)
     (maxi 76667116) (runs 49)))
   ((Gc Major_words)
    ((success true) (mean 227971) (stddev 0) (mini 227971) (maxi 227971)
     (runs 49)))
   ((Gc Promoted_words)
    ((success true) (mean 227893) (stddev 0) (mini 227893) (maxi 227893)
     (runs 49)))
   ((Gc Top_heap_words)
    ((success true) (mean 45056) (stddev 0) (mini 45056) (maxi 45056)
     (runs 49)))
   ((Gc Minor_collections)
    ((success true) (mean 290) (stddev 0) (mini 290) (maxi 290) (runs 49)))
   ((Gc Major_collections)
    ((success true) (mean 48) (stddev 0) (mini 48) (maxi 48) (runs 49)))
   ((Gc Heap_words)
    ((success true) (mean 45056) (stddev 0) (mini 45056) (maxi 45056)
     (runs 49)))
   ((Gc Mean_space_overhead)
    ((success true) (mean 600.46355899999992) (stddev 1.1486497113331156E-13)
     (mini 600.463559) (maxi 600.463559) (runs 49)))))
 (error ()))
