((success true) (name jsontrip-sample) (context_id 4.06.1+multicore+bench)
 (weight 1)
 (data
  (((Time Real)
    ((success true) (mean 18413034.399082568) (stddev 474444.39613355737)
     (mini 17670140) (maxi 19459506) (runs 218)))
   (Size
    ((success true) (mean 1655162) (stddev 0) (mini 1655162) (maxi 1655162)
     (runs 1)))
   ((Size Code)
    ((success true) (mean 1286226) (stddev 0) (mini 1286226) (maxi 1286226)
     (runs 1)))
   ((Size Data)
    ((success true) (mean 368936) (stddev 0) (mini 368936) (maxi 368936)
     (runs 1)))
   ((Gc Minor_words)
    ((success true) (mean 7738816) (stddev 0) (mini 7738816) (maxi 7738816)
     (runs 218)))
   ((Gc Major_words)
    ((success true) (mean 29456) (stddev 0) (mini 29456) (maxi 29456)
     (runs 218)))
   ((Gc Promoted_words)
    ((success true) (mean 0.0016775175944227102)
     (stddev 2.608073910526199E-18) (mini 0.0016775175944227128)
     (maxi 0.0016775175944227128) (runs 218)))
   ((Gc Minor_collections)
    ((success true) (mean 27) (stddev 0) (mini 27) (maxi 27) (runs 218)))
   ((Gc Major_collections)
    ((success true) (mean 2) (stddev 0) (mini 2) (maxi 2) (runs 218)))))
 (error ()))
