((success true) (name cpdf-merge) (context_id 4.06.1+multicore+bench)
 (weight 1)
 (data
  (((Time Real)
    ((success true) (mean 6016190196.5) (stddev 4409610.5184676461)
     (mini 6013072131) (maxi 6019308262) (runs 2)))
   (Size
    ((success true) (mean 5424215) (stddev 0) (mini 5424215) (maxi 5424215)
     (runs 1)))
   ((Size Code)
    ((success true) (mean 3568415) (stddev 0) (mini 3568415) (maxi 3568415)
     (runs 1)))
   ((Size Data)
    ((success true) (mean 1855800) (stddev 0) (mini 1855800) (maxi 1855800)
     (runs 1)))
   ((Gc Minor_words)
    ((success true) (mean 182077657) (stddev 0) (mini 182077657)
     (maxi 182077657) (runs 2)))
   ((Gc Major_words)
    ((success true) (mean 88005934) (stddev 0) (mini 88005934)
     (maxi 88005934) (runs 2)))
   ((Gc Promoted_words)
    ((success true) (mean 0.4448386931956182) (stddev 0)
     (mini 0.4448386931956182) (maxi 0.4448386931956182) (runs 2)))
   ((Gc Top_heap_words)
    ((success true) (mean 37717860) (stddev 0) (mini 37717860)
     (maxi 37717860) (runs 2)))
   ((Gc Minor_collections)
    ((success true) (mean 696) (stddev 0) (mini 696) (maxi 696) (runs 2)))
   ((Gc Major_collections)
    ((success true) (mean 42) (stddev 0) (mini 42) (maxi 42) (runs 2)))
   ((Gc Heap_words)
    ((success true) (mean 32442212) (stddev 0) (mini 32442212)
     (maxi 32442212) (runs 2)))))
 (error ()))
