((success true) (name numal-fft)
 (context_id 4.06.1+multicore+scheduling+bench) (weight 1)
 (data
  (((Time Real)
    ((success true) (mean 2352375922.75) (stddev 20482060.284492675)
     (mini 2330381338) (maxi 2379727361) (runs 4)))
   (Size
    ((success true) (mean 821121) (stddev 0) (mini 821121) (maxi 821121)
     (runs 1)))
   ((Size Code)
    ((success true) (mean 636189) (stddev 0) (mini 636189) (maxi 636189)
     (runs 1)))
   ((Size Data)
    ((success true) (mean 184932) (stddev 0) (mini 184932) (maxi 184932)
     (runs 1)))
   ((Gc Minor_words)
    ((success true) (mean 274390357) (stddev 0) (mini 274390357)
     (maxi 274390357) (runs 4)))
   ((Gc Major_words)
    ((success true) (mean 139784461) (stddev 0) (mini 139784461)
     (maxi 139784461) (runs 4)))
   ((Gc Promoted_words)
    ((success true) (mean 0.49032880918624994) (stddev 0)
     (mini 0.49032880918624994) (maxi 0.49032880918624994) (runs 4)))
   ((Gc Top_heap_words)
    ((success true) (mean 55197714) (stddev 0) (mini 55197714)
     (maxi 55197714) (runs 4)))
   ((Gc Minor_collections)
    ((success true) (mean 183) (stddev 0) (mini 183) (maxi 183) (runs 4)))
   ((Gc Major_collections)
    ((success true) (mean 10) (stddev 0) (mini 10) (maxi 10) (runs 4)))
   ((Gc Heap_words)
    ((success true) (mean 50323465) (stddev 0) (mini 50323465)
     (maxi 50323465) (runs 4)))
   ((Gc Mean_space_overhead)
    ((success true) (mean 38.656878) (stddev 0) (mini 38.656878)
     (maxi 38.656878) (runs 4)))))
 (error ()))
