((success true) (name numal-simple_access)
 (context_id 4.06.1+multicore+xchg-writes+bench) (weight 1)
 (data
  (((Time Real)
    ((success true) (mean 8072452788.666667) (stddev 57434131.275952235)
     (mini 8033417877) (maxi 8138401766) (runs 3)))
   (Size
    ((success true) (mean 492054) (stddev 0) (mini 492054) (maxi 492054)
     (runs 1)))
   ((Size Code)
    ((success true) (mean 334890) (stddev 0) (mini 334890) (maxi 334890)
     (runs 1)))
   ((Size Data)
    ((success true) (mean 157164) (stddev 0) (mini 157164) (maxi 157164)
     (runs 1)))
   ((Gc Minor_words)
    ((success true) (mean 640771165) (stddev 0) (mini 640771165)
     (maxi 640771165) (runs 3)))
   ((Gc Major_words)
    ((success true) (mean 220001977) (stddev 0) (mini 220001977)
     (maxi 220001977) (runs 3)))
   ((Gc Promoted_words)
    ((success true) (mean 0.31212686981630955) (stddev 0)
     (mini 0.31212686981630955) (maxi 0.31212686981630955) (runs 3)))
   ((Gc Minor_collections)
    ((success true) (mean 2442) (stddev 0) (mini 2442) (maxi 2442) (runs 3)))
   ((Gc Major_collections)
    ((success true) (mean 51) (stddev 0) (mini 51) (maxi 51) (runs 3)))))
 (error ()))
