((success true) (name numal-simple_access)
 (context_id 4.06.1+multicore+scheduling+bench) (weight 1)
 (data
  (((Time Real)
    ((success true) (mean 2212965186.5) (stddev 403963.74013084394)
     (mini 2212679541) (maxi 2213250832) (runs 2)))
   (Size
    ((success true) (mean 422956) (stddev 0) (mini 422956) (maxi 422956)
     (runs 1)))
   ((Size Code)
    ((success true) (mean 330312) (stddev 0) (mini 330312) (maxi 330312)
     (runs 1)))
   ((Size Data)
    ((success true) (mean 92644) (stddev 0) (mini 92644) (maxi 92644)
     (runs 1)))
   ((Gc Minor_words)
    ((success true) (mean 227632419) (stddev 0) (mini 227632419)
     (maxi 227632419) (runs 2)))
   ((Gc Major_words)
    ((success true) (mean 208961135) (stddev 0) (mini 208961135)
     (maxi 208961135) (runs 2)))
   ((Gc Promoted_words)
    ((success true) (mean 0.830114870413076) (stddev 0)
     (mini 0.830114870413076) (maxi 0.830114870413076) (runs 2)))
   ((Gc Top_heap_words)
    ((success true) (mean 209263875) (stddev 0) (mini 209263875)
     (maxi 209263875) (runs 2)))
   ((Gc Minor_collections)
    ((success true) (mean 866) (stddev 0) (mini 866) (maxi 866) (runs 2)))
   ((Gc Major_collections)
    ((success true) (mean 5) (stddev 0) (mini 5) (maxi 5) (runs 2)))
   ((Gc Heap_words)
    ((success true) (mean 209263875) (stddev 0) (mini 209263875)
     (maxi 209263875) (runs 2)))
   ((Gc Mean_space_overhead)
    ((success true) (mean 4629.648832) (stddev 0) (mini 4629.648832)
     (maxi 4629.648832) (runs 2)))))
 (error ()))
