((success true) (name setrip-smallbuf)
 (context_id 4.06.1+multicore+xchg-writes+bench) (weight 1)
 (data
  (((Time Real)
    ((success true) (mean 997078326.6) (stddev 3643718.5685536694)
     (mini 993228640) (maxi 1002565124) (runs 5)))
   (Size
    ((success true) (mean 1466124) (stddev 0) (mini 1466124) (maxi 1466124)
     (runs 1)))
   ((Size Code)
    ((success true) (mean 1101308) (stddev 0) (mini 1101308) (maxi 1101308)
     (runs 1)))
   ((Size Data)
    ((success true) (mean 364816) (stddev 0) (mini 364816) (maxi 364816)
     (runs 1)))
   ((Gc Minor_words)
    ((success true) (mean 172398261) (stddev 0) (mini 172398261)
     (maxi 172398261) (runs 5)))
   ((Gc Major_words)
    ((success true) (mean 13351) (stddev 0) (mini 13351) (maxi 13351)
     (runs 5)))
   ((Gc Promoted_words)
    ((success true) (mean 2.9420250358557852E-05) (stddev 0)
     (mini 2.9420250358557852E-05) (maxi 2.9420250358557852E-05) (runs 5)))
   ((Gc Minor_collections)
    ((success true) (mean 650) (stddev 0) (mini 650) (maxi 650) (runs 5)))
   ((Gc Major_collections)
    ((success true) (mean 31) (stddev 0) (mini 31) (maxi 31) (runs 5)))))
 (error ()))
