((success true) (name numal-simple_access)
 (context_id 4.06.1+multicore+cas-promotion+bench) (weight 1)
 (data
  (((Time Real)
    ((success true) (mean 8123856233) (stddev 15882992.896927297)
     (mini 8113088532) (maxi 8142097452) (runs 3)))
   (Size
    ((success true) (mean 494367) (stddev 0) (mini 494367) (maxi 494367)
     (runs 1)))
   ((Size Code)
    ((success true) (mean 336275) (stddev 0) (mini 336275) (maxi 336275)
     (runs 1)))
   ((Size Data)
    ((success true) (mean 158092) (stddev 0) (mini 158092) (maxi 158092)
     (runs 1)))
   ((Gc Minor_words)
    ((success true) (mean 640771165) (stddev 0) (mini 640771165)
     (maxi 640771165) (runs 3)))
   ((Gc Major_words)
    ((success true) (mean 220001977) (stddev 0) (mini 220001977)
     (maxi 220001977) (runs 3)))
   ((Gc Promoted_words)
    ((success true) (mean 0.31212686981630955) (stddev 0)
     (mini 0.31212686981630955) (maxi 0.31212686981630955) (runs 3)))
   ((Gc Minor_collections)
    ((success true) (mean 2442) (stddev 0) (mini 2442) (maxi 2442) (runs 3)))
   ((Gc Major_collections)
    ((success true) (mean 51) (stddev 0) (mini 51) (maxi 51) (runs 3)))))
 (error ()))
