((success true) (name cpdf-transform) (context_id 4.06.1+multicore+bench)
 (weight 1)
 (data
  (((Time Real)
    ((success true) (mean 2116415514.3333333) (stddev 9845237.99958794)
     (mini 2105718745) (maxi 2125097524) (runs 3)))
   (Size
    ((success true) (mean 5426645) (stddev 0) (mini 5426645) (maxi 5426645)
     (runs 1)))
   ((Size Code)
    ((success true) (mean 3570789) (stddev 0) (mini 3570789) (maxi 3570789)
     (runs 1)))
   ((Size Data)
    ((success true) (mean 1855856) (stddev 0) (mini 1855856) (maxi 1855856)
     (runs 1)))
   ((Gc Minor_words)
    ((success true) (mean 55783231) (stddev 0) (mini 55783231)
     (maxi 55783231) (runs 3)))
   ((Gc Major_words)
    ((success true) (mean 28027014) (stddev 0) (mini 28027014)
     (maxi 28027014) (runs 3)))
   ((Gc Promoted_words)
    ((success true) (mean 26096995) (stddev 0) (mini 26096995)
     (maxi 26096995) (runs 3)))
   ((Gc Top_heap_words)
    ((success true) (mean 15729863) (stddev 0) (mini 15729863)
     (maxi 15729863) (runs 3)))
   ((Gc Minor_collections)
    ((success true) (mean 214) (stddev 0) (mini 214) (maxi 214) (runs 3)))
   ((Gc Major_collections)
    ((success true) (mean 15) (stddev 0) (mini 15) (maxi 15) (runs 3)))
   ((Gc Heap_words)
    ((success true) (mean 10593479) (stddev 0) (mini 10593479)
     (maxi 10593479) (runs 3)))
   ((Gc Mean_space_overhead)
    ((success true) (mean 32.845487) (stddev 0) (mini 32.845487)
     (maxi 32.845487) (runs 3)))))
 (error ()))
