((success true) (name numal-fft) (context_id 4.06.1+multicore+bench)
 (weight 1)
 (data
  (((Time Real)
    ((success true) (mean 2368038303.6666665) (stddev 16546586.541720813)
     (mini 2351651956) (maxi 2384740604) (runs 3)))
   (Size
    ((success true) (mean 820569) (stddev 0) (mini 820569) (maxi 820569)
     (runs 1)))
   ((Size Code)
    ((success true) (mean 635605) (stddev 0) (mini 635605) (maxi 635605)
     (runs 1)))
   ((Size Data)
    ((success true) (mean 184964) (stddev 0) (mini 184964) (maxi 184964)
     (runs 1)))
   ((Gc Minor_words)
    ((success true) (mean 256386827) (stddev 0) (mini 256386827)
     (maxi 256386827) (runs 3)))
   ((Gc Major_words)
    ((success true) (mean 130782695) (stddev 0) (mini 130782695)
     (maxi 130782695) (runs 3)))
   ((Gc Promoted_words)
    ((success true) (mean 0.48964969249375673) (stddev 0)
     (mini 0.48964969249375673) (maxi 0.48964969249375673) (runs 3)))
   ((Gc Top_heap_words)
    ((success true) (mean 73334802) (stddev 0) (mini 73334802)
     (maxi 73334802) (runs 3)))
   ((Gc Minor_collections)
    ((success true) (mean 171) (stddev 0) (mini 171) (maxi 171) (runs 3)))
   ((Gc Major_collections)
    ((success true) (mean 7) (stddev 0) (mini 7) (maxi 7) (runs 3)))
   ((Gc Heap_words)
    ((success true) (mean 73334802) (stddev 0) (mini 73334802)
     (maxi 73334802) (runs 3)))
   ((Gc Mean_space_overhead)
    ((success true) (mean 3318.852158) (stddev 0) (mini 3318.852158)
     (maxi 3318.852158) (runs 3)))))
 (error ()))
