((success true) (name sequence-cps)
 (context_id 4.06.1+multicore+scheduling+bench) (weight 1)
 (data
  (((Time Real)
    ((success true) (mean 1126424109) (stddev 2094144.127070691)
     (mini 1125068463) (maxi 1129539399) (runs 4)))
   (Size
    ((success true) (mean 768337) (stddev 0) (mini 768337) (maxi 768337)
     (runs 1)))
   ((Size Code)
    ((success true) (mean 593261) (stddev 0) (mini 593261) (maxi 593261)
     (runs 1)))
   ((Size Data)
    ((success true) (mean 175076) (stddev 0) (mini 175076) (maxi 175076)
     (runs 1)))
   ((Gc Minor_words)
    ((success true) (mean 1501981807) (stddev 0) (mini 1501981807)
     (maxi 1501981807) (runs 4)))
   ((Gc Major_words)
    ((success true) (mean 201357) (stddev 0) (mini 201357) (maxi 201357)
     (runs 4)))
   ((Gc Promoted_words)
    ((success true) (mean 0.00013400894675417329) (stddev 0)
     (mini 0.00013400894675417329) (maxi 0.00013400894675417329) (runs 4)))
   ((Gc Top_heap_words)
    ((success true) (mean 32768) (stddev 0) (mini 32768) (maxi 32768)
     (runs 4)))
   ((Gc Minor_collections)
    ((success true) (mean 5724) (stddev 0) (mini 5724) (maxi 5724) (runs 4)))
   ((Gc Major_collections)
    ((success true) (mean 956) (stddev 0) (mini 956) (maxi 956) (runs 4)))
   ((Gc Heap_words)
    ((success true) (mean 32768) (stddev 0) (mini 32768) (maxi 32768)
     (runs 4)))
   ((Gc Mean_space_overhead)
    ((success true) (mean 8027.621301) (stddev 0) (mini 8027.621301)
     (maxi 8027.621301) (runs 4)))))
 (error ()))
