((success true) (name kb-no-exc)
 (context_id 4.08.0+optim_local_tailcalls+bench) (weight 1)
 (data
  (((Time Real)
    ((success true) (mean 291190252.85714287) (stddev 3126048.8570099245)
     (mini 288161110) (maxi 296675317) (runs 14)))
   (Size
    ((success true) (mean 832274) (stddev 0) (mini 832274) (maxi 832274)
     (runs 1)))
   ((Size Code)
    ((success true) (mean 622054) (stddev 0) (mini 622054) (maxi 622054)
     (runs 1)))
   ((Size Data)
    ((success true) (mean 210220) (stddev 0) (mini 210220) (maxi 210220)
     (runs 1)))
   ((Gc Minor_words)
    ((success true) (mean 37503321) (stddev 0) (mini 37503321)
     (maxi 37503321) (runs 14)))
   ((Gc Major_words)
    ((success true) (mean 4683094) (stddev 0) (mini 4683094) (maxi 4683094)
     (runs 14)))
   ((Gc Promoted_words)
    ((success true) (mean 4683094) (stddev 0) (mini 4683094) (maxi 4683094)
     (runs 14)))
   ((Gc Top_heap_words)
    ((success true) (mean 646656) (stddev 0) (mini 646656) (maxi 646656)
     (runs 14)))
   ((Gc Minor_collections)
    ((success true) (mean 171) (stddev 0) (mini 171) (maxi 171) (runs 14)))
   ((Gc Major_collections)
    ((success true) (mean 44) (stddev 0) (mini 44) (maxi 44) (runs 14)))
   ((Gc Compactions)
    ((success true) (mean 5) (stddev 0) (mini 5) (maxi 5) (runs 14)))
   ((Gc Heap_words)
    ((success true) (mean 494592) (stddev 0) (mini 494592) (maxi 494592)
     (runs 14)))
   ((Gc Heap_chunks)
    ((success true) (mean 8) (stddev 0) (mini 8) (maxi 8) (runs 14)))))
 (error ()))
