((success true) (name kb) (context_id 4.08.0+trunk+flambda+bench) (weight 1)
 (data
  (((Time Real)
    ((success true) (mean 428485524.4) (stddev 4040801.53587487)
     (mini 425403105) (maxi 437413056) (runs 10)))
   (Size
    ((success true) (mean 1066701) (stddev 0) (mini 1066701) (maxi 1066701)
     (runs 1)))
   ((Size Code)
    ((success true) (mean 834865) (stddev 0) (mini 834865) (maxi 834865)
     (runs 1)))
   ((Size Data)
    ((success true) (mean 231836) (stddev 0) (mini 231836) (maxi 231836)
     (runs 1)))
   ((Gc Minor_words)
    ((success true) (mean 89494742) (stddev 0) (mini 89494742)
     (maxi 89494742) (runs 10)))
   ((Gc Major_words)
    ((success true) (mean 4893632) (stddev 0) (mini 4893632) (maxi 4893632)
     (runs 10)))
   ((Gc Promoted_words)
    ((success true) (mean 4893632) (stddev 0) (mini 4893632) (maxi 4893632)
     (runs 10)))
   ((Gc Top_heap_words)
    ((success true) (mean 565248) (stddev 0) (mini 565248) (maxi 565248)
     (runs 10)))
   ((Gc Minor_collections)
    ((success true) (mean 383) (stddev 0) (mini 383) (maxi 383) (runs 10)))
   ((Gc Major_collections)
    ((success true) (mean 67) (stddev 0) (mini 67) (maxi 67) (runs 10)))
   ((Gc Compactions)
    ((success true) (mean 2) (stddev 0) (mini 2) (maxi 2) (runs 10)))
   ((Gc Heap_words)
    ((success true) (mean 380928) (stddev 0) (mini 380928) (maxi 380928)
     (runs 10)))
   ((Gc Heap_chunks)
    ((success true) (mean 6) (stddev 0) (mini 6) (maxi 6) (runs 10)))))
 (error ()))
