((success true) (name numal-k-means) (context_id 4.06.1+multicore+bench)
 (weight 1)
 (data
  (((Time Real)
    ((success true) (mean 239214997.47058824) (stddev 7013990.6121097542)
     (mini 236287525) (maxi 265801062) (runs 17)))
   (Size
    ((success true) (mean 14175598) (stddev 0) (mini 14175598)
     (maxi 14175598) (runs 1)))
   ((Size Code)
    ((success true) (mean 11458626) (stddev 0) (mini 11458626)
     (maxi 11458626) (runs 1)))
   ((Size Data)
    ((success true) (mean 2716972) (stddev 0) (mini 2716972) (maxi 2716972)
     (runs 1)))
   ((Gc Minor_words)
    ((success true) (mean 103253932) (stddev 0) (mini 103253932)
     (maxi 103253932) (runs 17)))
   ((Gc Major_words)
    ((success true) (mean 535640) (stddev 0) (mini 535640) (maxi 535640)
     (runs 17)))
   ((Gc Promoted_words)
    ((success true) (mean 0.0034900850071259283)
     (stddev 1.3410840230045617E-18) (mini 0.003490085007125927)
     (maxi 0.003490085007125927) (runs 17)))
   ((Gc Minor_collections)
    ((success true) (mean 397) (stddev 0) (mini 397) (maxi 397) (runs 17)))
   ((Gc Major_collections)
    ((success true) (mean 2) (stddev 0) (mini 2) (maxi 2) (runs 17)))))
 (error ()))
