((success true) (name bdd) (context_id 4.06.1+multicore+scheduling+bench)
 (weight 1)
 (data
  (((Time Real)
    ((success true) (mean 209948454.85) (stddev 1140960.2945708439)
     (mini 208438999) (maxi 213044558) (runs 20)))
   (Size
    ((success true) (mean 824157) (stddev 0) (mini 824157) (maxi 824157)
     (runs 1)))
   ((Size Code)
    ((success true) (mean 637593) (stddev 0) (mini 637593) (maxi 637593)
     (runs 1)))
   ((Size Data)
    ((success true) (mean 186564) (stddev 0) (mini 186564) (maxi 186564)
     (runs 1)))
   ((Gc Minor_words)
    ((success true) (mean 78354228) (stddev 0) (mini 78354228)
     (maxi 78354228) (runs 20)))
   ((Gc Major_words)
    ((success true) (mean 617964) (stddev 0) (mini 617964) (maxi 617964)
     (runs 20)))
   ((Gc Promoted_words)
    ((success true) (mean 0.0061132884877635454)
     (stddev 8.8989436660305737E-19) (mini 0.0061132884877635445)
     (maxi 0.0061132884877635445) (runs 20)))
   ((Gc Top_heap_words)
    ((success true) (mean 544406) (stddev 0) (mini 544406) (maxi 544406)
     (runs 20)))
   ((Gc Minor_collections)
    ((success true) (mean 292) (stddev 0) (mini 292) (maxi 292) (runs 20)))
   ((Gc Major_collections)
    ((success true) (mean 9) (stddev 0) (mini 9) (maxi 9) (runs 20)))
   ((Gc Heap_words)
    ((success true) (mean 544406) (stddev 0) (mini 544406) (maxi 544406)
     (runs 20)))
   ((Gc Mean_space_overhead)
    ((success true) (mean 26.129872999999986) (stddev 1.4580029302424492E-14)
     (mini 26.129873) (maxi 26.129873) (runs 20)))))
 (error ()))
