((success true) (name kb-no-exc) (context_id 4.08.0+trunk+flambda+bench)
 (weight 1)
 (data
  (((Time Real)
    ((success true) (mean 293020016.4285714) (stddev 2056817.8360586611)
     (mini 291188198) (maxi 296624076) (runs 14)))
   (Size
    ((success true) (mean 1071755) (stddev 0) (mini 1071755) (maxi 1071755)
     (runs 1)))
   ((Size Code)
    ((success true) (mean 839215) (stddev 0) (mini 839215) (maxi 839215)
     (runs 1)))
   ((Size Data)
    ((success true) (mean 232540) (stddev 0) (mini 232540) (maxi 232540)
     (runs 1)))
   ((Gc Minor_words)
    ((success true) (mean 36419760) (stddev 0) (mini 36419760)
     (maxi 36419760) (runs 14)))
   ((Gc Major_words)
    ((success true) (mean 4733147) (stddev 0) (mini 4733147) (maxi 4733147)
     (runs 14)))
   ((Gc Promoted_words)
    ((success true) (mean 4733147) (stddev 0) (mini 4733147) (maxi 4733147)
     (runs 14)))
   ((Gc Top_heap_words)
    ((success true) (mean 566272) (stddev 0) (mini 566272) (maxi 566272)
     (runs 14)))
   ((Gc Minor_collections)
    ((success true) (mean 171) (stddev 0) (mini 171) (maxi 171) (runs 14)))
   ((Gc Major_collections)
    ((success true) (mean 50) (stddev 0) (mini 50) (maxi 50) (runs 14)))
   ((Gc Compactions)
    ((success true) (mean 2) (stddev 0) (mini 2) (maxi 2) (runs 14)))
   ((Gc Heap_words)
    ((success true) (mean 320512) (stddev 0) (mini 320512) (maxi 320512)
     (runs 14)))
   ((Gc Heap_chunks)
    ((success true) (mean 5) (stddev 0) (mini 5) (maxi 5) (runs 14)))))
 (error ()))
