((success true) (name menhir-standard)
 (context_id 4.06.1+multicore+atomic-mark+bench) (weight 1)
 (data
  (((Time Real)
    ((success true) (mean 14529809.413043479) (stddev 163283.50664261464)
     (mini 14329967) (maxi 16836046) (runs 276)))
   (Size
    ((success true) (mean 4138156) (stddev 0) (mini 4138156) (maxi 4138156)
     (runs 1)))
   ((Size Code)
    ((success true) (mean 3040724) (stddev 0) (mini 3040724) (maxi 3040724)
     (runs 1)))
   ((Size Data)
    ((success true) (mean 1097432) (stddev 0) (mini 1097432) (maxi 1097432)
     (runs 1)))
   ((Gc Minor_words)
    ((success true) (mean 3109559) (stddev 0) (mini 3109559) (maxi 3109559)
     (runs 276)))
   ((Gc Major_words)
    ((success true) (mean 270149) (stddev 0) (mini 270149) (maxi 270149)
     (runs 276)))
   ((Gc Promoted_words)
    ((success true) (mean 0.04270862845824773)
     (stddev 1.1122397801922214E-16) (mini 0.042708628458247619)
     (maxi 0.042708628458247619) (runs 276)))
   ((Gc Minor_collections)
    ((success true) (mean 6) (stddev 0) (mini 6) (maxi 6) (runs 276)))
   ((Gc Major_collections)
    ((success true) (mean 1) (stddev 0) (mini 1) (maxi 1) (runs 276)))))
 (error ()))
