((success true) (name numal-simple_access)
 (context_id 4.08.0+trunk+flambda+bench) (weight 1)
 (data
  (((Time Real)
    ((success true) (mean 3008662612.5) (stddev 1158547.0848198186)
     (mini 3007843396) (maxi 3009481829) (runs 2)))
   (Size
    ((success true) (mean 461843) (stddev 0) (mini 461843) (maxi 461843)
     (runs 1)))
   ((Size Code)
    ((success true) (mean 349287) (stddev 0) (mini 349287) (maxi 349287)
     (runs 1)))
   ((Size Data)
    ((success true) (mean 112556) (stddev 0) (mini 112556) (maxi 112556)
     (runs 1)))
   ((Gc Minor_words)
    ((success true) (mean 640006186) (stddev 0) (mini 640006186)
     (maxi 640006186) (runs 2)))
   ((Gc Major_words)
    ((success true) (mean 220012841) (stddev 0) (mini 220012841)
     (maxi 220012841) (runs 2)))
   ((Gc Promoted_words)
    ((success true) (mean 200012840) (stddev 0) (mini 200012840)
     (maxi 200012840) (runs 2)))
   ((Gc Top_heap_words)
    ((success true) (mean 224531968) (stddev 0) (mini 224531968)
     (maxi 224531968) (runs 2)))
   ((Gc Minor_collections)
    ((success true) (mean 2446) (stddev 0) (mini 2446) (maxi 2446) (runs 2)))
   ((Gc Major_collections)
    ((success true) (mean 9) (stddev 0) (mini 9) (maxi 9) (runs 2)))
   ((Gc Compactions)
    ((success true) (mean 0) (stddev 0) (mini 0) (maxi 0) (runs 2)))
   ((Gc Heap_words)
    ((success true) (mean 224531968) (stddev 0) (mini 224531968)
     (maxi 224531968) (runs 2)))
   ((Gc Heap_chunks)
    ((success true) (mean 15) (stddev 0) (mini 15) (maxi 15) (runs 2)))))
 (error ()))
