((success true) (name numal-durand-kerner-aberth)
 (context_id 4.06.1+multicore+xchg-writes+bench) (weight 1)
 (data
  (((Time Real)
    ((success true) (mean 87199219.326086953) (stddev 262215.7349184957)
     (mini 86718598) (maxi 88103120) (runs 46)))
   (Size
    ((success true) (mean 1037540) (stddev 0) (mini 1037540) (maxi 1037540)
     (runs 1)))
   ((Size Code)
    ((success true) (mean 763352) (stddev 0) (mini 763352) (maxi 763352)
     (runs 1)))
   ((Size Data)
    ((success true) (mean 274188) (stddev 0) (mini 274188) (maxi 274188)
     (runs 1)))
   ((Gc Minor_words)
    ((success true) (mean 77977828) (stddev 0) (mini 77977828)
     (maxi 77977828) (runs 46)))
   ((Gc Major_words)
    ((success true) (mean 231819) (stddev 0) (mini 231819) (maxi 231819)
     (runs 46)))
   ((Gc Promoted_words)
    ((success true) (mean 0.0029718832383995065)
     (stddev 3.5077845461878081E-18) (mini 0.00297188323839951)
     (maxi 0.00297188323839951) (runs 46)))
   ((Gc Minor_collections)
    ((success true) (mean 295) (stddev 0) (mini 295) (maxi 295) (runs 46)))
   ((Gc Major_collections)
    ((success true) (mean 47) (stddev 0) (mini 47) (maxi 47) (runs 46)))))
 (error ()))
