((success true) (name kb) (context_id 4.06.1+multicore+xchg-writes+bench)
 (weight 1)
 (data
  (((Time Real)
    ((success true) (mean 516830375) (stddev 1643041.0758052103)
     (mini 515012769) (maxi 519876518) (runs 8)))
   (Size
    ((success true) (mean 943453) (stddev 0) (mini 943453) (maxi 943453)
     (runs 1)))
   ((Size Code)
    ((success true) (mean 682993) (stddev 0) (mini 682993) (maxi 682993)
     (runs 1)))
   ((Size Data)
    ((success true) (mean 260460) (stddev 0) (mini 260460) (maxi 260460)
     (runs 1)))
   ((Gc Minor_words)
    ((success true) (mean 91531263) (stddev 0) (mini 91531263)
     (maxi 91531263) (runs 8)))
   ((Gc Major_words)
    ((success true) (mean 4878177) (stddev 0) (mini 4878177) (maxi 4878177)
     (runs 8)))
   ((Gc Promoted_words)
    ((success true) (mean 0.053294348183527192)
     (stddev 7.4179896090271868E-18) (mini 0.0532943481835272)
     (maxi 0.0532943481835272) (runs 8)))
   ((Gc Minor_collections)
    ((success true) (mean 345) (stddev 0) (mini 345) (maxi 345) (runs 8)))
   ((Gc Major_collections)
    ((success true) (mean 179) (stddev 0) (mini 179) (maxi 179) (runs 8)))))
 (error ()))
