((success true) (name numal-k-means) (context_id 4.06.1+multicore+bench)
 (weight 1)
 (data
  (((Time Real)
    ((success true) (mean 224380884.44444445) (stddev 711674.61456286511)
     (mini 223520629) (maxi 226309486) (runs 18)))
   (Size
    ((success true) (mean 13674941) (stddev 0) (mini 13674941)
     (maxi 13674941) (runs 1)))
   ((Size Code)
    ((success true) (mean 11021777) (stddev 0) (mini 11021777)
     (maxi 11021777) (runs 1)))
   ((Size Data)
    ((success true) (mean 2653164) (stddev 0) (mini 2653164) (maxi 2653164)
     (runs 1)))
   ((Gc Minor_words)
    ((success true) (mean 103253932) (stddev 0) (mini 103253932)
     (maxi 103253932) (runs 18)))
   ((Gc Major_words)
    ((success true) (mean 535640) (stddev 0) (mini 535640) (maxi 535640)
     (runs 18)))
   ((Gc Promoted_words)
    ((success true) (mean 0.0034900850071259279)
     (stddev 8.925078652305521E-19) (mini 0.003490085007125927)
     (maxi 0.003490085007125927) (runs 18)))
   ((Gc Minor_collections)
    ((success true) (mean 397) (stddev 0) (mini 397) (maxi 397) (runs 18)))
   ((Gc Major_collections)
    ((success true) (mean 2) (stddev 0) (mini 2) (maxi 2) (runs 18)))))
 (error ()))
