((success true) (name sequence-cps) (context_id 4.08.0+trunk+bench)
 (weight 1)
 (data
  (((Time Real)
    ((success true) (mean 858569233) (stddev 1684432.251543825)
     (mini 856479598) (maxi 860970160) (runs 5)))
   (Size
    ((success true) (mean 743098) (stddev 0) (mini 743098) (maxi 743098)
     (runs 1)))
   ((Size Code)
    ((success true) (mean 553550) (stddev 0) (mini 553550) (maxi 553550)
     (runs 1)))
   ((Size Data)
    ((success true) (mean 189548) (stddev 0) (mini 189548) (maxi 189548)
     (runs 1)))
   ((Gc Minor_words)
    ((success true) (mean 1501298127) (stddev 0) (mini 1501298127)
     (maxi 1501298127) (runs 5)))
   ((Gc Major_words)
    ((success true) (mean 223355) (stddev 0) (mini 223355) (maxi 223355)
     (runs 5)))
   ((Gc Promoted_words)
    ((success true) (mean 223355) (stddev 0) (mini 223355) (maxi 223355)
     (runs 5)))
   ((Gc Top_heap_words)
    ((success true) (mean 565248) (stddev 0) (mini 565248) (maxi 565248)
     (runs 5)))
   ((Gc Minor_collections)
    ((success true) (mean 6131) (stddev 0) (mini 6131) (maxi 6131) (runs 5)))
   ((Gc Major_collections)
    ((success true) (mean 808) (stddev 0) (mini 808) (maxi 808) (runs 5)))
   ((Gc Compactions)
    ((success true) (mean 2) (stddev 0) (mini 2) (maxi 2) (runs 5)))
   ((Gc Heap_words)
    ((success true) (mean 73728) (stddev 0) (mini 73728) (maxi 73728)
     (runs 5)))
   ((Gc Heap_chunks)
    ((success true) (mean 1) (stddev 0) (mini 1) (maxi 1) (runs 5)))))
 (error ()))
