((success true) (name jsontrip-sample) (context_id 4.06.1+multicore+bench)
 (weight 1)
 (data
  (((Time Real)
    ((success true) (mean 17720238.6460177) (stddev 319623.67750344361)
     (mini 17204652) (maxi 18685071) (runs 226)))
   (Size
    ((success true) (mean 1656852) (stddev 0) (mini 1656852) (maxi 1656852)
     (runs 1)))
   ((Size Code)
    ((success true) (mean 1287884) (stddev 0) (mini 1287884) (maxi 1287884)
     (runs 1)))
   ((Size Data)
    ((success true) (mean 368968) (stddev 0) (mini 368968) (maxi 368968)
     (runs 1)))
   ((Gc Minor_words)
    ((success true) (mean 5379543) (stddev 0) (mini 5379543) (maxi 5379543)
     (runs 226)))
   ((Gc Major_words)
    ((success true) (mean 26923) (stddev 0) (mini 26923) (maxi 26923)
     (runs 226)))
   ((Gc Promoted_words)
    ((success true) (mean 0.0019423583006957939)
     (stddev 8.6928707162935322E-18) (mini 0.0019423583006958026)
     (maxi 0.0019423583006958026) (runs 226)))
   ((Gc Top_heap_words)
    ((success true) (mean 94607) (stddev 0) (mini 94607) (maxi 94607)
     (runs 226)))
   ((Gc Minor_collections)
    ((success true) (mean 18) (stddev 0) (mini 18) (maxi 18) (runs 226)))
   ((Gc Major_collections)
    ((success true) (mean 2) (stddev 0) (mini 2) (maxi 2) (runs 226)))
   ((Gc Heap_words)
    ((success true) (mean 94607) (stddev 0) (mini 94607) (maxi 94607)
     (runs 226)))
   ((Gc Mean_space_overhead)
    ((success true) (mean 334.90595900000085) (stddev 8.5454396289451939E-13)
     (mini 334.905959) (maxi 334.905959) (runs 226)))))
 (error ()))
