((success true) (name menhir-standard) (context_id 4.06.1+trunk+bench)
 (weight 1)
 (data
  (((Time Real)
    ((success true) (mean 8137187.513888889) (stddev 3939846.3778457618)
     (mini 7570286) (maxi 107365018) (runs 648)))
   (Size
    ((success true) (mean 3383531) (stddev 0) (mini 3383531) (maxi 3383531)
     (runs 1)))
   ((Size Code)
    ((success true) (mean 2438299) (stddev 0) (mini 2438299) (maxi 2438299)
     (runs 1)))
   ((Size Data)
    ((success true) (mean 945232) (stddev 0) (mini 945232) (maxi 945232)
     (runs 1)))
   ((Gc Minor_words)
    ((success true) (mean 1453118) (stddev 0) (mini 1453118) (maxi 1453118)
     (runs 648)))
   ((Gc Major_words)
    ((success true) (mean 278328) (stddev 0) (mini 278328) (maxi 278328)
     (runs 648)))
   ((Gc Promoted_words)
    ((success true) (mean 129502) (stddev 0) (mini 129502) (maxi 129502)
     (runs 648)))
   ((Gc Top_heap_words)
    ((success true) (mean 491520) (stddev 0) (mini 491520) (maxi 491520)
     (runs 648)))
   ((Gc Minor_collections)
    ((success true) (mean 6) (stddev 0) (mini 6) (maxi 6) (runs 648)))
   ((Gc Major_collections)
    ((success true) (mean 1) (stddev 0) (mini 1) (maxi 1) (runs 648)))
   ((Gc Compactions)
    ((success true) (mean 0) (stddev 0) (mini 0) (maxi 0) (runs 648)))
   ((Gc Heap_words)
    ((success true) (mean 491520) (stddev 0) (mini 491520) (maxi 491520)
     (runs 648)))
   ((Gc Heap_chunks)
    ((success true) (mean 1) (stddev 0) (mini 1) (maxi 1) (runs 648)))))
 (error ()))
