((success true) (name numal-k-means)
 (context_id 4.06.1+multicore+cas-promotion+bench) (weight 1)
 (data
  (((Time Real)
    ((success true) (mean 235945561.2352941) (stddev 3253208.6668376829)
     (mini 233593241) (maxi 244418971) (runs 17)))
   (Size
    ((success true) (mean 14175646) (stddev 0) (mini 14175646)
     (maxi 14175646) (runs 1)))
   ((Size Code)
    ((success true) (mean 11458674) (stddev 0) (mini 11458674)
     (maxi 11458674) (runs 1)))
   ((Size Data)
    ((success true) (mean 2716972) (stddev 0) (mini 2716972) (maxi 2716972)
     (runs 1)))
   ((Gc Minor_words)
    ((success true) (mean 103253936) (stddev 0) (mini 103253936)
     (maxi 103253936) (runs 17)))
   ((Gc Major_words)
    ((success true) (mean 535654) (stddev 0) (mini 535654) (maxi 535654)
     (runs 17)))
   ((Gc Promoted_words)
    ((success true) (mean 0.0034902204599735549) (stddev 0)
     (mini 0.0034902204599735549) (maxi 0.0034902204599735549) (runs 17)))
   ((Gc Minor_collections)
    ((success true) (mean 397) (stddev 0) (mini 397) (maxi 397) (runs 17)))
   ((Gc Major_collections)
    ((success true) (mean 2) (stddev 0) (mini 2) (maxi 2) (runs 17)))))
 (error ()))
