((success true) (name menhir-standard) (context_id 4.06.1+multicore+bench)
 (weight 1)
 (data
  (((Time Real)
    ((success true) (mean 11403898.977207977) (stddev 77052.465807986373)
     (mini 11181091) (maxi 11773116) (runs 351)))
   (Size
    ((success true) (mean 3971660) (stddev 0) (mini 3971660) (maxi 3971660)
     (runs 1)))
   ((Size Code)
    ((success true) (mean 2938012) (stddev 0) (mini 2938012) (maxi 2938012)
     (runs 1)))
   ((Size Data)
    ((success true) (mean 1033648) (stddev 0) (mini 1033648) (maxi 1033648)
     (runs 1)))
   ((Gc Minor_words)
    ((success true) (mean 2585248) (stddev 0) (mini 2585248) (maxi 2585248)
     (runs 351)))
   ((Gc Major_words)
    ((success true) (mean 242326) (stddev 0) (mini 242326) (maxi 242326)
     (runs 351)))
   ((Gc Promoted_words)
    ((success true) (mean 0.041004576736931635)
     (stddev 3.7523517511017068E-16) (mini 0.041004576736932009)
     (maxi 0.041004576736932009) (runs 351)))
   ((Gc Top_heap_words)
    ((success true) (mean 323978) (stddev 0) (mini 323978) (maxi 323978)
     (runs 351)))
   ((Gc Minor_collections)
    ((success true) (mean 4) (stddev 0) (mini 4) (maxi 4) (runs 351)))
   ((Gc Major_collections)
    ((success true) (mean 1) (stddev 0) (mini 1) (maxi 1) (runs 351)))
   ((Gc Heap_words)
    ((success true) (mean 323978) (stddev 0) (mini 323978) (maxi 323978)
     (runs 351)))
   ((Gc Mean_space_overhead)
    ((success true) (mean 0) (stddev 0) (mini 0) (maxi 0) (runs 351)))))
 (error ()))
