((success true) (name menhir-standard)
 (context_id 4.06.1+multicore+cas-promotion+bench) (weight 1)
 (data
  (((Time Real)
    ((success true) (mean 14535943.880434783) (stddev 86907.26440102281)
     (mini 14411974) (maxi 14961365) (runs 276)))
   (Size
    ((success true) (mean 4219333) (stddev 0) (mini 4219333) (maxi 4219333)
     (runs 1)))
   ((Size Code)
    ((success true) (mean 3081197) (stddev 0) (mini 3081197) (maxi 3081197)
     (runs 1)))
   ((Size Data)
    ((success true) (mean 1138136) (stddev 0) (mini 1138136) (maxi 1138136)
     (runs 1)))
   ((Gc Minor_words)
    ((success true) (mean 3109561) (stddev 0) (mini 3109561) (maxi 3109561)
     (runs 276)))
   ((Gc Major_words)
    ((success true) (mean 270151) (stddev 0) (mini 270151) (maxi 270151)
     (runs 276)))
   ((Gc Promoted_words)
    ((success true) (mean 0.042709244166620183)
     (stddev 1.1817547664542354E-16) (mini 0.0427092441666203)
     (maxi 0.0427092441666203) (runs 276)))
   ((Gc Minor_collections)
    ((success true) (mean 6) (stddev 0) (mini 6) (maxi 6) (runs 276)))
   ((Gc Major_collections)
    ((success true) (mean 1) (stddev 0) (mini 1) (maxi 1) (runs 276)))))
 (error ()))
