((success true) (name cpdf-transform) (context_id 4.06.1+multicore+bench)
 (weight 1)
 (data
  (((Time Real)
    ((success true) (mean 2174666335) (stddev 8992043.6650027446)
     (mini 2164927151) (maxi 2182653309) (runs 3)))
   (Size
    ((success true) (mean 5423839) (stddev 0) (mini 5423839) (maxi 5423839)
     (runs 1)))
   ((Size Code)
    ((success true) (mean 3568039) (stddev 0) (mini 3568039) (maxi 3568039)
     (runs 1)))
   ((Size Data)
    ((success true) (mean 1855800) (stddev 0) (mini 1855800) (maxi 1855800)
     (runs 1)))
   ((Gc Minor_words)
    ((success true) (mean 55783231) (stddev 0) (mini 55783231)
     (maxi 55783231) (runs 3)))
   ((Gc Major_words)
    ((success true) (mean 28027014) (stddev 0) (mini 28027014)
     (maxi 28027014) (runs 3)))
   ((Gc Promoted_words)
    ((success true) (mean 0.467828674176295) (stddev 6.7986997775525911E-17)
     (mini 0.46782867417629503) (maxi 0.46782867417629503) (runs 3)))
   ((Gc Minor_collections)
    ((success true) (mean 214) (stddev 0) (mini 214) (maxi 214) (runs 3)))
   ((Gc Major_collections)
    ((success true) (mean 21) (stddev 0) (mini 21) (maxi 21) (runs 3)))))
 (error ()))
