((success true) (name menhir-fancy) (context_id 4.06.1+scheduling+bench)
 (weight 1)
 (data
  (((Time Real)
    ((success true) (mean 10343391.573643411) (stddev 903994.9245947795)
     (mini 10072897) (maxi 22933669) (runs 387)))
   (Size
    ((success true) (mean 3274604) (stddev 0) (mini 3274604) (maxi 3274604)
     (runs 1)))
   ((Size Code)
    ((success true) (mean 2371292) (stddev 0) (mini 2371292) (maxi 2371292)
     (runs 1)))
   ((Size Data)
    ((success true) (mean 903312) (stddev 0) (mini 903312) (maxi 903312)
     (runs 1)))
   ((Gc Minor_words)
    ((success true) (mean 2238238) (stddev 0) (mini 2238238) (maxi 2238238)
     (runs 387)))
   ((Gc Major_words)
    ((success true) (mean 328731) (stddev 0) (mini 328731) (maxi 328731)
     (runs 387)))
   ((Gc Promoted_words)
    ((success true) (mean 179489) (stddev 0) (mini 179489) (maxi 179489)
     (runs 387)))
   ((Gc Top_heap_words)
    ((success true) (mean 491520) (stddev 0) (mini 491520) (maxi 491520)
     (runs 387)))
   ((Gc Minor_collections)
    ((success true) (mean 9) (stddev 0) (mini 9) (maxi 9) (runs 387)))
   ((Gc Major_collections)
    ((success true) (mean 1) (stddev 0) (mini 1) (maxi 1) (runs 387)))
   ((Gc Compactions)
    ((success true) (mean 0) (stddev 0) (mini 0) (maxi 0) (runs 387)))
   ((Gc Heap_words)
    ((success true) (mean 491520) (stddev 0) (mini 491520) (maxi 491520)
     (runs 387)))
   ((Gc Heap_chunks)
    ((success true) (mean 1) (stddev 0) (mini 1) (maxi 1) (runs 387)))))
 (error ()))
