((success true) (name sequence) (context_id 4.06.1+multicore-lazy+bench)
 (weight 1)
 (data
  (((Time Real)
    ((success true) (mean 818990070) (stddev 323490.2714773661)
     (mini 818625014) (maxi 819381080) (runs 5)))
   (Size
    ((success true) (mean 956587) (stddev 0) (mini 956587) (maxi 956587)
     (runs 1)))
   ((Size Code)
    ((success true) (mean 744975) (stddev 0) (mini 744975) (maxi 744975)
     (runs 1)))
   ((Size Data)
    ((success true) (mean 211612) (stddev 0) (mini 211612) (maxi 211612)
     (runs 1)))
   ((Gc Minor_words)
    ((success true) (mean 749670771) (stddev 0) (mini 749670771)
     (maxi 749670771) (runs 5)))
   ((Gc Major_words)
    ((success true) (mean 37289) (stddev 0) (mini 37289) (maxi 37289)
     (runs 5)))
   ((Gc Promoted_words)
    ((success true) (mean 37211) (stddev 0) (mini 37211) (maxi 37211)
     (runs 5)))
   ((Gc Top_heap_words)
    ((success true) (mean 32768) (stddev 0) (mini 32768) (maxi 32768)
     (runs 5)))
   ((Gc Minor_collections)
    ((success true) (mean 2853) (stddev 0) (mini 2853) (maxi 2853) (runs 5)))
   ((Gc Major_collections)
    ((success true) (mean 165) (stddev 0) (mini 165) (maxi 165) (runs 5)))
   ((Gc Heap_words)
    ((success true) (mean 32768) (stddev 0) (mini 32768) (maxi 32768)
     (runs 5)))
   ((Gc Mean_space_overhead)
    ((success true) (mean 6755.230126) (stddev 0) (mini 6755.230126)
     (maxi 6755.230126) (runs 5)))))
 (error ()))
