((success true) (name numal-durand-kerner-aberth)
 (context_id 4.06.1+multicore+bench) (weight 1)
 (data
  (((Time Real)
    ((success true) (mean 82021702.367346942) (stddev 190436.01385939037)
     (mini 81481081) (maxi 82277806) (runs 49)))
   (Size
    ((success true) (mean 948692) (stddev 0) (mini 948692) (maxi 948692)
     (runs 1)))
   ((Size Code)
    ((success true) (mean 739036) (stddev 0) (mini 739036) (maxi 739036)
     (runs 1)))
   ((Size Data)
    ((success true) (mean 209656) (stddev 0) (mini 209656) (maxi 209656)
     (runs 1)))
   ((Gc Minor_words)
    ((success true) (mean 76667112) (stddev 0) (mini 76667112)
     (maxi 76667112) (runs 49)))
   ((Gc Major_words)
    ((success true) (mean 227974) (stddev 0) (mini 227974) (maxi 227974)
     (runs 49)))
   ((Gc Promoted_words)
    ((success true) (mean 227896) (stddev 0) (mini 227896) (maxi 227896)
     (runs 49)))
   ((Gc Top_heap_words)
    ((success true) (mean 49152) (stddev 0) (mini 49152) (maxi 49152)
     (runs 49)))
   ((Gc Minor_collections)
    ((success true) (mean 290) (stddev 0) (mini 290) (maxi 290) (runs 49)))
   ((Gc Major_collections)
    ((success true) (mean 47) (stddev 0) (mini 47) (maxi 47) (runs 49)))
   ((Gc Heap_words)
    ((success true) (mean 49152) (stddev 0) (mini 49152) (maxi 49152)
     (runs 49)))
   ((Gc Mean_space_overhead)
    ((success true) (mean 656.58785500000067) (stddev 6.891898267998693E-13)
     (mini 656.587855) (maxi 656.587855) (runs 49)))))
 (error ()))
