((success true) (name menhir-list-errors) (context_id 4.06.1+multicore+bench)
 (weight 1)
 (data
  (((Time Real)
    ((success true) (mean 192537424305.5) (stddev 2306252176.1457834)
     (mini 191139920000) (maxi 195973489404) (runs 4)))
   (Size
    ((success true) (mean 4078245) (stddev 0) (mini 4078245) (maxi 4078245)
     (runs 1)))
   ((Size Code)
    ((success true) (mean 2998977) (stddev 0) (mini 2998977) (maxi 2998977)
     (runs 1)))
   ((Size Data)
    ((success true) (mean 1079268) (stddev 0) (mini 1079268) (maxi 1079268)
     (runs 1)))
   ((Gc Minor_words)
    ((success true) (mean 2358791205) (stddev 131072) (mini 2358594597)
     (maxi 2358856741) (runs 4)))
   ((Gc Major_words)
    ((success true) (mean 1131351255.75) (stddev 4892.5) (mini 1131343917)
     (maxi 1131353702) (runs 4)))
   ((Gc Promoted_words)
    ((success true) (mean 411876654.75) (stddev 4892.5) (mini 411869316)
     (maxi 411879101) (runs 4)))
   ((Gc Top_heap_words)
    ((success true) (mean 399428068) (stddev 16384) (mini 399419876)
     (maxi 399452644) (runs 4)))
   ((Gc Minor_collections)
    ((success true) (mean 9102.75) (stddev 0.5) (mini 9102) (maxi 9103)
     (runs 4)))
   ((Gc Major_collections)
    ((success true) (mean 36) (stddev 0) (mini 36) (maxi 36) (runs 4)))
   ((Gc Heap_words)
    ((success true) (mean 297355802) (stddev 16384) (mini 297347610)
     (maxi 297380378) (runs 4)))
   ((Gc Mean_space_overhead)
    ((success true) (mean 20.6348325) (stddev 0.00010861706434436016)
     (mini 20.634673) (maxi 20.634917) (runs 4)))))
 (error ()))
