((success true) (name numal-simple_access)
 (context_id 4.06.1+multicore+bench) (weight 1)
 (data
  (((Time Real)
    ((success true) (mean 2490234321) (stddev 21837594.613126189)
     (mini 2470842789) (maxi 2518761736) (runs 4)))
   (Size
    ((success true) (mean 422919) (stddev 0) (mini 422919) (maxi 422919)
     (runs 1)))
   ((Size Code)
    ((success true) (mean 330243) (stddev 0) (mini 330243) (maxi 330243)
     (runs 1)))
   ((Size Data)
    ((success true) (mean 92676) (stddev 0) (mini 92676) (maxi 92676)
     (runs 1)))
   ((Gc Minor_words)
    ((success true) (mean 207971917) (stddev 0) (mini 207971917)
     (maxi 207971917) (runs 4)))
   ((Gc Major_words)
    ((success true) (mean 192577233) (stddev 0) (mini 192577233)
     (maxi 192577233) (runs 4)))
   ((Gc Promoted_words)
    ((success true) (mean 0.82980989207307254) (stddev 0)
     (mini 0.82980989207307254) (maxi 0.82980989207307254) (runs 4)))
   ((Gc Top_heap_words)
    ((success true) (mean 192855299) (stddev 0) (mini 192855299)
     (maxi 192855299) (runs 4)))
   ((Gc Minor_collections)
    ((success true) (mean 791) (stddev 0) (mini 791) (maxi 791) (runs 4)))
   ((Gc Major_collections)
    ((success true) (mean 7) (stddev 0) (mini 7) (maxi 7) (runs 4)))
   ((Gc Heap_words)
    ((success true) (mean 192855299) (stddev 0) (mini 192855299)
     (maxi 192855299) (runs 4)))
   ((Gc Mean_space_overhead)
    ((success true) (mean 3127.309002) (stddev 0) (mini 3127.309002)
     (maxi 3127.309002) (runs 4)))))
 (error ()))
