((success true) (name almabench)
 (context_id 4.06.1+multicore+atomic-mark+bench) (weight 1)
 (data
  (((Time Real)
    ((success true) (mean 1727376288.6) (stddev 34694472.667962752)
     (mini 1710527981) (maxi 1789422337) (runs 5)))
   (Size
    ((success true) (mean 869791) (stddev 0) (mini 869791) (maxi 869791)
     (runs 1)))
   ((Size Code)
    ((success true) (mean 619315) (stddev 0) (mini 619315) (maxi 619315)
     (runs 1)))
   ((Size Data)
    ((success true) (mean 250476) (stddev 0) (mini 250476) (maxi 250476)
     (runs 1)))
   ((Gc Minor_words)
    ((success true) (mean 12771504) (stddev 0) (mini 12771504)
     (maxi 12771504) (runs 5)))
   ((Gc Major_words)
    ((success true) (mean 1065) (stddev 0) (mini 1065) (maxi 1065) (runs 5)))
   ((Gc Promoted_words)
    ((success true) (mean 7.7281422767436E-05) (stddev 0)
     (mini 7.7281422767436E-05) (maxi 7.7281422767436E-05) (runs 5)))
   ((Gc Minor_collections)
    ((success true) (mean 44) (stddev 0) (mini 44) (maxi 44) (runs 5)))
   ((Gc Major_collections)
    ((success true) (mean 3) (stddev 0) (mini 3) (maxi 3) (runs 5)))))
 (error ()))
