((success true) (name kb) (context_id 4.06.1+multicore+bench) (weight 1)
 (data
  (((Time Real)
    ((success true) (mean 467117384.44444442) (stddev 2171688.7248843415)
     (mini 465348977) (maxi 472688113) (runs 9)))
   (Size
    ((success true) (mean 862836) (stddev 0) (mini 862836) (maxi 862836)
     (runs 1)))
   ((Size Code)
    ((success true) (mean 666896) (stddev 0) (mini 666896) (maxi 666896)
     (runs 1)))
   ((Size Data)
    ((success true) (mean 195940) (stddev 0) (mini 195940) (maxi 195940)
     (runs 1)))
   ((Gc Minor_words)
    ((success true) (mean 90744306) (stddev 0) (mini 90744306)
     (maxi 90744306) (runs 9)))
   ((Gc Major_words)
    ((success true) (mean 4836364) (stddev 0) (mini 4836364) (maxi 4836364)
     (runs 9)))
   ((Gc Promoted_words)
    ((success true) (mean 0.0532957516915717) (stddev 0)
     (mini 0.0532957516915717) (maxi 0.0532957516915717) (runs 9)))
   ((Gc Top_heap_words)
    ((success true) (mean 380928) (stddev 0) (mini 380928) (maxi 380928)
     (runs 9)))
   ((Gc Minor_collections)
    ((success true) (mean 342) (stddev 0) (mini 342) (maxi 342) (runs 9)))
   ((Gc Major_collections)
    ((success true) (mean 95) (stddev 0) (mini 95) (maxi 95) (runs 9)))
   ((Gc Heap_words)
    ((success true) (mean 229376) (stddev 0) (mini 229376) (maxi 229376)
     (runs 9)))
   ((Gc Mean_space_overhead)
    ((success true) (mean 21.893423) (stddev 0) (mini 21.893423)
     (maxi 21.893423) (runs 9)))))
 (error ()))
