((success true) (name numal-rnd_access) (context_id 4.06.1+scheduling+bench)
 (weight 1)
 (data
  (((Time Real)
    ((success true) (mean 4049523087.5714288) (stddev 119560663.8851812)
     (mini 3961138482) (maxi 4270074102) (runs 7)))
   (Size
    ((success true) (mean 458110) (stddev 0) (mini 458110) (maxi 458110)
     (runs 1)))
   ((Size Code)
    ((success true) (mean 336426) (stddev 0) (mini 336426) (maxi 336426)
     (runs 1)))
   ((Size Data)
    ((success true) (mean 121684) (stddev 0) (mini 121684) (maxi 121684)
     (runs 1)))
   ((Gc Minor_words)
    ((success true) (mean 200003742.57142857) (stddev 14831.372681550672)
     (mini 199982084) (maxi 200031146) (runs 7)))
   ((Gc Major_words)
    ((success true) (mean 200000141) (stddev 0) (mini 200000141)
     (maxi 200000141) (runs 7)))
   ((Gc Promoted_words)
    ((success true) (mean 140) (stddev 0) (mini 140) (maxi 140) (runs 7)))
   ((Gc Top_heap_words)
    ((success true) (mean 360491520) (stddev 0) (mini 360491520)
     (maxi 360491520) (runs 7)))
   ((Gc Minor_collections)
    ((success true) (mean 763.14285714285711) (stddev 0.3779644730092272)
     (mini 763) (maxi 764) (runs 7)))
   ((Gc Major_collections)
    ((success true) (mean 0) (stddev 0) (mini 0) (maxi 0) (runs 7)))
   ((Gc Compactions)
    ((success true) (mean 0) (stddev 0) (mini 0) (maxi 0) (runs 7)))
   ((Gc Heap_words)
    ((success true) (mean 360491520) (stddev 0) (mini 360491520)
     (maxi 360491520) (runs 7)))
   ((Gc Heap_chunks)
    ((success true) (mean 2) (stddev 0) (mini 2) (maxi 2) (runs 7)))))
 (error ()))
