((success true) (name numal-k-means) (context_id 4.06.1+multicore+bench)
 (weight 1)
 (data
  (((Time Real)
    ((success true) (mean 89845897.577777773) (stddev 844483.05321613734)
     (mini 88719578) (maxi 92079229) (runs 45)))
   (Size
    ((success true) (mean 13667156) (stddev 0) (mini 13667156)
     (maxi 13667156) (runs 1)))
   ((Size Code)
    ((success true) (mean 11022192) (stddev 0) (mini 11022192)
     (maxi 11022192) (runs 1)))
   ((Size Data)
    ((success true) (mean 2644964) (stddev 0) (mini 2644964) (maxi 2644964)
     (runs 1)))
   ((Gc Minor_words)
    ((success true) (mean 1396818) (stddev 0) (mini 1396818) (maxi 1396818)
     (runs 45)))
   ((Gc Major_words)
    ((success true) (mean 526355) (stddev 0) (mini 526355) (maxi 526355)
     (runs 45)))
   ((Gc Promoted_words)
    ((success true) (mean 0.25134269461017839)
     (stddev 1.1227683157587077E-16) (mini 0.25134269461017827)
     (maxi 0.25134269461017827) (runs 45)))
   ((Gc Top_heap_words)
    ((success true) (mean 560227) (stddev 0) (mini 560227) (maxi 560227)
     (runs 45)))
   ((Gc Minor_collections)
    ((success true) (mean 2) (stddev 0) (mini 2) (maxi 2) (runs 45)))
   ((Gc Major_collections)
    ((success true) (mean 2) (stddev 0) (mini 2) (maxi 2) (runs 45)))
   ((Gc Heap_words)
    ((success true) (mean 560227) (stddev 0) (mini 560227) (maxi 560227)
     (runs 45)))
   ((Gc Mean_space_overhead)
    ((success true) (mean 8.3165999999999958) (stddev 3.5928586104278648E-15)
     (mini 8.3166) (maxi 8.3166) (runs 45)))))
 (error ()))
