((success true) (name sequence-cps)
 (context_id 4.08.0+optim_local_tailcalls+bench) (weight 1)
 (data
  (((Time Real)
    ((success true) (mean 882994954.83333337) (stddev 25027497.941338472)
     (mini 863343919) (maxi 929996415) (runs 6)))
   (Size
    ((success true) (mean 742309) (stddev 0) (mini 742309) (maxi 742309)
     (runs 1)))
   ((Size Code)
    ((success true) (mean 552441) (stddev 0) (mini 552441) (maxi 552441)
     (runs 1)))
   ((Size Data)
    ((success true) (mean 189868) (stddev 0) (mini 189868) (maxi 189868)
     (runs 1)))
   ((Gc Minor_words)
    ((success true) (mean 1501298438) (stddev 0) (mini 1501298438)
     (maxi 1501298438) (runs 6)))
   ((Gc Major_words)
    ((success true) (mean 220769) (stddev 0) (mini 220769) (maxi 220769)
     (runs 6)))
   ((Gc Promoted_words)
    ((success true) (mean 220769) (stddev 0) (mini 220769) (maxi 220769)
     (runs 6)))
   ((Gc Top_heap_words)
    ((success true) (mean 565248) (stddev 0) (mini 565248) (maxi 565248)
     (runs 6)))
   ((Gc Minor_collections)
    ((success true) (mean 6100) (stddev 0) (mini 6100) (maxi 6100) (runs 6)))
   ((Gc Major_collections)
    ((success true) (mean 746) (stddev 0) (mini 746) (maxi 746) (runs 6)))
   ((Gc Compactions)
    ((success true) (mean 2) (stddev 0) (mini 2) (maxi 2) (runs 6)))
   ((Gc Heap_words)
    ((success true) (mean 73728) (stddev 0) (mini 73728) (maxi 73728)
     (runs 6)))
   ((Gc Heap_chunks)
    ((success true) (mean 1) (stddev 0) (mini 1) (maxi 1) (runs 6)))))
 (error ()))
