((success true) (name numal-fft) (context_id 4.06.1+multicore+bench)
 (weight 1)
 (data
  (((Time Real)
    ((success true) (mean 2306142391.5) (stddev 324503.32270178682)
     (mini 2305912933) (maxi 2306371850) (runs 2)))
   (Size
    ((success true) (mean 817888) (stddev 0) (mini 817888) (maxi 817888)
     (runs 1)))
   ((Size Code)
    ((success true) (mean 632968) (stddev 0) (mini 632968) (maxi 632968)
     (runs 1)))
   ((Size Data)
    ((success true) (mean 184920) (stddev 0) (mini 184920) (maxi 184920)
     (runs 1)))
   ((Gc Minor_words)
    ((success true) (mean 274390355) (stddev 0) (mini 274390355)
     (maxi 274390355) (runs 2)))
   ((Gc Major_words)
    ((success true) (mean 139784459) (stddev 0) (mini 139784459)
     (maxi 139784459) (runs 2)))
   ((Gc Promoted_words)
    ((success true) (mean 134541495) (stddev 0) (mini 134541495)
     (maxi 134541495) (runs 2)))
   ((Gc Top_heap_words)
    ((success true) (mean 55193618) (stddev 0) (mini 55193618)
     (maxi 55193618) (runs 2)))
   ((Gc Minor_collections)
    ((success true) (mean 183) (stddev 0) (mini 183) (maxi 183) (runs 2)))
   ((Gc Major_collections)
    ((success true) (mean 10) (stddev 0) (mini 10) (maxi 10) (runs 2)))
   ((Gc Heap_words)
    ((success true) (mean 50319369) (stddev 0) (mini 50319369)
     (maxi 50319369) (runs 2)))
   ((Gc Mean_space_overhead)
    ((success true) (mean 38.612443) (stddev 0) (mini 38.612443)
     (maxi 38.612443) (runs 2)))))
 (error ()))
