((success true) (name kb) (context_id 4.08.0+optim_local_tailcalls+bench)
 (weight 1)
 (data
  (((Time Real)
    ((success true) (mean 437995556.5) (stddev 3612121.0117389555)
     (mini 435420459) (maxi 447306465) (runs 10)))
   (Size
    ((success true) (mean 828564) (stddev 0) (mini 828564) (maxi 828564)
     (runs 1)))
   ((Size Code)
    ((success true) (mean 619016) (stddev 0) (mini 619016) (maxi 619016)
     (runs 1)))
   ((Size Data)
    ((success true) (mean 209548) (stddev 0) (mini 209548) (maxi 209548)
     (runs 1)))
   ((Gc Minor_words)
    ((success true) (mean 90578339) (stddev 0) (mini 90578339)
     (maxi 90578339) (runs 10)))
   ((Gc Major_words)
    ((success true) (mean 4890970) (stddev 0) (mini 4890970) (maxi 4890970)
     (runs 10)))
   ((Gc Promoted_words)
    ((success true) (mean 4890970) (stddev 0) (mini 4890970) (maxi 4890970)
     (runs 10)))
   ((Gc Top_heap_words)
    ((success true) (mean 565248) (stddev 0) (mini 565248) (maxi 565248)
     (runs 10)))
   ((Gc Minor_collections)
    ((success true) (mean 382) (stddev 0) (mini 382) (maxi 382) (runs 10)))
   ((Gc Major_collections)
    ((success true) (mean 60) (stddev 0) (mini 60) (maxi 60) (runs 10)))
   ((Gc Compactions)
    ((success true) (mean 6) (stddev 0) (mini 6) (maxi 6) (runs 10)))
   ((Gc Heap_words)
    ((success true) (mean 368640) (stddev 0) (mini 368640) (maxi 368640)
     (runs 10)))
   ((Gc Heap_chunks)
    ((success true) (mean 6) (stddev 0) (mini 6) (maxi 6) (runs 10)))))
 (error ()))
