((success true) (name numal-fft) (context_id 4.06.1+multicore+bench)
 (weight 1)
 (data
  (((Time Real)
    ((success true) (mean 2331265609) (stddev 1088317.946419152)
     (mini 2330496052) (maxi 2332035166) (runs 2)))
   (Size
    ((success true) (mean 820303) (stddev 0) (mini 820303) (maxi 820303)
     (runs 1)))
   ((Size Code)
    ((success true) (mean 635371) (stddev 0) (mini 635371) (maxi 635371)
     (runs 1)))
   ((Size Data)
    ((success true) (mean 184932) (stddev 0) (mini 184932) (maxi 184932)
     (runs 1)))
   ((Gc Minor_words)
    ((success true) (mean 238383299) (stddev 0) (mini 238383299)
     (maxi 238383299) (runs 2)))
   ((Gc Major_words)
    ((success true) (mean 121780931) (stddev 0) (mini 121780931)
     (maxi 121780931) (runs 2)))
   ((Gc Promoted_words)
    ((success true) (mean 0.48886800161281435) (stddev 0)
     (mini 0.48886800161281435) (maxi 0.48886800161281435) (runs 2)))
   ((Gc Top_heap_words)
    ((success true) (mean 67207186) (stddev 0) (mini 67207186)
     (maxi 67207186) (runs 2)))
   ((Gc Minor_collections)
    ((success true) (mean 159) (stddev 0) (mini 159) (maxi 159) (runs 2)))
   ((Gc Major_collections)
    ((success true) (mean 7) (stddev 0) (mini 7) (maxi 7) (runs 2)))
   ((Gc Heap_words)
    ((success true) (mean 65826834) (stddev 0) (mini 65826834)
     (maxi 65826834) (runs 2)))))
 (error ()))
