((success true) (name numal-lu-decomposition)
 (context_id 4.08.0+trunk+flambda+bench) (weight 1)
 (data
  (((Time Real)
    ((success true) (mean 621910246.85714281) (stddev 7347701.6725435629)
     (mini 617798698) (maxi 637165254) (runs 7)))
   (Size
    ((success true) (mean 1829067) (stddev 0) (mini 1829067) (maxi 1829067)
     (runs 1)))
   ((Size Code)
    ((success true) (mean 1167279) (stddev 0) (mini 1167279) (maxi 1167279)
     (runs 1)))
   ((Size Data)
    ((success true) (mean 661788) (stddev 0) (mini 661788) (maxi 661788)
     (runs 1)))
   ((Gc Minor_words)
    ((success true) (mean 541618598) (stddev 0) (mini 541618598)
     (maxi 541618598) (runs 7)))
   ((Gc Major_words)
    ((success true) (mean 7716865) (stddev 0) (mini 7716865) (maxi 7716865)
     (runs 7)))
   ((Gc Promoted_words)
    ((success true) (mean 239387) (stddev 0) (mini 239387) (maxi 239387)
     (runs 7)))
   ((Gc Top_heap_words)
    ((success true) (mean 8068096) (stddev 0) (mini 8068096) (maxi 8068096)
     (runs 7)))
   ((Gc Minor_collections)
    ((success true) (mean 2095) (stddev 0) (mini 2095) (maxi 2095) (runs 7)))
   ((Gc Major_collections)
    ((success true) (mean 9) (stddev 0) (mini 9) (maxi 9) (runs 7)))
   ((Gc Compactions)
    ((success true) (mean 0) (stddev 0) (mini 0) (maxi 0) (runs 7)))
   ((Gc Heap_words)
    ((success true) (mean 8068096) (stddev 0) (mini 8068096) (maxi 8068096)
     (runs 7)))
   ((Gc Heap_chunks)
    ((success true) (mean 21) (stddev 0) (mini 21) (maxi 21) (runs 7)))))
 (error ()))
