((success true) (name numal-k-means)
 (context_id 4.06.1+multicore+scheduling+bench) (weight 1)
 (data
  (((Time Real)
    ((success true) (mean 89933886.622222215) (stddev 864417.082441906)
     (mini 88354406) (maxi 91126560) (runs 45)))
   (Size
    ((success true) (mean 13645391) (stddev 0) (mini 13645391)
     (maxi 13645391) (runs 1)))
   ((Size Code)
    ((success true) (mean 11005995) (stddev 0) (mini 11005995)
     (maxi 11005995) (runs 1)))
   ((Size Data)
    ((success true) (mean 2639396) (stddev 0) (mini 2639396) (maxi 2639396)
     (runs 1)))
   ((Gc Minor_words)
    ((success true) (mean 2563666) (stddev 0) (mini 2563666) (maxi 2563666)
     (runs 45)))
   ((Gc Major_words)
    ((success true) (mean 526364) (stddev 0) (mini 526364) (maxi 526364)
     (runs 45)))
   ((Gc Promoted_words)
    ((success true) (mean 0.13694802677103809)
     (stddev 5.6138415787935387E-17) (mini 0.13694802677103804)
     (maxi 0.13694802677103804) (runs 45)))
   ((Gc Top_heap_words)
    ((success true) (mean 564323) (stddev 0) (mini 564323) (maxi 564323)
     (runs 45)))
   ((Gc Minor_collections)
    ((success true) (mean 2) (stddev 0) (mini 2) (maxi 2) (runs 45)))
   ((Gc Major_collections)
    ((success true) (mean 2) (stddev 0) (mini 2) (maxi 2) (runs 45)))
   ((Gc Heap_words)
    ((success true) (mean 564323) (stddev 0) (mini 564323) (maxi 564323)
     (runs 45)))
   ((Gc Mean_space_overhead)
    ((success true) (mean 11.477460000000006) (stddev 5.3892879156417975E-15)
     (mini 11.47746) (maxi 11.47746) (runs 45)))))
 (error ()))
