((success true) (name numal-durand-kerner-aberth)
 (context_id 4.06.1+trunk+bench) (weight 1)
 (data
  (((Time Real)
    ((success true) (mean 77018216) (stddev 236373.81945014762)
     (mini 76486479) (maxi 77581072) (runs 52)))
   (Size
    ((success true) (mean 844422) (stddev 0) (mini 844422) (maxi 844422)
     (runs 1)))
   ((Size Code)
    ((success true) (mean 634322) (stddev 0) (mini 634322) (maxi 634322)
     (runs 1)))
   ((Size Data)
    ((success true) (mean 210100) (stddev 0) (mini 210100) (maxi 210100)
     (runs 1)))
   ((Gc Minor_words)
    ((success true) (mean 77414786) (stddev 0) (mini 77414786)
     (maxi 77414786) (runs 52)))
   ((Gc Major_words)
    ((success true) (mean 227630) (stddev 0) (mini 227630) (maxi 227630)
     (runs 52)))
   ((Gc Promoted_words)
    ((success true) (mean 227630) (stddev 0) (mini 227630) (maxi 227630)
     (runs 52)))
   ((Gc Top_heap_words)
    ((success true) (mean 565248) (stddev 0) (mini 565248) (maxi 565248)
     (runs 52)))
   ((Gc Minor_collections)
    ((success true) (mean 338) (stddev 0) (mini 338) (maxi 338) (runs 52)))
   ((Gc Major_collections)
    ((success true) (mean 85) (stddev 0) (mini 85) (maxi 85) (runs 52)))
   ((Gc Compactions)
    ((success true) (mean 2) (stddev 0) (mini 2) (maxi 2) (runs 52)))
   ((Gc Heap_words)
    ((success true) (mean 73728) (stddev 0) (mini 73728) (maxi 73728)
     (runs 52)))
   ((Gc Heap_chunks)
    ((success true) (mean 1) (stddev 0) (mini 1) (maxi 1) (runs 52)))))
 (error ()))
