((success true) (name kb-no-exc) (context_id 4.06.1+multicore+bench)
 (weight 1)
 (data
  (((Time Real)
    ((success true) (mean 296212579.64285713) (stddev 2864816.5546796997)
     (mini 293898727) (maxi 304688057) (runs 14)))
   (Size
    ((success true) (mean 864516) (stddev 0) (mini 864516) (maxi 864516)
     (runs 1)))
   ((Size Code)
    ((success true) (mean 667852) (stddev 0) (mini 667852) (maxi 667852)
     (runs 1)))
   ((Size Data)
    ((success true) (mean 196664) (stddev 0) (mini 196664) (maxi 196664)
     (runs 1)))
   ((Gc Minor_words)
    ((success true) (mean 37609470) (stddev 0) (mini 37609470)
     (maxi 37609470) (runs 14)))
   ((Gc Major_words)
    ((success true) (mean 4644408) (stddev 0) (mini 4644408) (maxi 4644408)
     (runs 14)))
   ((Gc Promoted_words)
    ((success true) (mean 4644330) (stddev 0) (mini 4644330) (maxi 4644330)
     (runs 14)))
   ((Gc Top_heap_words)
    ((success true) (mean 507904) (stddev 0) (mini 507904) (maxi 507904)
     (runs 14)))
   ((Gc Minor_collections)
    ((success true) (mean 143) (stddev 0) (mini 143) (maxi 143) (runs 14)))
   ((Gc Major_collections)
    ((success true) (mean 57) (stddev 0) (mini 57) (maxi 57) (runs 14)))
   ((Gc Heap_words)
    ((success true) (mean 270336) (stddev 0) (mini 270336) (maxi 270336)
     (runs 14)))
   ((Gc Mean_space_overhead)
    ((success true) (mean 79.952563000000026) (stddev 2.9494601771078283E-14)
     (mini 79.952563) (maxi 79.952563) (runs 14)))))
 (error ()))
