((success true) (name numal-rnd_access) (context_id 4.06.1+trunk+bench)
 (weight 1)
 (data
  (((Time Real)
    ((success true) (mean 6585181374.666667) (stddev 15937459.695990147)
     (mini 6566791927) (maxi 6594987476) (runs 3)))
   (Size
    ((success true) (mean 458023) (stddev 0) (mini 458023) (maxi 458023)
     (runs 1)))
   ((Size Code)
    ((success true) (mean 336339) (stddev 0) (mini 336339) (maxi 336339)
     (runs 1)))
   ((Size Data)
    ((success true) (mean 121684) (stddev 0) (mini 121684) (maxi 121684)
     (runs 1)))
   ((Gc Minor_words)
    ((success true) (mean 200001284.66666666) (stddev 8914.2345343463639)
     (mini 199991316) (maxi 200008490) (runs 3)))
   ((Gc Major_words)
    ((success true) (mean 200000141) (stddev 0) (mini 200000141)
     (maxi 200000141) (runs 3)))
   ((Gc Promoted_words)
    ((success true) (mean 6.9999550462262244E-07)
     (stddev 3.120000459599144E-11) (mini 6.9997028626134817E-07)
     (maxi 7.0003039531976479E-07) (runs 3)))
   ((Gc Top_heap_words)
    ((success true) (mean 360491520) (stddev 0) (mini 360491520)
     (maxi 360491520) (runs 3)))
   ((Gc Minor_collections)
    ((success true) (mean 763) (stddev 0) (mini 763) (maxi 763) (runs 3)))
   ((Gc Major_collections)
    ((success true) (mean 0) (stddev 0) (mini 0) (maxi 0) (runs 3)))
   ((Gc Compactions)
    ((success true) (mean 0) (stddev 0) (mini 0) (maxi 0) (runs 3)))
   ((Gc Heap_words)
    ((success true) (mean 360491520) (stddev 0) (mini 360491520)
     (maxi 360491520) (runs 3)))
   ((Gc Heap_chunks)
    ((success true) (mean 2) (stddev 0) (mini 2) (maxi 2) (runs 3)))))
 (error ()))
