((success true) (name setrip-smallbuf) (context_id 4.06.1+multicore+bench)
 (weight 1)
 (data
  (((Time Real)
    ((success true) (mean 978525250.2) (stddev 3086019.7554131439)
     (mini 973461872) (maxi 981886626) (runs 5)))
   (Size
    ((success true) (mean 1366828) (stddev 0) (mini 1366828) (maxi 1366828)
     (runs 1)))
   ((Size Code)
    ((success true) (mean 1066564) (stddev 0) (mini 1066564) (maxi 1066564)
     (runs 1)))
   ((Size Data)
    ((success true) (mean 300264) (stddev 0) (mini 300264) (maxi 300264)
     (runs 1)))
   ((Gc Minor_words)
    ((success true) (mean 168990139) (stddev 0) (mini 168990139)
     (maxi 168990139) (runs 5)))
   ((Gc Major_words)
    ((success true) (mean 13213) (stddev 0) (mini 13213) (maxi 13213)
     (runs 5)))
   ((Gc Promoted_words)
    ((success true) (mean 2.9196969889467933E-05)
     (stddev 3.788046498485219E-21) (mini 2.9196969889467929E-05)
     (maxi 2.9196969889467929E-05) (runs 5)))
   ((Gc Top_heap_words)
    ((success true) (mean 65539) (stddev 0) (mini 65539) (maxi 65539)
     (runs 5)))
   ((Gc Minor_collections)
    ((success true) (mean 637) (stddev 0) (mini 637) (maxi 637) (runs 5)))
   ((Gc Major_collections)
    ((success true) (mean 21) (stddev 0) (mini 21) (maxi 21) (runs 5)))
   ((Gc Heap_words)
    ((success true) (mean 65539) (stddev 0) (mini 65539) (maxi 65539)
     (runs 5)))))
 (error ()))
