((success true) (name kb) (context_id 4.06.1+multicore+bench) (weight 1)
 (data
  (((Time Real)
    ((success true) (mean 461255151.55555558) (stddev 3119908.6356284181)
     (mini 458199821) (maxi 468268880) (runs 9)))
   (Size
    ((success true) (mean 864299) (stddev 0) (mini 864299) (maxi 864299)
     (runs 1)))
   ((Size Code)
    ((success true) (mean 668335) (stddev 0) (mini 668335) (maxi 668335)
     (runs 1)))
   ((Size Data)
    ((success true) (mean 195964) (stddev 0) (mini 195964) (maxi 195964)
     (runs 1)))
   ((Gc Minor_words)
    ((success true) (mean 90482164) (stddev 0) (mini 90482164)
     (maxi 90482164) (runs 9)))
   ((Gc Major_words)
    ((success true) (mean 4817857) (stddev 0) (mini 4817857) (maxi 4817857)
     (runs 9)))
   ((Gc Promoted_words)
    ((success true) (mean 4817779) (stddev 0) (mini 4817779) (maxi 4817779)
     (runs 9)))
   ((Gc Top_heap_words)
    ((success true) (mean 442368) (stddev 0) (mini 442368) (maxi 442368)
     (runs 9)))
   ((Gc Minor_collections)
    ((success true) (mean 341) (stddev 0) (mini 341) (maxi 341) (runs 9)))
   ((Gc Major_collections)
    ((success true) (mean 65) (stddev 0) (mini 65) (maxi 65) (runs 9)))
   ((Gc Heap_words)
    ((success true) (mean 212992) (stddev 0) (mini 212992) (maxi 212992)
     (runs 9)))
   ((Gc Mean_space_overhead)
    ((success true) (mean 76.408037) (stddev 0) (mini 76.408037)
     (maxi 76.408037) (runs 9)))))
 (error ()))
