((success true) (name numal-rnd_access)
 (context_id 4.06.1+multicore+cas-promotion+bench) (weight 1)
 (data
  (((Time Real)
    ((success true) (mean 5513128629.5) (stddev 4524245.2556200465)
     (mini 5509929505) (maxi 5516327754) (runs 2)))
   (Size
    ((success true) (mean 593108) (stddev 0) (mini 593108) (maxi 593108)
     (runs 1)))
   ((Size Code)
    ((success true) (mean 414760) (stddev 0) (mini 414760) (maxi 414760)
     (runs 1)))
   ((Size Data)
    ((success true) (mean 178348) (stddev 0) (mini 178348) (maxi 178348)
     (runs 1)))
   ((Gc Minor_words)
    ((success true) (mean 201749298) (stddev 12614.784976368008)
     (mini 201740378) (maxi 201758218) (runs 2)))
   ((Gc Major_words)
    ((success true) (mean 200000221) (stddev 0) (mini 200000221)
     (maxi 200000221) (runs 2)))
   ((Gc Promoted_words)
    ((success true) (mean 7.0384383829471234E-07)
     (stddev 4.400926677341876E-11) (mini 7.0381271904374175E-07)
     (maxi 7.0387495754568282E-07) (runs 2)))
   ((Gc Minor_collections)
    ((success true) (mean 763) (stddev 0) (mini 763) (maxi 763) (runs 2)))
   ((Gc Major_collections)
    ((success true) (mean 1) (stddev 0) (mini 1) (maxi 1) (runs 2)))))
 (error ()))
