((success true) (name numal-durand-kerner-aberth)
 (context_id 4.06.1+multicore+atomic-mark+bench) (weight 1)
 (data
  (((Time Real)
    ((success true) (mean 86884000.765957445) (stddev 280526.97797849745)
     (mini 86261905) (maxi 87583978) (runs 47)))
   (Size
    ((success true) (mean 1037652) (stddev 0) (mini 1037652) (maxi 1037652)
     (runs 1)))
   ((Size Code)
    ((success true) (mean 763464) (stddev 0) (mini 763464) (maxi 763464)
     (runs 1)))
   ((Size Data)
    ((success true) (mean 274188) (stddev 0) (mini 274188) (maxi 274188)
     (runs 1)))
   ((Gc Minor_words)
    ((success true) (mean 77977828) (stddev 0) (mini 77977828)
     (maxi 77977828) (runs 47)))
   ((Gc Major_words)
    ((success true) (mean 231819) (stddev 0) (mini 231819) (maxi 231819)
     (runs 47)))
   ((Gc Promoted_words)
    ((success true) (mean 0.0029718832383995065)
     (stddev 3.5069555766509611E-18) (mini 0.00297188323839951)
     (maxi 0.00297188323839951) (runs 47)))
   ((Gc Minor_collections)
    ((success true) (mean 295) (stddev 0) (mini 295) (maxi 295) (runs 47)))
   ((Gc Major_collections)
    ((success true) (mean 47) (stddev 0) (mini 47) (maxi 47) (runs 47)))))
 (error ()))
