((success true) (name numal-durand-kerner-aberth)
 (context_id 4.06.1+multicore+bench) (weight 1)
 (data
  (((Time Real)
    ((success true) (mean 82843201) (stddev 258173.45016093348)
     (mini 82295320) (maxi 83871581) (runs 49)))
   (Size
    ((success true) (mean 952803) (stddev 0) (mini 952803) (maxi 952803)
     (runs 1)))
   ((Size Code)
    ((success true) (mean 743135) (stddev 0) (mini 743135) (maxi 743135)
     (runs 1)))
   ((Size Data)
    ((success true) (mean 209668) (stddev 0) (mini 209668) (maxi 209668)
     (runs 1)))
   ((Gc Minor_words)
    ((success true) (mean 77191398) (stddev 0) (mini 77191398)
     (maxi 77191398) (runs 49)))
   ((Gc Major_words)
    ((success true) (mean 229455) (stddev 0) (mini 229455) (maxi 229455)
     (runs 49)))
   ((Gc Promoted_words)
    ((success true) (mean 0.0029715357662002686)
     (stddev 1.7527003651933526E-18) (mini 0.0029715357662002703)
     (maxi 0.0029715357662002703) (runs 49)))
   ((Gc Top_heap_words)
    ((success true) (mean 53248) (stddev 0) (mini 53248) (maxi 53248)
     (runs 49)))
   ((Gc Minor_collections)
    ((success true) (mean 292) (stddev 0) (mini 292) (maxi 292) (runs 49)))
   ((Gc Major_collections)
    ((success true) (mean 43) (stddev 0) (mini 43) (maxi 43) (runs 49)))
   ((Gc Heap_words)
    ((success true) (mean 53248) (stddev 0) (mini 53248) (maxi 53248)
     (runs 49)))
   ((Gc Mean_space_overhead)
    ((success true) (mean 326.99185700000038) (stddev 4.0202739896659047E-13)
     (mini 326.991857) (maxi 326.991857) (runs 49)))))
 (error ()))
