((success true) (name kb) (context_id 4.06.1+multicore+cas-promotion+bench)
 (weight 1)
 (data
  (((Time Real)
    ((success true) (mean 525058785.125) (stddev 2050874.5958868682)
     (mini 523044710) (maxi 528973011) (runs 8)))
   (Size
    ((success true) (mean 956886) (stddev 0) (mini 956886) (maxi 956886)
     (runs 1)))
   ((Size Code)
    ((success true) (mean 689610) (stddev 0) (mini 689610) (maxi 689610)
     (runs 1)))
   ((Size Data)
    ((success true) (mean 267276) (stddev 0) (mini 267276) (maxi 267276)
     (runs 1)))
   ((Gc Minor_words)
    ((success true) (mean 91531263) (stddev 0) (mini 91531263)
     (maxi 91531263) (runs 8)))
   ((Gc Major_words)
    ((success true) (mean 4878177) (stddev 0) (mini 4878177) (maxi 4878177)
     (runs 8)))
   ((Gc Promoted_words)
    ((success true) (mean 0.053294348183527192)
     (stddev 7.4179896090271868E-18) (mini 0.0532943481835272)
     (maxi 0.0532943481835272) (runs 8)))
   ((Gc Minor_collections)
    ((success true) (mean 345) (stddev 0) (mini 345) (maxi 345) (runs 8)))
   ((Gc Major_collections)
    ((success true) (mean 179) (stddev 0) (mini 179) (maxi 179) (runs 8)))))
 (error ()))
