((success true) (name jsontrip-sample) (context_id 4.06.1+multicore+bench)
 (weight 1)
 (data
  (((Time Real)
    ((success true) (mean 18158495.438914027) (stddev 272645.35696722171)
     (mini 17652557) (maxi 18814673) (runs 221)))
   (Size
    ((success true) (mean 1656161) (stddev 0) (mini 1656161) (maxi 1656161)
     (runs 1)))
   ((Size Code)
    ((success true) (mean 1287193) (stddev 0) (mini 1287193) (maxi 1287193)
     (runs 1)))
   ((Size Data)
    ((success true) (mean 368968) (stddev 0) (mini 368968) (maxi 368968)
     (runs 1)))
   ((Gc Minor_words)
    ((success true) (mean 5641683) (stddev 0) (mini 5641683) (maxi 5641683)
     (runs 221)))
   ((Gc Major_words)
    ((success true) (mean 27553) (stddev 0) (mini 27553) (maxi 27553)
     (runs 221)))
   ((Gc Promoted_words)
    ((success true) (mean 0.0019637757031013567)
     (stddev 5.2159846779312377E-18) (mini 0.0019637757031013619)
     (maxi 0.0019637757031013619) (runs 221)))
   ((Gc Top_heap_words)
    ((success true) (mean 94607) (stddev 0) (mini 94607) (maxi 94607)
     (runs 221)))
   ((Gc Minor_collections)
    ((success true) (mean 19) (stddev 0) (mini 19) (maxi 19) (runs 221)))
   ((Gc Major_collections)
    ((success true) (mean 2) (stddev 0) (mini 2) (maxi 2) (runs 221)))
   ((Gc Heap_words)
    ((success true) (mean 94607) (stddev 0) (mini 94607) (maxi 94607)
     (runs 221)))
   ((Gc Mean_space_overhead)
    ((success true) (mean 289.08499599999919) (stddev 7.9761446765677038E-13)
     (mini 289.084996) (maxi 289.084996) (runs 221)))))
 (error ()))
