((success true) (name jsontrip-sample)
 (context_id 4.06.1+multicore+xchg-writes+bench) (weight 1)
 (data
  (((Time Real)
    ((success true) (mean 21618193.8655914) (stddev 483633.19645516027)
     (mini 20828973) (maxi 23145447) (runs 186)))
   (Size
    ((success true) (mean 1762538) (stddev 0) (mini 1762538) (maxi 1762538)
     (runs 1)))
   ((Size Code)
    ((success true) (mean 1329050) (stddev 0) (mini 1329050) (maxi 1329050)
     (runs 1)))
   ((Size Data)
    ((success true) (mean 433488) (stddev 0) (mini 433488) (maxi 433488)
     (runs 1)))
   ((Gc Minor_words)
    ((success true) (mean 7738822) (stddev 0) (mini 7738822) (maxi 7738822)
     (runs 186)))
   ((Gc Major_words)
    ((success true) (mean 29490) (stddev 0) (mini 29490) (maxi 29490)
     (runs 186)))
   ((Gc Promoted_words)
    ((success true) (mean 0.0016819097273461047)
     (stddev 4.7833653976282386E-18) (mini 0.0016819097273461)
     (maxi 0.0016819097273461) (runs 186)))
   ((Gc Minor_collections)
    ((success true) (mean 27) (stddev 0) (mini 27) (maxi 27) (runs 186)))
   ((Gc Major_collections)
    ((success true) (mean 2) (stddev 0) (mini 2) (maxi 2) (runs 186)))))
 (error ()))
