((success true) (name numal-qr-decomposition)
 (context_id 4.06.1+multicore+xchg-writes+bench) (weight 1)
 (data
  (((Time Real)
    ((success true) (mean 1311376413.25) (stddev 3669915.6956441905)
     (mini 1307974700) (maxi 1316430624) (runs 4)))
   (Size
    ((success true) (mean 1110682) (stddev 0) (mini 1110682) (maxi 1110682)
     (runs 1)))
   ((Size Code)
    ((success true) (mean 780014) (stddev 0) (mini 780014) (maxi 780014)
     (runs 1)))
   ((Size Data)
    ((success true) (mean 330668) (stddev 0) (mini 330668) (maxi 330668)
     (runs 1)))
   ((Gc Minor_words)
    ((success true) (mean 1712409570) (stddev 0) (mini 1712409570)
     (maxi 1712409570) (runs 4)))
   ((Gc Major_words)
    ((success true) (mean 2682763) (stddev 0) (mini 2682763) (maxi 2682763)
     (runs 4)))
   ((Gc Promoted_words)
    ((success true) (mean 0.0015666141132346042) (stddev 0)
     (mini 0.0015666141132346042) (maxi 0.0015666141132346042) (runs 4)))
   ((Gc Minor_collections)
    ((success true) (mean 6528) (stddev 0) (mini 6528) (maxi 6528) (runs 4)))
   ((Gc Major_collections)
    ((success true) (mean 62) (stddev 0) (mini 62) (maxi 62) (runs 4)))))
 (error ()))
