((success true) (name numal-rnd_access) (context_id 4.06.1+multicore+bench)
 (weight 1)
 (data
  (((Time Real)
    ((success true) (mean 5358581895) (stddev 621186.23620457016)
     (mini 5358142650) (maxi 5359021140) (runs 2)))
   (Size
    ((success true) (mean 516570) (stddev 0) (mini 516570) (maxi 516570)
     (runs 1)))
   ((Size Code)
    ((success true) (mean 404630) (stddev 0) (mini 404630) (maxi 404630)
     (runs 1)))
   ((Size Data)
    ((success true) (mean 111940) (stddev 0) (mini 111940) (maxi 111940)
     (runs 1)))
   ((Gc Minor_words)
    ((success true) (mean 1995456) (stddev 50153.669775999442) (mini 1959992)
     (maxi 2030920) (runs 2)))
   ((Gc Major_words)
    ((success true) (mean 200000215) (stddev 0) (mini 200000215)
     (maxi 200000215) (runs 2)))
   ((Gc Promoted_words)
    ((success true) (mean 6.8176381832336155E-05)
     (stddev 1.7135410357038345E-06) (mini 6.6964725346148546E-05)
     (maxi 6.9388038318523749E-05) (runs 2)))
   ((Gc Top_heap_words)
    ((success true) (mean 200032771) (stddev 0) (mini 200032771)
     (maxi 200032771) (runs 2)))
   ((Gc Minor_collections)
    ((success true) (mean 1) (stddev 0) (mini 1) (maxi 1) (runs 2)))
   ((Gc Major_collections)
    ((success true) (mean 1) (stddev 0) (mini 1) (maxi 1) (runs 2)))
   ((Gc Heap_words)
    ((success true) (mean 200032771) (stddev 0) (mini 200032771)
     (maxi 200032771) (runs 2)))))
 (error ()))
