((success true) (name sequence)
 (context_id 4.08.0+optim_local_tailcalls+bench) (weight 1)
 (data
  (((Time Real)
    ((success true) (mean 816645656.4) (stddev 7384083.6255570529)
     (mini 812777991) (maxi 829826935) (runs 5)))
   (Size
    ((success true) (mean 909161) (stddev 0) (mini 909161) (maxi 909161)
     (runs 1)))
   ((Size Code)
    ((success true) (mean 686589) (stddev 0) (mini 686589) (maxi 686589)
     (runs 1)))
   ((Size Data)
    ((success true) (mean 222572) (stddev 0) (mini 222572) (maxi 222572)
     (runs 1)))
   ((Gc Minor_words)
    ((success true) (mean 750492773) (stddev 0) (mini 750492773)
     (maxi 750492773) (runs 5)))
   ((Gc Major_words)
    ((success true) (mean 38070) (stddev 0) (mini 38070) (maxi 38070)
     (runs 5)))
   ((Gc Promoted_words)
    ((success true) (mean 38070) (stddev 0) (mini 38070) (maxi 38070)
     (runs 5)))
   ((Gc Top_heap_words)
    ((success true) (mean 565248) (stddev 0) (mini 565248) (maxi 565248)
     (runs 5)))
   ((Gc Minor_collections)
    ((success true) (mean 2920) (stddev 0) (mini 2920) (maxi 2920) (runs 5)))
   ((Gc Major_collections)
    ((success true) (mean 114) (stddev 0) (mini 114) (maxi 114) (runs 5)))
   ((Gc Compactions)
    ((success true) (mean 2) (stddev 0) (mini 2) (maxi 2) (runs 5)))
   ((Gc Heap_words)
    ((success true) (mean 73728) (stddev 0) (mini 73728) (maxi 73728)
     (runs 5)))
   ((Gc Heap_chunks)
    ((success true) (mean 1) (stddev 0) (mini 1) (maxi 1) (runs 5)))))
 (error ()))
