((success true) (name menhir-fancy) (context_id 4.06.1+multicore+bench)
 (weight 1)
 (data
  (((Time Real)
    ((success true) (mean 15108886.792452831) (stddev 93405.128275269948)
     (mini 14868263) (maxi 15960764) (runs 265)))
   (Size
    ((success true) (mean 3996941) (stddev 0) (mini 3996941) (maxi 3996941)
     (runs 1)))
   ((Size Code)
    ((success true) (mean 2957797) (stddev 0) (mini 2957797) (maxi 2957797)
     (runs 1)))
   ((Size Data)
    ((success true) (mean 1039144) (stddev 0) (mini 1039144) (maxi 1039144)
     (runs 1)))
   ((Gc Minor_words)
    ((success true) (mean 1371606) (stddev 0) (mini 1371606) (maxi 1371606)
     (runs 265)))
   ((Gc Major_words)
    ((success true) (mean 273054) (stddev 0) (mini 273054) (maxi 273054)
     (runs 265)))
   ((Gc Promoted_words)
    ((success true) (mean 141602) (stddev 0) (mini 141602) (maxi 141602)
     (runs 265)))
   ((Gc Top_heap_words)
    ((success true) (mean 357902) (stddev 0) (mini 357902) (maxi 357902)
     (runs 265)))
   ((Gc Minor_collections)
    ((success true) (mean 5) (stddev 0) (mini 5) (maxi 5) (runs 265)))
   ((Gc Major_collections)
    ((success true) (mean 1) (stddev 0) (mini 1) (maxi 1) (runs 265)))
   ((Gc Heap_words)
    ((success true) (mean 357902) (stddev 0) (mini 357902) (maxi 357902)
     (runs 265)))
   ((Gc Mean_space_overhead)
    ((success true) (mean 0) (stddev 0) (mini 0) (maxi 0) (runs 265)))))
 (error ()))
