((success true) (name numal-fft)
 (context_id 4.08.0+optim_local_tailcalls+flambda+bench) (weight 1)
 (data
  (((Time Real)
    ((success true) (mean 2227673402.25) (stddev 19856774.963740788)
     (mini 2207702904) (maxi 2251580152) (runs 4)))
   (Size
    ((success true) (mean 1010173) (stddev 0) (mini 1010173) (maxi 1010173)
     (runs 1)))
   ((Size Code)
    ((success true) (mean 791649) (stddev 0) (mini 791649) (maxi 791649)
     (runs 1)))
   ((Size Data)
    ((success true) (mean 218524) (stddev 0) (mini 218524) (maxi 218524)
     (runs 1)))
   ((Gc Minor_words)
    ((success true) (mean 264242334) (stddev 0) (mini 264242334)
     (maxi 264242334) (runs 4)))
   ((Gc Major_words)
    ((success true) (mean 140272129) (stddev 0) (mini 140272129)
     (maxi 140272129) (runs 4)))
   ((Gc Promoted_words)
    ((success true) (mean 135029243) (stddev 0) (mini 135029243)
     (maxi 135029243) (runs 4)))
   ((Gc Top_heap_words)
    ((success true) (mean 129609728) (stddev 0) (mini 129609728)
     (maxi 129609728) (runs 4)))
   ((Gc Minor_collections)
    ((success true) (mean 185) (stddev 0) (mini 185) (maxi 185) (runs 4)))
   ((Gc Major_collections)
    ((success true) (mean 3) (stddev 0) (mini 3) (maxi 3) (runs 4)))
   ((Gc Compactions)
    ((success true) (mean 0) (stddev 0) (mini 0) (maxi 0) (runs 4)))
   ((Gc Heap_words)
    ((success true) (mean 129609728) (stddev 0) (mini 129609728)
     (maxi 129609728) (runs 4)))
   ((Gc Heap_chunks)
    ((success true) (mean 16) (stddev 0) (mini 16) (maxi 16) (runs 4)))))
 (error ()))
