((success true) (name setrip-smallbuf) (context_id 4.06.1+scheduling+bench)
 (weight 1)
 (data
  (((Time Real)
    ((success true) (mean 908894352.2) (stddev 11358811.4402025)
     (mini 898238206) (maxi 923247708) (runs 5)))
   (Size
    ((success true) (mean 1167999) (stddev 0) (mini 1167999) (maxi 1167999)
     (runs 1)))
   ((Size Code)
    ((success true) (mean 882255) (stddev 0) (mini 882255) (maxi 882255)
     (runs 1)))
   ((Size Data)
    ((success true) (mean 285744) (stddev 0) (mini 285744) (maxi 285744)
     (runs 1)))
   ((Gc Minor_words)
    ((success true) (mean 170650261) (stddev 0) (mini 170650261)
     (maxi 170650261) (runs 5)))
   ((Gc Major_words)
    ((success true) (mean 13251) (stddev 0) (mini 13251) (maxi 13251)
     (runs 5)))
   ((Gc Promoted_words)
    ((success true) (mean 5058) (stddev 0) (mini 5058) (maxi 5058) (runs 5)))
   ((Gc Top_heap_words)
    ((success true) (mean 565248) (stddev 0) (mini 565248) (maxi 565248)
     (runs 5)))
   ((Gc Minor_collections)
    ((success true) (mean 653) (stddev 0) (mini 653) (maxi 653) (runs 5)))
   ((Gc Major_collections)
    ((success true) (mean 4) (stddev 0) (mini 4) (maxi 4) (runs 5)))
   ((Gc Compactions)
    ((success true) (mean 2) (stddev 0) (mini 2) (maxi 2) (runs 5)))
   ((Gc Heap_words)
    ((success true) (mean 73728) (stddev 0) (mini 73728) (maxi 73728)
     (runs 5)))
   ((Gc Heap_chunks)
    ((success true) (mean 1) (stddev 0) (mini 1) (maxi 1) (runs 5)))))
 (error ()))
