((success true) (name menhir-sql)
 (context_id 4.06.1+multicore+xchg-writes+bench) (weight 1)
 (data
  (((Time Real)
    ((success true) (mean 4081401332) (stddev 19137722.583184134)
     (mini 4059358436) (maxi 4093777578) (runs 3)))
   (Size
    ((success true) (mean 4141082) (stddev 0) (mini 4141082) (maxi 4141082)
     (runs 1)))
   ((Size Code)
    ((success true) (mean 3042882) (stddev 0) (mini 3042882) (maxi 3042882)
     (runs 1)))
   ((Size Data)
    ((success true) (mean 1098200) (stddev 0) (mini 1098200) (maxi 1098200)
     (runs 1)))
   ((Gc Minor_words)
    ((success true) (mean 1033056840) (stddev 0) (mini 1033056840)
     (maxi 1033056840) (runs 3)))
   ((Gc Major_words)
    ((success true) (mean 56262857) (stddev 0) (mini 56262857)
     (maxi 56262857) (runs 3)))
   ((Gc Promoted_words)
    ((success true) (mean 0.044793126775095927)
     (stddev 8.4983747219407389E-18) (mini 0.044793126775095934)
     (maxi 0.044793126775095934) (runs 3)))
   ((Gc Minor_collections)
    ((success true) (mean 3964) (stddev 0) (mini 3964) (maxi 3964) (runs 3)))
   ((Gc Major_collections)
    ((success true) (mean 40) (stddev 0) (mini 40) (maxi 40) (runs 3)))))
 (error ()))
