((success true) (name cpdf-squeeze) (context_id 4.08.0+trunk+bench)
 (weight 1)
 (data
  (((Time Real)
    ((success true) (mean 9222457127.666666) (stddev 11837766.757967584)
     (mini 9215435808) (maxi 9236124486) (runs 3)))
   (Size
    ((success true) (mean 4983733) (stddev 0) (mini 4983733) (maxi 4983733)
     (runs 1)))
   ((Size Code)
    ((success true) (mean 3181869) (stddev 0) (mini 3181869) (maxi 3181869)
     (runs 1)))
   ((Size Data)
    ((success true) (mean 1801864) (stddev 0) (mini 1801864) (maxi 1801864)
     (runs 1)))
   ((Gc Minor_words)
    ((success true) (mean 403639790) (stddev 0) (mini 403639790)
     (maxi 403639790) (runs 3)))
   ((Gc Major_words)
    ((success true) (mean 138135456) (stddev 0) (mini 138135456)
     (maxi 138135456) (runs 3)))
   ((Gc Promoted_words)
    ((success true) (mean 122464827) (stddev 0) (mini 122464827)
     (maxi 122464827) (runs 3)))
   ((Gc Top_heap_words)
    ((success true) (mean 34265088) (stddev 0) (mini 34265088)
     (maxi 34265088) (runs 3)))
   ((Gc Minor_collections)
    ((success true) (mean 1561) (stddev 0) (mini 1561) (maxi 1561) (runs 3)))
   ((Gc Major_collections)
    ((success true) (mean 33) (stddev 0) (mini 33) (maxi 33) (runs 3)))
   ((Gc Compactions)
    ((success true) (mean 1) (stddev 0) (mini 1) (maxi 1) (runs 3)))
   ((Gc Heap_words)
    ((success true) (mean 34265088) (stddev 0) (mini 34265088)
     (maxi 34265088) (runs 3)))
   ((Gc Heap_chunks)
    ((success true) (mean 30) (stddev 0) (mini 30) (maxi 30) (runs 3)))))
 (error ()))
