((success true) (name minilight) (context_id 4.08.0+trunk+bench) (weight 1)
 (data
  (((Time Real)
    ((success true) (mean 12514993434.666666) (stddev 31052487.521377191)
     (mini 12480097707) (maxi 12539580845) (runs 3)))
   (Size
    ((success true) (mean 1403748) (stddev 0) (mini 1403748) (maxi 1403748)
     (runs 1)))
   ((Size Code)
    ((success true) (mean 1072052) (stddev 0) (mini 1072052) (maxi 1072052)
     (runs 1)))
   ((Size Data)
    ((success true) (mean 331696) (stddev 0) (mini 331696) (maxi 331696)
     (runs 1)))
   ((Gc Minor_words)
    ((success true) (mean 9747433683) (stddev 0) (mini 9747433683)
     (maxi 9747433683) (runs 3)))
   ((Gc Major_words)
    ((success true) (mean 10639362) (stddev 0) (mini 10639362)
     (maxi 10639362) (runs 3)))
   ((Gc Promoted_words)
    ((success true) (mean 10622644) (stddev 0) (mini 10622644)
     (maxi 10622644) (runs 3)))
   ((Gc Top_heap_words)
    ((success true) (mean 748032) (stddev 0) (mini 748032) (maxi 748032)
     (runs 3)))
   ((Gc Minor_collections)
    ((success true) (mean 37211) (stddev 0) (mini 37211) (maxi 37211)
     (runs 3)))
   ((Gc Major_collections)
    ((success true) (mean 56) (stddev 0) (mini 56) (maxi 56) (runs 3)))
   ((Gc Compactions)
    ((success true) (mean 0) (stddev 0) (mini 0) (maxi 0) (runs 3)))
   ((Gc Heap_words)
    ((success true) (mean 748032) (stddev 0) (mini 748032) (maxi 748032)
     (runs 3)))
   ((Gc Heap_chunks)
    ((success true) (mean 4) (stddev 0) (mini 4) (maxi 4) (runs 3)))))
 (error ()))
