((success true) (name cpdf-squeeze) (context_id 4.08.0+trunk+flambda+bench)
 (weight 1)
 (data
  (((Time Real)
    ((success true) (mean 9379660215.5) (stddev 246203.97460743805)
     (mini 9379486123) (maxi 9379834308) (runs 2)))
   (Size
    ((success true) (mean 6129294) (stddev 0) (mini 6129294) (maxi 6129294)
     (runs 1)))
   ((Size Code)
    ((success true) (mean 4303550) (stddev 0) (mini 4303550) (maxi 4303550)
     (runs 1)))
   ((Size Data)
    ((success true) (mean 1825744) (stddev 0) (mini 1825744) (maxi 1825744)
     (runs 1)))
   ((Gc Minor_words)
    ((success true) (mean 397956120) (stddev 0) (mini 397956120)
     (maxi 397956120) (runs 2)))
   ((Gc Major_words)
    ((success true) (mean 139034401) (stddev 0) (mini 139034401)
     (maxi 139034401) (runs 2)))
   ((Gc Promoted_words)
    ((success true) (mean 123363772) (stddev 0) (mini 123363772)
     (maxi 123363772) (runs 2)))
   ((Gc Top_heap_words)
    ((success true) (mean 45316096) (stddev 0) (mini 45316096)
     (maxi 45316096) (runs 2)))
   ((Gc Minor_collections)
    ((success true) (mean 1541) (stddev 0) (mini 1541) (maxi 1541) (runs 2)))
   ((Gc Major_collections)
    ((success true) (mean 36) (stddev 0) (mini 36) (maxi 36) (runs 2)))
   ((Gc Compactions)
    ((success true) (mean 1) (stddev 0) (mini 1) (maxi 1) (runs 2)))
   ((Gc Heap_words)
    ((success true) (mean 45316096) (stddev 0) (mini 45316096)
     (maxi 45316096) (runs 2)))
   ((Gc Heap_chunks)
    ((success true) (mean 32) (stddev 0) (mini 32) (maxi 32) (runs 2)))))
 (error ()))
