((success true) (name lexifi-g2pp)
 (context_id 4.06.1+multicore+cas-promotion+bench) (weight 1)
 (data
  (((Time Real)
    ((success true) (mean 10081153492.6) (stddev 222599381.71434316)
     (mini 9943271913) (maxi 10461266393) (runs 5)))
   (Size
    ((success true) (mean 1100072) (stddev 0) (mini 1100072) (maxi 1100072)
     (runs 1)))
   ((Size Code)
    ((success true) (mean 794780) (stddev 0) (mini 794780) (maxi 794780)
     (runs 1)))
   ((Size Data)
    ((success true) (mean 305292) (stddev 0) (mini 305292) (maxi 305292)
     (runs 1)))
   ((Gc Minor_words)
    ((success true) (mean 1679022387) (stddev 0) (mini 1679022387)
     (maxi 1679022387) (runs 5)))
   ((Gc Major_words)
    ((success true) (mean 280760) (stddev 0) (mini 280760) (maxi 280760)
     (runs 5)))
   ((Gc Promoted_words)
    ((success true) (mean 0.00016716989730048191) (stddev 0)
     (mini 0.00016716989730048191) (maxi 0.00016716989730048191) (runs 5)))
   ((Gc Minor_collections)
    ((success true) (mean 6403) (stddev 0) (mini 6403) (maxi 6403) (runs 5)))
   ((Gc Major_collections)
    ((success true) (mean 59) (stddev 0) (mini 59) (maxi 59) (runs 5)))))
 (error ()))
