((success true) (name jsontrip-sample) (context_id 4.06.1+multicore+bench)
 (weight 1)
 (data
  (((Time Real)
    ((success true) (mean 19127206.5) (stddev 259634.22085502828)
     (mini 18701879) (maxi 19761146) (runs 210)))
   (Size
    ((success true) (mean 1762634) (stddev 0) (mini 1762634) (maxi 1762634)
     (runs 1)))
   ((Size Code)
    ((success true) (mean 1329146) (stddev 0) (mini 1329146) (maxi 1329146)
     (runs 1)))
   ((Size Data)
    ((success true) (mean 433488) (stddev 0) (mini 433488) (maxi 433488)
     (runs 1)))
   ((Gc Minor_words)
    ((success true) (mean 7738816) (stddev 0) (mini 7738816) (maxi 7738816)
     (runs 210)))
   ((Gc Major_words)
    ((success true) (mean 29456) (stddev 0) (mini 29456) (maxi 29456)
     (runs 210)))
   ((Gc Promoted_words)
    ((success true) (mean 0.0016775175944227108)
     (stddev 1.9562271522728128E-18) (mini 0.0016775175944227128)
     (maxi 0.0016775175944227128) (runs 210)))
   ((Gc Minor_collections)
    ((success true) (mean 27) (stddev 0) (mini 27) (maxi 27) (runs 210)))
   ((Gc Major_collections)
    ((success true) (mean 2) (stddev 0) (mini 2) (maxi 2) (runs 210)))))
 (error ()))
