((success true) (name kb-no-exc) (context_id 4.06.1+multicore+bench)
 (weight 1)
 (data
  (((Time Real)
    ((success true) (mean 331376073.07692307) (stddev 7490219.1034547789)
     (mini 327570612) (maxi 355597785) (runs 13)))
   (Size
    ((success true) (mean 874412) (stddev 0) (mini 874412) (maxi 874412)
     (runs 1)))
   ((Size Code)
    ((success true) (mean 669536) (stddev 0) (mini 669536) (maxi 669536)
     (runs 1)))
   ((Size Data)
    ((success true) (mean 204876) (stddev 0) (mini 204876) (maxi 204876)
     (runs 1)))
   ((Gc Minor_words)
    ((success true) (mean 37609470) (stddev 0) (mini 37609470)
     (maxi 37609470) (runs 13)))
   ((Gc Major_words)
    ((success true) (mean 4644408) (stddev 0) (mini 4644408) (maxi 4644408)
     (runs 13)))
   ((Gc Promoted_words)
    ((success true) (mean 0.12348831291693287)
     (stddev 2.8888919027332991E-17) (mini 0.12348831291693289)
     (maxi 0.12348831291693289) (runs 13)))
   ((Gc Minor_collections)
    ((success true) (mean 143) (stddev 0) (mini 143) (maxi 143) (runs 13)))
   ((Gc Major_collections)
    ((success true) (mean 123) (stddev 0) (mini 123) (maxi 123) (runs 13)))))
 (error ()))
