((success true) (name kb-no-exc)
 (context_id 4.06.1+multicore+atomic-mark+bench) (weight 1)
 (data
  (((Time Real)
    ((success true) (mean 368899642.54545456) (stddev 5250307.8700644663)
     (mini 365483969) (maxi 381616813) (runs 11)))
   (Size
    ((success true) (mean 947604) (stddev 0) (mini 947604) (maxi 947604)
     (runs 1)))
   ((Size Code)
    ((success true) (mean 686408) (stddev 0) (mini 686408) (maxi 686408)
     (runs 1)))
   ((Size Data)
    ((success true) (mean 261196) (stddev 0) (mini 261196) (maxi 261196)
     (runs 1)))
   ((Gc Minor_words)
    ((success true) (mean 37609474) (stddev 0) (mini 37609474)
     (maxi 37609474) (runs 11)))
   ((Gc Major_words)
    ((success true) (mean 4644391) (stddev 0) (mini 4644391) (maxi 4644391)
     (runs 11)))
   ((Gc Promoted_words)
    ((success true) (mean 0.12348784776942107)
     (stddev 1.4555146645863654E-17) (mini 0.12348784776942108)
     (maxi 0.12348784776942108) (runs 11)))
   ((Gc Minor_collections)
    ((success true) (mean 143) (stddev 0) (mini 143) (maxi 143) (runs 11)))
   ((Gc Major_collections)
    ((success true) (mean 123) (stddev 0) (mini 123) (maxi 123) (runs 11)))))
 (error ()))
