((success true) (name numal-simple_access)
 (context_id 4.06.1+multicore+bench) (weight 1)
 (data
  (((Time Real)
    ((success true) (mean 2598065379.75) (stddev 27353262.87976025)
     (mini 2564718357) (maxi 2627105348) (runs 4)))
   (Size
    ((success true) (mean 421654) (stddev 0) (mini 421654) (maxi 421654)
     (runs 1)))
   ((Size Code)
    ((success true) (mean 329042) (stddev 0) (mini 329042) (maxi 329042)
     (runs 1)))
   ((Size Data)
    ((success true) (mean 92612) (stddev 0) (mini 92612) (maxi 92612)
     (runs 1)))
   ((Gc Minor_words)
    ((success true) (mean 640771161) (stddev 0) (mini 640771161)
     (maxi 640771161) (runs 4)))
   ((Gc Major_words)
    ((success true) (mean 220001973) (stddev 0) (mini 220001973)
     (maxi 220001973) (runs 4)))
   ((Gc Promoted_words)
    ((success true) (mean 0.31212686552227653) (stddev 0)
     (mini 0.31212686552227653) (maxi 0.31212686552227653) (runs 4)))
   ((Gc Minor_collections)
    ((success true) (mean 2442) (stddev 0) (mini 2442) (maxi 2442) (runs 4)))
   ((Gc Major_collections)
    ((success true) (mean 7) (stddev 0) (mini 7) (maxi 7) (runs 4)))))
 (error ()))
