((success true) (name numal-fft) (context_id 4.06.1+scheduling+bench)
 (weight 1)
 (data
  (((Time Real)
    ((success true) (mean 2226381423) (stddev 13950320.14345015)
     (mini 2214128082) (maxi 2241563653) (runs 3)))
   (Size
    ((success true) (mean 746070) (stddev 0) (mini 746070) (maxi 746070)
     (runs 1)))
   ((Size Code)
    ((success true) (mean 553282) (stddev 0) (mini 553282) (maxi 553282)
     (runs 1)))
   ((Size Data)
    ((success true) (mean 192788) (stddev 0) (mini 192788) (maxi 192788)
     (runs 1)))
   ((Gc Minor_words)
    ((success true) (mean 264242360) (stddev 0) (mini 264242360)
     (maxi 264242360) (runs 3)))
   ((Gc Major_words)
    ((success true) (mean 140272145) (stddev 0) (mini 140272145)
     (maxi 140272145) (runs 3)))
   ((Gc Promoted_words)
    ((success true) (mean 135029259) (stddev 0) (mini 135029259)
     (maxi 135029259) (runs 3)))
   ((Gc Top_heap_words)
    ((success true) (mean 149051392) (stddev 0) (mini 149051392)
     (maxi 149051392) (runs 3)))
   ((Gc Minor_collections)
    ((success true) (mean 185) (stddev 0) (mini 185) (maxi 185) (runs 3)))
   ((Gc Major_collections)
    ((success true) (mean 2) (stddev 0) (mini 2) (maxi 2) (runs 3)))
   ((Gc Compactions)
    ((success true) (mean 0) (stddev 0) (mini 0) (maxi 0) (runs 3)))
   ((Gc Heap_words)
    ((success true) (mean 149051392) (stddev 0) (mini 149051392)
     (maxi 149051392) (runs 3)))
   ((Gc Heap_chunks)
    ((success true) (mean 17) (stddev 0) (mini 17) (maxi 17) (runs 3)))))
 (error ()))
