((success true) (name numal-simple_access)
 (context_id 4.06.1+multicore+bench) (weight 1)
 (data
  (((Time Real)
    ((success true) (mean 2250918308.5) (stddev 24888727.337641492)
     (mini 2234774351) (maxi 2287823560) (runs 4)))
   (Size
    ((success true) (mean 423471) (stddev 0) (mini 423471) (maxi 423471)
     (runs 1)))
   ((Size Code)
    ((success true) (mean 330827) (stddev 0) (mini 330827) (maxi 330827)
     (runs 1)))
   ((Size Data)
    ((success true) (mean 92644) (stddev 0) (mini 92644) (maxi 92644)
     (runs 1)))
   ((Gc Minor_words)
    ((success true) (mean 227632417) (stddev 0) (mini 227632417)
     (maxi 227632417) (runs 4)))
   ((Gc Major_words)
    ((success true) (mean 208961133) (stddev 0) (mini 208961133)
     (maxi 208961133) (runs 4)))
   ((Gc Promoted_words)
    ((success true) (mean 188961054) (stddev 0) (mini 188961054)
     (maxi 188961054) (runs 4)))
   ((Gc Top_heap_words)
    ((success true) (mean 209263875) (stddev 0) (mini 209263875)
     (maxi 209263875) (runs 4)))
   ((Gc Minor_collections)
    ((success true) (mean 866) (stddev 0) (mini 866) (maxi 866) (runs 4)))
   ((Gc Major_collections)
    ((success true) (mean 5) (stddev 0) (mini 5) (maxi 5) (runs 4)))
   ((Gc Heap_words)
    ((success true) (mean 209263875) (stddev 0) (mini 209263875)
     (maxi 209263875) (runs 4)))
   ((Gc Mean_space_overhead)
    ((success true) (mean 4690.892856) (stddev 0) (mini 4690.892856)
     (maxi 4690.892856) (runs 4)))))
 (error ()))
