((success true) (name menhir-sql) (context_id 4.06.1+multicore+bench)
 (weight 1)
 (data
  (((Time Real)
    ((success true) (mean 6311289827) (stddev 114746662.53650606)
     (mini 6159625897) (maxi 6427127305) (runs 5)))
   (Size
    ((success true) (mean 4219312) (stddev 0) (mini 4219312) (maxi 4219312)
     (runs 1)))
   ((Size Code)
    ((success true) (mean 3081176) (stddev 0) (mini 3081176) (maxi 3081176)
     (runs 1)))
   ((Size Data)
    ((success true) (mean 1138136) (stddev 0) (mini 1138136) (maxi 1138136)
     (runs 1)))
   ((Gc Minor_words)
    ((success true) (mean 1033056823) (stddev 0) (mini 1033056823)
     (maxi 1033056823) (runs 5)))
   ((Gc Major_words)
    ((success true) (mean 56262844) (stddev 0) (mini 56262844)
     (maxi 56262844) (runs 5)))
   ((Gc Promoted_words)
    ((success true) (mean 0.044793114928199838) (stddev 0)
     (mini 0.044793114928199838) (maxi 0.044793114928199838) (runs 5)))
   ((Gc Minor_collections)
    ((success true) (mean 3964) (stddev 0) (mini 3964) (maxi 3964) (runs 5)))
   ((Gc Major_collections)
    ((success true) (mean 40) (stddev 0) (mini 40) (maxi 40) (runs 5)))))
 (error ()))
