((success true) (name patdiff) (context_id 4.06.1+scheduling+bench)
 (weight 1)
 (data
  (((Time Real)
    ((success true) (mean 221553256.84210527) (stddev 4768329.8469703356)
     (mini 217817943) (maxi 233486821) (runs 19)))
   (Size
    ((success true) (mean 18398582) (stddev 0) (mini 18398582)
     (maxi 18398582) (runs 1)))
   ((Size Code)
    ((success true) (mean 14145694) (stddev 0) (mini 14145694)
     (maxi 14145694) (runs 1)))
   ((Size Data)
    ((success true) (mean 4252888) (stddev 0) (mini 4252888) (maxi 4252888)
     (runs 1)))
   ((Gc Minor_words)
    ((success true) (mean 36596917) (stddev 0) (mini 36596917)
     (maxi 36596917) (runs 19)))
   ((Gc Major_words)
    ((success true) (mean 8896447) (stddev 0) (mini 8896447) (maxi 8896447)
     (runs 19)))
   ((Gc Promoted_words)
    ((success true) (mean 6522407) (stddev 0) (mini 6522407) (maxi 6522407)
     (runs 19)))
   ((Gc Top_heap_words)
    ((success true) (mean 3861504) (stddev 0) (mini 3861504) (maxi 3861504)
     (runs 19)))
   ((Gc Minor_collections)
    ((success true) (mean 149) (stddev 0) (mini 149) (maxi 149) (runs 19)))
   ((Gc Major_collections)
    ((success true) (mean 10) (stddev 0) (mini 10) (maxi 10) (runs 19)))
   ((Gc Compactions)
    ((success true) (mean 1) (stddev 0) (mini 1) (maxi 1) (runs 19)))
   ((Gc Heap_words)
    ((success true) (mean 3527680) (stddev 0) (mini 3527680) (maxi 3527680)
     (runs 19)))
   ((Gc Heap_chunks)
    ((success true) (mean 9) (stddev 0) (mini 9) (maxi 9) (runs 19)))))
 (error ()))
