((success true) (name menhir-standard)
 (context_id 4.06.1+multicore+xchg-writes+bench) (weight 1)
 (data
  (((Time Real)
    ((success true) (mean 15029429.02247191) (stddev 129246.14371708097)
     (mini 14799901) (maxi 15414688) (runs 267)))
   (Size
    ((success true) (mean 4138044) (stddev 0) (mini 4138044) (maxi 4138044)
     (runs 1)))
   ((Size Code)
    ((success true) (mean 3040612) (stddev 0) (mini 3040612) (maxi 3040612)
     (runs 1)))
   ((Size Data)
    ((success true) (mean 1097432) (stddev 0) (mini 1097432) (maxi 1097432)
     (runs 1)))
   ((Gc Minor_words)
    ((success true) (mean 3109559) (stddev 0) (mini 3109559) (maxi 3109559)
     (runs 267)))
   ((Gc Major_words)
    ((success true) (mean 270149) (stddev 0) (mini 270149) (maxi 270149)
     (runs 267)))
   ((Gc Promoted_words)
    ((success true) (mean 0.042708628458247716)
     (stddev 9.7326945828828645E-17) (mini 0.042708628458247619)
     (maxi 0.042708628458247619) (runs 267)))
   ((Gc Minor_collections)
    ((success true) (mean 6) (stddev 0) (mini 6) (maxi 6) (runs 267)))
   ((Gc Major_collections)
    ((success true) (mean 1) (stddev 0) (mini 1) (maxi 1) (runs 267)))))
 (error ()))
