((success true) (name menhir-standard) (context_id 4.06.1+trunk+bench)
 (weight 1)
 (data
  (((Time Real)
    ((success true) (mean 7761892.7829457363) (stddev 63393.88298737404)
     (mini 7610008) (maxi 8090580) (runs 516)))
   (Size
    ((success true) (mean 3271407) (stddev 0) (mini 3271407) (maxi 3271407)
     (runs 1)))
   ((Size Code)
    ((success true) (mean 2368895) (stddev 0) (mini 2368895) (maxi 2368895)
     (runs 1)))
   ((Size Data)
    ((success true) (mean 902512) (stddev 0) (mini 902512) (maxi 902512)
     (runs 1)))
   ((Gc Minor_words)
    ((success true) (mean 1432099) (stddev 0) (mini 1432099) (maxi 1432099)
     (runs 516)))
   ((Gc Major_words)
    ((success true) (mean 274012) (stddev 0) (mini 274012) (maxi 274012)
     (runs 516)))
   ((Gc Promoted_words)
    ((success true) (mean 0.0875805373790494) (stddev 5.1397642959725108E-16)
     (mini 0.087580537379049916) (maxi 0.087580537379049916) (runs 516)))
   ((Gc Top_heap_words)
    ((success true) (mean 491520) (stddev 0) (mini 491520) (maxi 491520)
     (runs 516)))
   ((Gc Minor_collections)
    ((success true) (mean 5) (stddev 0) (mini 5) (maxi 5) (runs 516)))
   ((Gc Major_collections)
    ((success true) (mean 1) (stddev 0) (mini 1) (maxi 1) (runs 516)))
   ((Gc Compactions)
    ((success true) (mean 0) (stddev 0) (mini 0) (maxi 0) (runs 516)))
   ((Gc Heap_words)
    ((success true) (mean 491520) (stddev 0) (mini 491520) (maxi 491520)
     (runs 516)))
   ((Gc Heap_chunks)
    ((success true) (mean 1) (stddev 0) (mini 1) (maxi 1) (runs 516)))))
 (error ()))
