((success true) (name jsontrip-sample) (context_id 4.06.1+multicore+bench)
 (weight 1)
 (data
  (((Time Real)
    ((success true) (mean 43783002.771739133) (stddev 3440809.2129664836)
     (mini 30658550) (maxi 47828052) (runs 92)))
   (Size
    ((success true) (mean 1788606) (stddev 0) (mini 1788606) (maxi 1788606)
     (runs 1)))
   ((Size Code)
    ((success true) (mean 1341998) (stddev 0) (mini 1341998) (maxi 1341998)
     (runs 1)))
   ((Size Data)
    ((success true) (mean 446608) (stddev 0) (mini 446608) (maxi 446608)
     (runs 1)))
   ((Gc Minor_words)
    ((success true) (mean 7738818) (stddev 0) (mini 7738818) (maxi 7738818)
     (runs 92)))
   ((Gc Major_words)
    ((success true) (mean 29463) (stddev 0) (mini 29463) (maxi 29463)
     (runs 92)))
   ((Gc Promoted_words)
    ((success true) (mean 0.0016784216917880739)
     (stddev 2.1802861015573106E-19) (mini 0.0016784216917880741)
     (maxi 0.0016784216917880741) (runs 92)))
   ((Gc Minor_collections)
    ((success true) (mean 27) (stddev 0) (mini 27) (maxi 27) (runs 92)))
   ((Gc Major_collections)
    ((success true) (mean 2) (stddev 0) (mini 2) (maxi 2) (runs 92)))))
 (error ()))
