((success true) (name setrip-smallbuf) (context_id 4.06.1+trunk+bench)
 (weight 1)
 (data
  (((Time Real)
    ((success true) (mean 901230614.8) (stddev 10826559.29713765)
     (mini 882026237) (maxi 907941055) (runs 5)))
   (Size
    ((success true) (mean 1167971) (stddev 0) (mini 1167971) (maxi 1167971)
     (runs 1)))
   ((Size Code)
    ((success true) (mean 882227) (stddev 0) (mini 882227) (maxi 882227)
     (runs 1)))
   ((Size Data)
    ((success true) (mean 285744) (stddev 0) (mini 285744) (maxi 285744)
     (runs 1)))
   ((Gc Minor_words)
    ((success true) (mean 170650267) (stddev 0) (mini 170650267)
     (maxi 170650267) (runs 5)))
   ((Gc Major_words)
    ((success true) (mean 13241) (stddev 0) (mini 13241) (maxi 13241)
     (runs 5)))
   ((Gc Promoted_words)
    ((success true) (mean 5048) (stddev 0) (mini 5048) (maxi 5048) (runs 5)))
   ((Gc Top_heap_words)
    ((success true) (mean 565248) (stddev 0) (mini 565248) (maxi 565248)
     (runs 5)))
   ((Gc Minor_collections)
    ((success true) (mean 655) (stddev 0) (mini 655) (maxi 655) (runs 5)))
   ((Gc Major_collections)
    ((success true) (mean 9) (stddev 0) (mini 9) (maxi 9) (runs 5)))
   ((Gc Compactions)
    ((success true) (mean 2) (stddev 0) (mini 2) (maxi 2) (runs 5)))
   ((Gc Heap_words)
    ((success true) (mean 73728) (stddev 0) (mini 73728) (maxi 73728)
     (runs 5)))
   ((Gc Heap_chunks)
    ((success true) (mean 1) (stddev 0) (mini 1) (maxi 1) (runs 5)))))
 (error ()))
