((success true) (name frama-c-deflate) (context_id 4.06.1+trunk+bench)
 (weight 1)
 (data
  (((Time Real)
    ((success true) (mean 26373293287.333332) (stddev 99929746.5008328)
     (mini 26310115968) (maxi 26488502662) (runs 3)))
   (Size
    ((success true) (mean 14161081) (stddev 0) (mini 14161081)
     (maxi 14161081) (runs 1)))
   ((Size Code)
    ((success true) (mean 10199177) (stddev 0) (mini 10199177)
     (maxi 10199177) (runs 1)))
   ((Size Data)
    ((success true) (mean 3961904) (stddev 0) (mini 3961904) (maxi 3961904)
     (runs 1)))
   ((Gc Minor_words)
    ((success true) (mean 2473407345.3333335) (stddev 2.3094010767585114)
     (mini 2473407344) (maxi 2473407348) (runs 3)))
   ((Gc Major_words)
    ((success true) (mean 186975297) (stddev 10.583005244258363)
     (mini 186975285) (maxi 186975305) (runs 3)))
   ((Gc Promoted_words)
    ((success true) (mean 121372237) (stddev 10.583005244258363)
     (mini 121372225) (maxi 121372245) (runs 3)))
   ((Gc Top_heap_words)
    ((success true) (mean 88571904) (stddev 0) (mini 88571904)
     (maxi 88571904) (runs 3)))
   ((Gc Minor_collections)
    ((success true) (mean 9451) (stddev 0) (mini 9451) (maxi 9451) (runs 3)))
   ((Gc Major_collections)
    ((success true) (mean 24) (stddev 0) (mini 24) (maxi 24) (runs 3)))
   ((Gc Compactions)
    ((success true) (mean 0) (stddev 0) (mini 0) (maxi 0) (runs 3)))
   ((Gc Heap_words)
    ((success true) (mean 88571904) (stddev 0) (mini 88571904)
     (maxi 88571904) (runs 3)))
   ((Gc Heap_chunks)
    ((success true) (mean 22) (stddev 0) (mini 22) (maxi 22) (runs 3)))))
 (error ()))
