((success true) (name bdd) (context_id 4.06.1+multicore+bench) (weight 1)
 (data
  (((Time Real)
    ((success true) (mean 205535399.4) (stddev 1099805.2382345942)
     (mini 203678498) (maxi 207244437) (runs 20)))
   (Size
    ((success true) (mean 823859) (stddev 0) (mini 823859) (maxi 823859)
     (runs 1)))
   ((Size Code)
    ((success true) (mean 637327) (stddev 0) (mini 637327) (maxi 637327)
     (runs 1)))
   ((Size Data)
    ((success true) (mean 186532) (stddev 0) (mini 186532) (maxi 186532)
     (runs 1)))
   ((Gc Minor_words)
    ((success true) (mean 78092088) (stddev 0) (mini 78092088)
     (maxi 78092088) (runs 20)))
   ((Gc Major_words)
    ((success true) (mean 583194) (stddev 0) (mini 583194) (maxi 583194)
     (runs 20)))
   ((Gc Promoted_words)
    ((success true) (mean 0.0056885660426956438) (stddev 0)
     (mini 0.0056885660426956438) (maxi 0.0056885660426956438) (runs 20)))
   ((Gc Top_heap_words)
    ((success true) (mean 523929) (stddev 0) (mini 523929) (maxi 523929)
     (runs 20)))
   ((Gc Minor_collections)
    ((success true) (mean 291) (stddev 0) (mini 291) (maxi 291) (runs 20)))
   ((Gc Major_collections)
    ((success true) (mean 7) (stddev 0) (mini 7) (maxi 7) (runs 20)))
   ((Gc Heap_words)
    ((success true) (mean 507542) (stddev 0) (mini 507542) (maxi 507542)
     (runs 20)))))
 (error ()))
