((success true) (name numal-rnd_access) (context_id 4.06.1+trunk+bench)
 (weight 1)
 (data
  (((Time Real)
    ((success true) (mean 4012843874.3333335) (stddev 20151307.103286188)
     (mini 3990688751) (maxi 4030080824) (runs 3)))
   (Size
    ((success true) (mean 458023) (stddev 0) (mini 458023) (maxi 458023)
     (runs 1)))
   ((Size Code)
    ((success true) (mean 336339) (stddev 0) (mini 336339) (maxi 336339)
     (runs 1)))
   ((Size Data)
    ((success true) (mean 121684) (stddev 0) (mini 121684) (maxi 121684)
     (runs 1)))
   ((Gc Minor_words)
    ((success true) (mean 200014662.66666666) (stddev 15781.464359600262)
     (mini 199997786) (maxi 200029054) (runs 3)))
   ((Gc Major_words)
    ((success true) (mean 200000139) (stddev 0) (mini 200000139)
     (maxi 200000139) (runs 3)))
   ((Gc Promoted_words)
    ((success true) (mean 138) (stddev 0) (mini 138) (maxi 138) (runs 3)))
   ((Gc Top_heap_words)
    ((success true) (mean 360491520) (stddev 0) (mini 360491520)
     (maxi 360491520) (runs 3)))
   ((Gc Minor_collections)
    ((success true) (mean 763.33333333333337) (stddev 0.57735026918962573)
     (mini 763) (maxi 764) (runs 3)))
   ((Gc Major_collections)
    ((success true) (mean 0) (stddev 0) (mini 0) (maxi 0) (runs 3)))
   ((Gc Compactions)
    ((success true) (mean 0) (stddev 0) (mini 0) (maxi 0) (runs 3)))
   ((Gc Heap_words)
    ((success true) (mean 360491520) (stddev 0) (mini 360491520)
     (maxi 360491520) (runs 3)))
   ((Gc Heap_chunks)
    ((success true) (mean 2) (stddev 0) (mini 2) (maxi 2) (runs 3)))))
 (error ()))
