((success false) (name cpdf-reformat)
 (context_id 4.06.1+multicore-lazy+bench) (weight 1)
 (data
  (((Time Real)
    ((success false) (mean 7551387636) (stddev -NAN) (mini 7551387636)
     (maxi 7551387636) (runs 1)))
   (Size
    ((success true) (mean 5429569) (stddev 0) (mini 5429569) (maxi 5429569)
     (runs 1)))
   ((Size Code)
    ((success true) (mean 3573073) (stddev 0) (mini 3573073) (maxi 3573073)
     (runs 1)))
   ((Size Data)
    ((success true) (mean 1856496) (stddev 0) (mini 1856496) (maxi 1856496)
     (runs 1)))
   ((Gc Minor_words)
    ((success false) (mean 444797389) (stddev -NAN) (mini 444797389)
     (maxi 444797389) (runs 1)))
   ((Gc Major_words)
    ((success false) (mean 75226856) (stddev -NAN) (mini 75226856)
     (maxi 75226856) (runs 1)))
   ((Gc Promoted_words)
    ((success false) (mean 64637362) (stddev -NAN) (mini 64637362)
     (maxi 64637362) (runs 1)))
   ((Gc Top_heap_words)
    ((success false) (mean 30748513) (stddev -NAN) (mini 30748513)
     (maxi 30748513) (runs 1)))
   ((Gc Minor_collections)
    ((success false) (mean 1694) (stddev -NAN) (mini 1694) (maxi 1694)
     (runs 1)))
   ((Gc Major_collections)
    ((success false) (mean 29) (stddev -NAN) (mini 29) (maxi 29) (runs 1)))
   ((Gc Heap_words)
    ((success false) (mean 30609141) (stddev -NAN) (mini 30609141)
     (maxi 30609141) (runs 1)))))
 (error
  ((""
     "allocated_words: 455386883\
    \nminor_words: 444797389\
    \npromoted_words: 64637362\
    \nmajor_words: 75226856\
    \nminor_collections: 1694\
    \nmajor_collections: 29\
    \nheap_words: 30609141\
    \ntop_heap_words: 30748513\
    \n"))))
