((success true) (name kb-no-exc) (context_id 4.06.1+scheduling+bench)
 (weight 1)
 (data
  (((Time Real)
    ((success true) (mean 284078425.6) (stddev 1704620.0900839122)
     (mini 282387850) (maxi 288739130) (runs 15)))
   (Size
    ((success true) (mean 791477) (stddev 0) (mini 791477) (maxi 791477)
     (runs 1)))
   ((Size Code)
    ((success true) (mean 586625) (stddev 0) (mini 586625) (maxi 586625)
     (runs 1)))
   ((Size Data)
    ((success true) (mean 204852) (stddev 0) (mini 204852) (maxi 204852)
     (runs 1)))
   ((Gc Minor_words)
    ((success true) (mean 37503345) (stddev 0) (mini 37503345)
     (maxi 37503345) (runs 15)))
   ((Gc Major_words)
    ((success true) (mean 4671664) (stddev 0) (mini 4671664) (maxi 4671664)
     (runs 15)))
   ((Gc Promoted_words)
    ((success true) (mean 4671664) (stddev 0) (mini 4671664) (maxi 4671664)
     (runs 15)))
   ((Gc Top_heap_words)
    ((success true) (mean 628224) (stddev 0) (mini 628224) (maxi 628224)
     (runs 15)))
   ((Gc Minor_collections)
    ((success true) (mean 170) (stddev 0) (mini 170) (maxi 170) (runs 15)))
   ((Gc Major_collections)
    ((success true) (mean 43) (stddev 0) (mini 43) (maxi 43) (runs 15)))
   ((Gc Compactions)
    ((success true) (mean 6) (stddev 0) (mini 6) (maxi 6) (runs 15)))
   ((Gc Heap_words)
    ((success true) (mean 494592) (stddev 0) (mini 494592) (maxi 494592)
     (runs 15)))
   ((Gc Heap_chunks)
    ((success true) (mean 8) (stddev 0) (mini 8) (maxi 8) (runs 15)))))
 (error ()))
